01-18 04:36:09.545   582   582 D MTService-TEE: load app cardapp from /vendor/firmware_mnt/image OK
01-18 04:36:09.556   459   462 E rpmb_emmc: ----------------------------rpmb_emmc_read-----------------------------
01-18 04:36:09.569   548   548 W sound_trigger_platform: load_smlib: generate_sound_trigger_phrase_recognition_event_v3 not found. undefined symbol: generate_sound_trigger_phrase_recognition_event_v3
01-18 04:36:09.572   492   492 I zygote  : option[0]=-Xzygote
01-18 04:36:09.572   492   492 I zygote  : option[1]=-Xusetombstonedtraces
01-18 04:36:09.572   492   492 I zygote  : option[2]=exit
01-18 04:36:09.572   492   492 I zygote  : option[3]=vfprintf
01-18 04:36:09.572   492   492 I zygote  : option[4]=sensitiveThread
01-18 04:36:09.572   492   492 I zygote  : option[5]=-verbose:gc
01-18 04:36:09.572   492   492 I zygote  : option[6]=-Xms14m
01-18 04:36:09.572   492   492 I zygote  : option[7]=-Xmx256m
01-18 04:36:09.572   492   492 I zygote  : option[8]=-XX:HeapGrowthLimit=192m
01-18 04:36:09.572   492   492 I zygote  : option[9]=-XX:HeapMinFree=6m
01-18 04:36:09.572   492   492 I zygote  : option[10]=-XX:HeapMaxFree=8m
01-18 04:36:09.572   492   492 I zygote  : option[11]=-XX:HeapTargetUtilization=0.75
01-18 04:36:09.572   492   492 I zygote  : option[12]=-Xusejit:true
01-18 04:36:09.572   492   492 I zygote  : option[13]=-Xjitsaveprofilinginfo
01-18 04:36:09.572   492   492 I zygote  : option[14]=-XjdwpOptions:suspend=n,server=y
01-18 04:36:09.572   492   492 I zygote  : option[15]=-XjdwpProvider:default
01-18 04:36:09.572   492   492 I zygote  : option[16]=-Xlockprofthreshold:500
01-18 04:36:09.572   492   492 I zygote  : option[17]=-Xstackdumplockprofthreshold:5000
01-18 04:36:09.572   492   492 I zygote  : option[18]=-Ximage-compiler-option
01-18 04:36:09.572   492   492 I zygote  : option[19]=--runtime-arg
01-18 04:36:09.572   492   492 I zygote  : option[20]=-Ximage-compiler-option
01-18 04:36:09.573   492   492 I zygote  : option[21]=-Xms64m
01-18 04:36:09.573   492   492 I zygote  : option[22]=-Ximage-compiler-option
01-18 04:36:09.573   492   492 I zygote  : option[23]=--runtime-arg
01-18 04:36:09.573   492   492 I zygote  : option[24]=-Ximage-compiler-option
01-18 04:36:09.573   492   492 I zygote  : option[25]=-Xmx64m
01-18 04:36:09.573   492   492 I zygote  : option[26]=-Ximage-compiler-option
01-18 04:36:09.573   492   492 I zygote  : option[27]=--image-classes=/system/etc/preloaded-classes
01-18 04:36:09.573   492   492 I zygote  : option[28]=-Ximage-compiler-option
01-18 04:36:09.573   492   492 I zygote  : option[29]=--dirty-image-objects=/system/etc/dirty-image-objects
01-18 04:36:09.573   492   492 I zygote  : option[30]=-Xcompiler-option
01-18 04:36:09.573   548   548 D audio_hw_utils: audio_extn_utils_open_snd_mixer: snd_card_name: sdm439-sku1-snd-card
01-18 04:36:09.573   492   492 I zygote  : option[31]=--runtime-arg
01-18 04:36:09.573   492   492 I zygote  : option[32]=-Xcompiler-option
01-18 04:36:09.573   492   492 I zygote  : option[33]=-Xms64m
01-18 04:36:09.573   492   492 I zygote  : option[34]=-Xcompiler-option
01-18 04:36:09.573   548   548 D audio_hw_utils: audio_extn_utils_open_snd_mixer: Opened sound card:0
01-18 04:36:09.573   492   492 I zygote  : option[35]=--runtime-arg
01-18 04:36:09.573   492   492 I zygote  : option[36]=-Xcompiler-option
01-18 04:36:09.573   492   492 I zygote  : option[37]=-Xmx512m
01-18 04:36:09.573   492   492 I zygote  : option[38]=-Xcompiler-option
01-18 04:36:09.573   492   492 I zygote  : option[39]=-j6
01-18 04:36:09.573   492   492 I zygote  : option[40]=-Ximage-compiler-option
01-18 04:36:09.573   492   492 I zygote  : option[41]=--instruction-set-variant=cortex-a53
01-18 04:36:09.573   492   492 I zygote  : option[42]=-Xcompiler-option
01-18 04:36:09.573   492   492 I zygote  : option[43]=--instruction-set-variant=cortex-a53
01-18 04:36:09.573   492   492 I zygote  : option[44]=-Ximage-compiler-option
01-18 04:36:09.573   492   492 I zygote  : option[45]=--instruction-set-features=default
01-18 04:36:09.573   492   492 I zygote  : option[46]=-Xcompiler-option
01-18 04:36:09.573   492   492 I zygote  : option[47]=--instruction-set-features=default
01-18 04:36:09.573   492   492 I zygote  : option[48]=-Duser.locale=en-US
01-18 04:36:09.573   492   492 I zygote  : option[49]=--cpu-abilist=armeabi-v7a,armeabi
01-18 04:36:09.573   492   492 I zygote  : option[50]=-Xfingerprint:Xiaomi/olivelite/olivelite:9/PKQ1.190319.001/V11.0.7.0.PCPMIXM:user/release-keys
01-18 04:36:09.577   560   560 I SDM     : CoreInterface::CreateCore: Open interface handle = 0xa81af000
01-18 04:36:09.577   560   560 I SDM     : HWCSession::Register: Set uevent listener = 0xa81a7700
01-18 04:36:09.577   560   560 I SDM     : HWInfo::GetFirstDisplayInterfaceType: First display is internal display
01-18 04:36:09.578   560   560 I SDM     : CPUHint::Init: Invalid CPU Hint Pre-enable Window -1
01-18 04:36:09.578   560   560 I SDM     : HWDevice::GetHWPanelMaxBrightnessFromNode: Max brightness level = 2047
01-18 04:36:09.578   560   560 I SDM     : HWDevice::Init: access(/dev/graphics/fb0) successful
01-18 04:36:09.579   560   560 I SDM     : HWDevice::GetHWPanelMaxBrightnessFromNode: Max brightness level = 2047
01-18 04:36:09.579   560   560 I SDM     : HWDevice::PopulateHWPanelInfo: Device type = 0, Display Port = 1, Display Mode = 1, Device Node = 0, Is Primary = 1
01-18 04:36:09.579   560   560 I SDM     : HWDevice::PopulateHWPanelInfo: Partial Update = 0, supported roi_count =1, Dynamic FPS = 0
01-18 04:36:09.579   560   560 I SDM     : HWDevice::PopulateHWPanelInfo: Align: left = 0, width = 0, top = 0, height = 0
01-18 04:36:09.579   560   560 I SDM     : HWDevice::PopulateHWPanelInfo: ROI: min_width = 0, min_height = 0, need_merge = 0
01-18 04:36:09.579   560   560 I SDM     : HWDevice::PopulateHWPanelInfo: FPS: min = 0, max =0
01-18 04:36:09.579   560   560 I SDM     : HWDevice::PopulateHWPanelInfo: Ping Pong Split = 0
01-18 04:36:09.579   560   560 I SDM     : HWDevice::PopulateHWPanelInfo: Left Split = 0, Right Split = 0
01-18 04:36:09.580   560   560 I SDM     : HWDevice::GetHWPanelMaxBrightnessFromNode: Max brightness level = 2047
01-18 04:36:09.580   560   560 I SDM     : HWDevice::GetHWPanelMaxBrightnessFromNode: Max brightness level = 2047
01-18 04:36:09.581   560   560 W SDM     : HWDevice::GetHWPanelInfoByNode: Failed to open msm_fb_panel_info node device node 2
01-18 04:36:09.581   560   560 W SDM     : HWDevice::GetHWPanelInfoByNode: Failed to open msm_fb_panel_info node device node 3
01-18 04:36:09.581   560   560 I SDM     : HWDevice::GetHWPanelMaxBrightnessFromNode: Max brightness level = 2047
01-18 04:36:09.581   560   560 I SDM     : HWDevice::GetHWPanelMaxBrightnessFromNode: Max brightness level = 2047
01-18 04:36:09.581   560   560 W SDM     : HWDevice::GetHWPanelInfoByNode: Failed to open msm_fb_panel_info node device node 2
01-18 04:36:09.581   560   560 W SDM     : HWDevice::GetHWPanelInfoByNode: Failed to open msm_fb_panel_info node device node 3
01-18 04:36:09.581   560   560 I SDM     : StrategyImpl::SetIdleTimeoutMs: Idle timeout: active = 70, inactive = 520
01-18 04:36:09.582   560   560 W SDM     : ColorManager::CreateColorManagerProxy: PAV2 version is versions = 11, version = 11 
01-18 04:36:09.582   492   492 W zygote  : Could not reserve sentinel fault page
01-18 04:36:09.601   550   550 I ServiceManager: Waiting for service 'DisplayFeatureControl' on '/dev/binder'...
01-18 04:36:09.607   560   560 I SDM     : DisplayBase::InitializeColorModes: Number of Color Modes = 1
01-18 04:36:09.609   560   560 I SDM     : HWCDisplay::Init: Display created with id: 0
01-18 04:36:09.609   560   560 E SDM     : DisplayBase::GetColorModeAttr: Failed: Mode hal_native_identity without attribute
01-18 04:36:09.609   560   560 I SDM     : DisplayBase::SetFrameBufferConfig: New framebuffer resolution (720x1520)
01-18 04:36:09.614   570   570 I ServiceManager: Waiting for service 'DisplayFeatureQservice' on '/dev/vndbinder'...
01-18 04:36:09.632   492   492 I zygote  : VerifyImage: /system/bin/patchoat --input-image-location=/system/framework/boot.art --output-image-directory=/data/dalvik-cache/arm --instruction-set=arm --verify
01-18 04:36:09.685   653   653 E PerMgrProxy: Starting pm-proxy service
01-18 04:36:09.687   596   619 D PerMgrSrv: modem state: is off-line, add client PM-PROXY-THREAD
01-18 04:36:09.687   596   619 D PerMgrSrv: PM-PROXY-THREAD registered
01-18 04:36:09.687   653   653 D PerMgrLib: PM-PROXY-THREAD successfully registered for modem
01-18 04:36:09.687   653   653 I PerMgrProxy: Casting proxy vote for modem
01-18 04:36:09.687   653   653 D PerMgrLib: PM-PROXY-THREAD voting for modem
01-18 04:36:09.687   596   619 D PerMgrSrv: PM-PROXY-THREAD voting for modem
01-18 04:36:09.687   596   619 D PerMgrSrv: modem new state: going on-line
01-18 04:36:09.687   596   619 D PerMgrSrv: modem num voters is 1
01-18 04:36:09.687   653   653 I PerMgrProxy: pm-proxy-thread vote successful for modem
01-18 04:36:09.697   654   654 W patchoat: Could not reserve sentinel fault page
01-18 04:36:09.702   550   550 I ServiceManager: Waiting for service 'DisplayFeatureControl' on '/dev/binder'...
01-18 04:36:09.714   570   570 I ServiceManager: Waiting for service 'DisplayFeatureQservice' on '/dev/vndbinder'...
01-18 04:36:09.720   548   548 E audio_route: Control 'LSM6 Mixer TERT_MI2S_TX' doesn't exist - skipping
01-18 04:36:09.720   548   548 E audio_route: Control 'LSM7 Mixer TERT_MI2S_TX' doesn't exist - skipping
01-18 04:36:09.720   548   548 E audio_route: Control 'LSM8 Mixer TERT_MI2S_TX' doesn't exist - skipping
01-18 04:36:09.723   548   548 E audio_route: Control 'LSM6 Mixer TERT_MI2S_TX' doesn't exist - skipping
01-18 04:36:09.723   548   548 E audio_route: Control 'LSM7 Mixer TERT_MI2S_TX' doesn't exist - skipping
01-18 04:36:09.724   548   548 E audio_route: Control 'LSM8 Mixer TERT_MI2S_TX' doesn't exist - skipping
01-18 04:36:09.725   548   548 E audio_route: Control 'LSM6 Mixer TERT_MI2S_TX' doesn't exist - skipping
01-18 04:36:09.726   548   548 E audio_route: Control 'LSM7 Mixer TERT_MI2S_TX' doesn't exist - skipping
01-18 04:36:09.726   548   548 E audio_route: Control 'LSM8 Mixer TERT_MI2S_TX' doesn't exist - skipping
01-18 04:36:09.726   548   548 E audio_route: Control 'LOOPBACK Mode' doesn't exist - skipping
01-18 04:36:09.726   602   602 I ConfigStore: android::hardware::configstore::V1_0::ISurfaceFlingerConfigs::startGraphicsAllocatorService retrieved: 0
01-18 04:36:09.727   602   602 I SurfaceFlinger: Using HWComposer service: 'default'
01-18 04:36:09.727   602   602 I SurfaceFlinger: SurfaceFlinger is starting
01-18 04:36:09.730   602   602 I ConfigStore: android::hardware::configstore::V1_0::ISurfaceFlingerConfigs::vsyncEventPhaseOffsetNs retrieved: 1000000 (default)
01-18 04:36:09.730   602   602 I ConfigStore: android::hardware::configstore::V1_0::ISurfaceFlingerConfigs::vsyncSfEventPhaseOffsetNs retrieved: 1000000 (default)
01-18 04:36:09.730   602   602 I ConfigStore: android::hardware::configstore::V1_0::ISurfaceFlingerConfigs::hasSyncFramework retrieved: 1
01-18 04:36:09.730   602   602 I ConfigStore: android::hardware::configstore::V1_0::ISurfaceFlingerConfigs::presentTimeOffsetFromVSyncNs retrieved: 0
01-18 04:36:09.730   602   602 I ConfigStore: android::hardware::configstore::V1_0::ISurfaceFlingerConfigs::useHwcForRGBtoYUV retrieved: 1
01-18 04:36:09.731   602   602 I ConfigStore: android::hardware::configstore::V1_0::ISurfaceFlingerConfigs::maxVirtualDisplaySize retrieved: 0 (default)
01-18 04:36:09.731   602   602 I ConfigStore: android::hardware::configstore::V1_0::ISurfaceFlingerConfigs::useVrFlinger retrieved: 0 (default)
01-18 04:36:09.731   602   602 I ConfigStore: android::hardware::configstore::V1_0::ISurfaceFlingerConfigs::maxFrameBufferAcquiredBuffers retrieved: 3
01-18 04:36:09.732   451   451 W hwservicemanager: getTransport: Cannot find entry vendor.display.config@1.7::IDisplayConfig/default in either framework or device manifest.
01-18 04:36:09.732   602   602 I ConfigStore: android::hardware::configstore::V1_0::ISurfaceFlingerConfigs::hasWideColorDisplay retrieved: 0
01-18 04:36:09.733   602   602 I ConfigStore: android::hardware::configstore::V1_1::ISurfaceFlingerConfigs::primaryDisplayOrientation retrieved: ORIENTATION_0 (default)
01-18 04:36:09.734   602   602 I SurfaceFlinger: Disabling backpressure propagation
01-18 04:36:09.734   602   602 I SurfaceFlinger: Disabling Triple Buffering
01-18 04:36:09.734   602   602 I SurfaceFlinger: Treble testing override: 'false'
01-18 04:36:09.734   602   602 W SurfaceFlinger: Unable to open libdolphin.so: dlopen failed: library "libdolphin.so" not found.
01-18 04:36:09.735   451   451 W hwservicemanager: getTransport: Cannot find entry vendor.display.config@1.2::IDisplayConfig/default in either framework or device manifest.
01-18 04:36:09.736   451   451 W hwservicemanager: getTransport: Cannot find entry vendor.display.config@1.6::IDisplayConfig/default in either framework or device manifest.
01-18 04:36:09.736   602   602 I SurfaceFlinger: SurfaceFlinger's main thread ready to run. Initializing graphics H/W...
01-18 04:36:09.736   602   602 I SurfaceFlinger: Phase offest NS: 1000000
01-18 04:36:09.742   662   662 E libc    : Access denied finding property "ro.factory_version"
01-18 04:36:09.746   573   573 D LocSvc_LBSProxy: checkIfLocationExtendedClientExists] File Exists
01-18 04:36:09.747   573   573 I ServiceManagement: Removing namespace from process name vendor.qti.gnss@1.0-service to gnss@1.0-service.
01-18 04:36:09.748   573   573 I LocSvc_HIDL_vendor.qti.gnss@1.0-service: Registration complete for vendor.qti.gnss@1.0::ILocHidlGnss/gnss_vendor.
01-18 04:36:09.754   560   560 I SDM     : HWCDisplay::SetFrameBufferResolution: New framebuffer resolution (720x1520)
01-18 04:36:09.755   560   560 I SDM     : HWCColorManager::CreateColorManager: Successfully loaded libsdm-disp-vndapis.so
01-18 04:36:09.768   602   602 D libEGL  : loaded /vendor/lib/egl/libEGL_adreno.so
01-18 04:36:09.769   560   560 E Diag_Lib:  Diag_LSM_Init: Failed to open handle to diag driver, error = 13
01-18 04:36:09.769   560   560 I SDM     : HWCColorManager::CreateColorManager: Successfully loaded libsdm-disp-vndapis.so and libsdm-diag.so and diag_init'ed
01-18 04:36:09.770   560   560 I ServiceManagement: Removing namespace from process name android.hardware.graphics.composer@2.1-service to composer@2.1-service.
01-18 04:36:09.771   560   560 I android.hardware.graphics.composer@2.1-service: Registration complete for android.hardware.graphics.composer@2.1::IComposer/default.
01-18 04:36:09.777   651   651 I Dpps    : GetInstance: DppsServer ref count increased to 1
01-18 04:36:09.778   651   651 I Dpps    : WaitForComposer():129 Waiting for composer service init
01-18 04:36:09.780   651   651 I Dpps    : AbaContext():18 ABA context instantiation
01-18 04:36:09.780   651   651 I Dpps    : AmbientLightContext():16 AL context instantiation
01-18 04:36:09.780   651   651 I Dpps    : InitFeatureContext():93 Initialize feature context
01-18 04:36:09.780   651   651 I Dpps    : InitContext():83 display fd 6 histogram bins 256  components 1 Lut size 256 panel 0 sensor type 2
01-18 04:36:09.780   651   651 I Dpps    : OpenCommonSysfsFds():357 lcd_bl_event_fd_ is 7
01-18 04:36:09.780   651   651 I Dpps    : OpenCommonSysfsFds():366 blank_event_fd_ is 8
01-18 04:36:09.780   651   651 I Dpps    : OpenCommonSysfsFds():374 lcd_brightness_fd_ is 9
01-18 04:36:09.780   651   651 I Dpps    : InitContext():111 hist_sysfs_fd_ is 10
01-18 04:36:09.780   651   651 I Dpps    : InitContext():185 Context Initialization successfull
01-18 04:36:09.780   651   651 I Dpps    : CreateAbaThread():58 Create ABA thread
01-18 04:36:09.780   651   651 I Dpps    : CreateAbaThread():81 Create ABA thread done ret 0
01-18 04:36:09.781   651   651 I Dpps    : InitContext():71 display_fd 6, panel 0, sensor type 2 display_type 0
01-18 04:36:09.781   651   651 I Dpps    : Open():60 display node path /dev/graphics/fb0
01-18 04:36:09.781   651   651 I Dpps    : SetupPollFd():224 opening the sysfs node sys/class/graphics/fb0/show_blank_event, index 1
01-18 04:36:09.781   651   651 I Dpps    : SetupPollFd():224 opening the sysfs node sys/class/graphics/fb0/ad_bl_event, index 2
01-18 04:36:09.781   651   651 I Dpps    : SetupPollFd():224 opening the sysfs node sys/class/graphics/fb0/ad_event, index 3
01-18 04:36:09.781   651   651 I Dpps    : SelectLightSensor():532 sensor_type 2
01-18 04:36:09.781   651   651 I Dpps    : SelectLightSensor():535 sensor_type_ 2
01-18 04:36:09.781   651   651 I Dpps    : InitLightSensor():567 sensor_type_ 2
01-18 04:36:09.782   651   690 I Dpps    : ProcessAbaThread():166 ABA thread execution started
01-18 04:36:09.785   651   651 I ServiceManagement: getService: Trying again for android.frameworks.sensorservice@1.0::ISensorManager/default...
01-18 04:36:09.803   550   550 I ServiceManager: Waiting for service 'DisplayFeatureControl' on '/dev/binder'...
01-18 04:36:09.804   459   462 D rpmb_emmc: rpmb_emmc_write: blk_cnt: 2, num_rpmb_tx: 1, frames_per_tx: 2, rel_wr_cnt: 32
01-18 04:36:09.815   570   570 I ServiceManager: Waiting for service 'DisplayFeatureQservice' on '/dev/vndbinder'...
01-18 04:36:09.832   686   686 E /system/vendor/bin/adsprpcd: vendor/qcom/proprietary/commonsys-intf/adsprpc/src/adsprpcd.c:29:adsp daemon starting
01-18 04:36:09.835   695   695 I PerformanceInit:        sdk version:  28
01-18 04:36:09.835   695   695 I PerformanceInit:        malloc type:  1
01-18 04:36:09.835   695   695 I PerformanceInit:          total mem:  4
01-18 04:36:09.835   695   695 I PerformanceInit:    present cpu num:  8
01-18 04:36:09.835   695   695 I PerformanceInit: background cpu num:  2
01-18 04:36:09.835   695   695 E PerformanceInit: do not find config for sys.mem.reclaim_on_start
01-18 04:36:09.835   695   695 E PerformanceInit: do not find config for sys.mem.swappiness_on_start
01-18 04:36:09.835   695   695 E PerformanceInit: do not find config for sys.mem.reclaim_on_launcher
01-18 04:36:09.835   695   695 E PerformanceInit: do not find config for sys.mem.swappiness_on_launcher
01-18 04:36:09.835   695   695 I PerformanceInit: persist.dalvik.vm.dex2oat-threads already set as 6
01-18 04:36:09.836   548   548 W sound_trigger_platform: load_acdb: acdb_loader_send_listen_device_cal_v1 not found. undefined symbol: acdb_loader_send_listen_device_cal_v1
01-18 04:36:09.837   548   548 W sound_trigger_platform: load_acdb: acdb_loader_send_listen_lsm_cal_v1 not found. undefined symbol: acdb_loader_send_listen_lsm_cal_v1
01-18 04:36:09.847   688   688 E VM_BMS  : Unable to open BMS device
01-18 04:36:09.850   685   685 I imsrcsd : Uce Service HAL  is starting up...
01-18 04:36:09.866   679   679 D QC-time-services: Daemon:genoff_pre_init::Base = 0
01-18 04:36:09.866   679   679 D QC-time-services: Daemon:ats_rtc_init: Time read from RTC -- year = 70, month = 0,day = 18
01-18 04:36:09.877   673   708 I adbd    : initializing functionfs
01-18 04:36:09.877   673   708 I adbd    : opening control endpoint /dev/usb-ffs/adb/ep0
01-18 04:36:09.880   548   548 E platform_info: param tag only supported with CONFIG_PARAMS section
01-18 04:36:09.880   548   548 E platform_info: param tag only supported with CONFIG_PARAMS section
01-18 04:36:09.902   548   548 E audio_hw_acdb: acdb_init_v2: dlsym error undefined symbol: acdb_loader_init_v4 for acdb_loader_init_v4
01-18 04:36:09.903   679   679 D QC-time-services: Daemon ats_rtc_init: seconds = 1478170
01-18 04:36:09.903   679   679 D QC-time-services: Daemon:Value read from RTC seconds = 1478170000
01-18 04:36:09.903   679   679 D QC-time-services: Daemon:genoff_init_config: ATS_RTC initialized with rc: 0
01-18 04:36:09.903   679   679 D QC-time-services: Daemon:genoff_pre_init::Base = 1
01-18 04:36:09.903   679   679 D QC-time-services: Daemon: Storage Name: ats_1 
01-18 04:36:09.903   679   679 D QC-time-services: Daemon:Opening File: /mnt/vendor/persist/time/ats_1 /data/vendor/time/ats_1
01-18 04:36:09.903   679   679 D QC-time-services: Daemon:time_persistent_memory_opr:Genoff Read operation 
01-18 04:36:09.904   550   550 I ServiceManager: Waiting for service 'DisplayFeatureControl' on '/dev/binder'...
01-18 04:36:09.910   679   679 D QC-time-services: Daemon:Open File: /data/vendor/time/ats_1
01-18 04:36:09.915   570   570 I ServiceManager: Waiting for service 'DisplayFeatureQservice' on '/dev/vndbinder'...
01-18 04:36:09.920   679   679 D QC-time-services: Daemon:genoff_pre_init::Base = 2
01-18 04:36:09.920   679   679 D QC-time-services: Daemon: Storage Name: ats_2 
01-18 04:36:09.920   679   679 D QC-time-services: Daemon:Opening File: /mnt/vendor/persist/time/ats_2 /data/vendor/time/ats_2
01-18 04:36:09.920   679   679 D QC-time-services: Daemon:time_persistent_memory_opr:Genoff Read operation 
01-18 04:36:09.920   679   679 D QC-time-services: Daemon:Open File: /data/vendor/time/ats_2
01-18 04:36:09.921   548   548 D ACDB-LOADER: ACDB -> Load file: /vendor/etc/acdbdata/adsp_avs_config.acdb
01-18 04:36:09.921   548   548 D ACDB-LOADER: ACDB -> found 1 form factor & soundcard independant files
01-18 04:36:09.927   679   679 D QC-time-services: Daemon:genoff_pre_init::Base = 3
01-18 04:36:09.927   679   679 D QC-time-services: Daemon: Storage Name: ats_3 
01-18 04:36:09.927   679   679 D QC-time-services: Daemon:Opening File: /mnt/vendor/persist/time/ats_3 /data/vendor/time/ats_3
01-18 04:36:09.927   679   679 D QC-time-services: Daemon:time_persistent_memory_opr:Genoff Read operation 
01-18 04:36:09.927   679   679 D QC-time-services: Daemon:Open File: /data/vendor/time/ats_3
01-18 04:36:09.927   679   679 D QC-time-services: Daemon:Unable to open filefor read
01-18 04:36:09.927   679   679 D QC-time-services: Daemon:genoff_post_init:Error in accessing storage
01-18 04:36:09.927   679   679 D QC-time-services: Daemon:genoff_pre_init::Base = 4
01-18 04:36:09.927   679   679 D QC-time-services: Daemon: Storage Name: ats_4 
01-18 04:36:09.927   679   679 D QC-time-services: Daemon:Opening File: /mnt/vendor/persist/time/ats_4 /data/vendor/time/ats_4
01-18 04:36:09.927   679   679 D QC-time-services: Daemon:time_persistent_memory_opr:Genoff Read operation 
01-18 04:36:09.927   679   679 D QC-time-services: Daemon:Open File: /data/vendor/time/ats_4
01-18 04:36:09.927   679   679 D QC-time-services: Daemon:Unable to open filefor read
01-18 04:36:09.927   679   679 D QC-time-services: Daemon:genoff_post_init:Error in accessing storage
01-18 04:36:09.927   679   679 D QC-time-services: Daemon:genoff_pre_init::Base = 5
01-18 04:36:09.927   679   679 D QC-time-services: Daemon: Storage Name: ats_5 
01-18 04:36:09.927   679   679 D QC-time-services: Daemon:Opening File: /mnt/vendor/persist/time/ats_5 /data/vendor/time/ats_5
01-18 04:36:09.927   679   679 D QC-time-services: Daemon:time_persistent_memory_opr:Genoff Read operation 
01-18 04:36:09.927   679   679 D QC-time-services: Daemon:Open File: /data/vendor/time/ats_5
01-18 04:36:09.927   679   679 D QC-time-services: Daemon:Unable to open filefor read
01-18 04:36:09.927   679   679 D QC-time-services: Daemon:genoff_post_init:Error in accessing storage
01-18 04:36:09.927   679   679 D QC-time-services: Daemon:genoff_pre_init::Base = 6
01-18 04:36:09.927   679   679 D QC-time-services: Daemon: Storage Name: ats_6 
01-18 04:36:09.927   679   679 D QC-time-services: Daemon:Opening File: /mnt/vendor/persist/time/ats_6 /data/vendor/time/ats_6
01-18 04:36:09.927   679   679 D QC-time-services: Daemon:time_persistent_memory_opr:Genoff Read operation 
01-18 04:36:09.927   679   679 D QC-time-services: Daemon:Open File: /data/vendor/time/ats_6
01-18 04:36:09.927   679   679 D QC-time-services: Daemon:Unable to open filefor read
01-18 04:36:09.927   679   679 D QC-time-services: Daemon:genoff_post_init:Error in accessing storage
01-18 04:36:09.927   679   679 D QC-time-services: Daemon:genoff_pre_init::Base = 7
01-18 04:36:09.927   679   679 D QC-time-services: Daemon: Storage Name: ats_7 
01-18 04:36:09.927   679   679 D QC-time-services: Daemon:Opening File: /mnt/vendor/persist/time/ats_7 /data/vendor/time/ats_7
01-18 04:36:09.927   679   679 D QC-time-services: Daemon:time_persistent_memory_opr:Genoff Read operation 
01-18 04:36:09.928   679   679 D QC-time-services: Daemon:Open File: /data/vendor/time/ats_7
01-18 04:36:09.928   679   679 D QC-time-services: Daemon:Unable to open filefor read
01-18 04:36:09.928   679   679 D QC-time-services: Daemon:genoff_post_init:Error in accessing storage
01-18 04:36:09.928   679   679 D QC-time-services: Daemon:genoff_pre_init::Base = 8
01-18 04:36:09.928   679   679 D QC-time-services: Daemon: Storage Name: ats_8 
01-18 04:36:09.928   679   679 D QC-time-services: Daemon:Opening File: /mnt/vendor/persist/time/ats_8 /data/vendor/time/ats_8
01-18 04:36:09.928   679   679 D QC-time-services: Daemon:time_persistent_memory_opr:Genoff Read operation 
01-18 04:36:09.928   679   679 D QC-time-services: Daemon:Open File: /data/vendor/time/ats_8
01-18 04:36:09.928   679   679 D QC-time-services: Daemon:Unable to open filefor read
01-18 04:36:09.928   679   679 D QC-time-services: Daemon:genoff_post_init:Error in accessing storage
01-18 04:36:09.928   679   679 D QC-time-services: Daemon:genoff_pre_init::Base = 9
01-18 04:36:09.928   679   679 D QC-time-services: Daemon: Storage Name: ats_9 
01-18 04:36:09.928   679   679 D QC-time-services: Daemon:Opening File: /mnt/vendor/persist/time/ats_9 /data/vendor/time/ats_9
01-18 04:36:09.928   679   679 D QC-time-services: Daemon:time_persistent_memory_opr:Genoff Read operation 
01-18 04:36:09.928   679   679 D QC-time-services: Daemon:Open File: /data/vendor/time/ats_9
01-18 04:36:09.928   679   679 D QC-time-services: Daemon:Unable to open filefor read
01-18 04:36:09.928   679   679 D QC-time-services: Daemon:genoff_post_init:Error in accessing storage
01-18 04:36:09.928   679   679 D QC-time-services: Daemon:genoff_pre_init::Base = 10
01-18 04:36:09.928   679   679 D QC-time-services: Daemon: Storage Name: ats_10 
01-18 04:36:09.928   679   679 D QC-time-services: Daemon:Opening File: /mnt/vendor/persist/time/ats_10 /data/vendor/time/ats_10
01-18 04:36:09.928   679   679 D QC-time-services: Daemon:time_persistent_memory_opr:Genoff Read operation 
01-18 04:36:09.928   679   679 D QC-time-services: Daemon:Open File: /data/vendor/time/ats_10
01-18 04:36:09.928   679   679 D QC-time-services: Daemon:Unable to open filefor read
01-18 04:36:09.928   679   679 D QC-time-services: Daemon:genoff_post_init:Error in accessing storage
01-18 04:36:09.928   679   679 D QC-time-services: Daemon:genoff_pre_init::Base = 11
01-18 04:36:09.928   679   679 D QC-time-services: Daemon: Storage Name: ats_11 
01-18 04:36:09.928   679   679 D QC-time-services: Daemon:Opening File: /mnt/vendor/persist/time/ats_11 /data/vendor/time/ats_11
01-18 04:36:09.928   679   679 D QC-time-services: Daemon:time_persistent_memory_opr:Genoff Read operation 
01-18 04:36:09.928   679   679 D QC-time-services: Daemon:Open File: /data/vendor/time/ats_11
01-18 04:36:09.928   679   679 D QC-time-services: Daemon:Unable to open filefor read
01-18 04:36:09.928   679   679 D QC-time-services: Daemon:genoff_post_init:Error in accessing storage
01-18 04:36:09.928   679   679 D QC-time-services: Daemon:genoff_pre_init::Base = 12
01-18 04:36:09.928   679   679 D QC-time-services: Daemon: Storage Name: ats_12 
01-18 04:36:09.928   679   679 D QC-time-services: Daemon:Opening File: /mnt/vendor/persist/time/ats_12 /data/vendor/time/ats_12
01-18 04:36:09.928   679   679 D QC-time-services: Daemon:time_persistent_memory_opr:Genoff Read operation 
01-18 04:36:09.928   679   679 D QC-time-services: Daemon:Open File: /data/vendor/time/ats_12
01-18 04:36:09.947   679   679 D QC-time-services: Daemon:genoff_pre_init::Base = 13
01-18 04:36:09.947   679   679 D QC-time-services: Daemon: Storage Name: ats_13 
01-18 04:36:09.947   679   679 D QC-time-services: Daemon:Opening File: /mnt/vendor/persist/time/ats_13 /data/vendor/time/ats_13
01-18 04:36:09.947   679   679 D QC-time-services: Daemon:time_persistent_memory_opr:Genoff Read operation 
01-18 04:36:09.947   679   679 D QC-time-services: Daemon:Open File: /data/vendor/time/ats_13
01-18 04:36:09.947   703   703 I mediaserver: ServiceManager: 0xaf990120
01-18 04:36:09.950   686   686 V /system/vendor/bin/adsprpcd: vendor/qcom/proprietary/commonsys-intf/adsprpc/src/fastrpc_apps_user.c:1005: remote_handle_open: Successfully opened handle 0x8829d89e for '":;./\attachguestos on domain 0
01-18 04:36:09.954   679   679 D QC-time-services: Daemon:genoff_pre_init::Base = 14
01-18 04:36:09.954   679   679 D QC-time-services: Daemon: Storage Name: ats_14 
01-18 04:36:09.954   679   679 D QC-time-services: Daemon:Opening File: /mnt/vendor/persist/time/ats_14 /data/vendor/time/ats_14
01-18 04:36:09.954   679   679 D QC-time-services: Daemon:time_persistent_memory_opr:Genoff Read operation 
01-18 04:36:09.955   679   679 D QC-time-services: Daemon:Open File: /data/vendor/time/ats_14
01-18 04:36:09.955   679   679 D QC-time-services: Daemon:Unable to open filefor read
01-18 04:36:09.955   679   679 D QC-time-services: Daemon:genoff_post_init:Error in accessing storage
01-18 04:36:09.955   679   679 D QC-time-services: Daemon:genoff_pre_init::Base = 15
01-18 04:36:09.955   679   679 D QC-time-services: Daemon: Storage Name: ats_15 
01-18 04:36:09.955   679   679 D QC-time-services: Daemon:Opening File: /mnt/vendor/persist/time/ats_15 /data/vendor/time/ats_15
01-18 04:36:09.955   679   679 D QC-time-services: Daemon:time_persistent_memory_opr:Genoff Read operation 
01-18 04:36:09.955   679   679 D QC-time-services: Daemon:Open File: /data/vendor/time/ats_15
01-18 04:36:09.955   679   679 D QC-time-services: Daemon:Unable to open filefor read
01-18 04:36:09.955   679   679 D QC-time-services: Daemon:genoff_post_init:Error in accessing storage
01-18 04:36:09.955   679   679 D QC-time-services: Daemon:genoff_pre_init::Base = 16
01-18 04:36:09.955   679   679 D QC-time-services: Daemon: Storage Name: ats_16 
01-18 04:36:09.955   679   679 D QC-time-services: Daemon:Opening File: /mnt/vendor/persist/time/ats_16 /data/vendor/time/ats_16
01-18 04:36:09.955   679   679 D QC-time-services: Daemon:time_persistent_memory_opr:Genoff Read operation 
01-18 04:36:09.955   679   679 D QC-time-services: Daemon:Open File: /data/vendor/time/ats_16
01-18 04:36:09.967   721   721 I ssgqmigd: socket ANDROID_SOCKET_ssgqmig open success
01-18 04:36:09.967   721   721 I ssgqmigd: QRTR not supported
01-18 04:36:09.967   721   721 I ssgqmigd: ssgqmigd uses 27
01-18 04:36:09.971   720   720 E CLD80211: /system/vendor/bin/cnss-daemon: Could not resolve cld80211 familty id
01-18 04:36:09.976   736   736 D errimei : Let the uevent thread run for 5mins, 5min is long enough to check if the modem is crashed or not.
01-18 04:36:09.976   722   722 E ssgtzd  : dlopen failed: library "libminkdescriptor.so" not found, trying tzcom...
01-18 04:36:09.976   722   722 E ssgtzd  : Failed to open LibTZCom, going dormant
01-18 04:36:09.976   722   722 E ssgtzd  : Unable to continue, going dormant
01-18 04:36:09.981   679   679 D QC-time-services: Daemon:genoff_init_config: Other bases initilized, exiting genoff_init
01-18 04:36:09.981   679   679 D QC-time-services: Daemon:rtc_get: Time read from RTC -- MM/DD/YY HH:MM:SS0/18/70 2:36:10
01-18 04:36:09.981   679   679 D QC-time-services: Daemon rtc_get: seconds = 1478170
01-18 04:36:09.982   679   679 D QC-time-services: Daemon:Value read from RTC mseconds = 1478170000
01-18 04:36:09.982   679   679 D QC-time-services: Daemon:Value read from QTimer mseconds = 17446
01-18 04:36:09.982   679   679 D QC-time-services: Daemon:genoff_opr: Base = 1, val = 0, operation = 1
01-18 04:36:09.982   679   679 D QC-time-services: Daemon: genoff get for 1
01-18 04:36:09.982   679   679 D QC-time-services: Daemon:Value read from QTimer mseconds = 17446
01-18 04:36:09.982   679   679 D QC-time-services: Daemon:Value read from RTC mseconds on boot = 1478170000
01-18 04:36:09.982   679   679 D QC-time-services: Daemon:Value read from QTimer mseconds = 17446
01-18 04:36:09.982   679   679 D QC-time-services: Daemon:Value read from generic offset = 1611305030428
01-18 04:36:09.982   679   679 D QC-time-services: Daemon:Delta read on boot mseconds = 1478152554
01-18 04:36:09.982   679   679 D QC-time-services: Daemon:Final Time = 1612783200428
01-18 04:36:09.982   679   679 D QC-time-services: Daemon:genoff_boot_tod_init: Updating system time to sec=1612783200, usec=428000
02-08 13:20:00.428   679   679 D QC-time-services: Daemon:genoff_modem_qmi_init: Initializing QMI 
02-08 13:20:00.429   720   720 I cnss-daemon: Failed to initialize cld80211 family, proceed with legacy USERSOCK reception
02-08 13:20:00.429   679   679 E QMI_FW  : QMUXD: WARNING qmi_qmux_if_pwr_up_init failed! rc=-6
02-08 13:20:00.434   701   701 I installd: installd firing up
02-08 13:20:00.436   679   768 D QC-time-services: Daemon: Time-services: All initializations done
02-08 13:20:00.436   720   763 E QMI_FW  : QMUXD: WARNING qmi_qmux_if_pwr_up_init failed! rc=-6
02-08 13:20:00.436   679   768 E QC-time-services: Daemon: Time-services: Waiting to acceptconnection
02-08 13:20:00.436   711   711 I PerfDaemon: PerfDaemon is starting.
02-08 13:20:00.440   451   451 W hwservicemanager: getTransport: Cannot find entry android.hardware.usb.gadget@1.0::IUsbGadget/default in either framework or device manifest.
02-08 13:20:00.451   550   550 I ServiceManager: Waiting for service 'DisplayFeatureControl' on '/dev/binder'...
02-08 13:20:00.452   746   746 I /system/bin/tombstoned: tombstoned successfully initialized
02-08 13:20:00.452   548   548 D ACDB-LOADER: ACDB -> Load file: /vendor/etc/acdbdata/QRD/sdm439-sku1-snd-card/SDM439_SKU1_Global_cal.acdb
02-08 13:20:00.453   548   548 D ACDB-LOADER: ACDB -> Load file: /vendor/etc/acdbdata/QRD/sdm439-sku1-snd-card/SDM439_SKU1_Speaker_cal.acdb
02-08 13:20:00.453   548   548 D ACDB-LOADER: ACDB -> Load file: /vendor/etc/acdbdata/QRD/sdm439-sku1-snd-card/SDM439_SKU1_Handset_cal.acdb
02-08 13:20:00.453   548   548 D ACDB-LOADER: ACDB -> Load file: /vendor/etc/acdbdata/QRD/sdm439-sku1-snd-card/SDM439_SKU1_Bluetooth_cal.acdb
02-08 13:20:00.453   548   548 D ACDB-LOADER: ACDB -> Load file: /vendor/etc/acdbdata/QRD/sdm439-sku1-snd-card/SDM439_SKU1_Hdmi_cal.acdb
02-08 13:20:00.453   548   548 D ACDB-LOADER: ACDB -> Load file: /vendor/etc/acdbdata/QRD/sdm439-sku1-snd-card/SDM439_SKU1_General_cal.acdb
02-08 13:20:00.453   548   548 D ACDB-LOADER: ACDB -> Load file: /vendor/etc/acdbdata/QRD/sdm439-sku1-snd-card/SDM439_SKU1_Headset_cal.acdb
02-08 13:20:00.453   548   548 D ACDB-LOADER: ACDB -> Load file: /vendor/etc/acdbdata/QRD/sdm439-sku1-snd-card/SDM439_SKU1_workspaceFile.qwsp
02-08 13:20:00.453   548   548 D ACDB-LOADER: ACDB -> ACDB_CMD_INITIALIZE_V2
02-08 13:20:00.457   686   686 D /system/vendor/bin/adsprpcd: vendor/qcom/proprietary/commonsys-intf/adsprpc/src/fastrpc_apps_user.c:947: Error 0xffffffff: remote_handle64_invoke failed for handle 0xadb0d020, method 4 on domain 0 (sc 0x4010100)
02-08 13:20:00.457   686   686 E /system/vendor/bin/adsprpcd: vendor/qcom/proprietary/commonsys-intf/adsprpc/src/adspmsgd.c:93:adspmsgd_init failed with error -1
02-08 13:20:00.457   686   686 D /system/vendor/bin/adsprpcd: vendor/qcom/proprietary/commonsys-intf/adsprpc/src/fastrpc_apps_user.c:947: Error 0xffffffff: remote_handle64_invoke failed for handle 0xadb0d020, method 3 on domain 0 (sc 0x3000000)
02-08 13:20:00.457   686   686 V /system/vendor/bin/adsprpcd: vendor/qcom/proprietary/commonsys-intf/adsprpc/src/fastrpc_apps_user.c:1005: remote_handle_open: Successfully opened handle 0xf0ba3d80 for adsp_default_listener on domain 0
02-08 13:20:00.457   686   686 V /system/vendor/bin/adsprpcd: vendor/qcom/proprietary/commonsys-intf/adsprpc/src/fastrpc_apps_user.c:1005: remote_handle_open: Successfully opened handle 0x7 for '":;./\geteventfd on domain 0
02-08 13:20:00.462   570   570 I ServiceManager: Waiting for service 'DisplayFeatureQservice' on '/dev/vndbinder'...
02-08 13:20:00.464   747   747 I usbd    : Usb HAL not found
02-08 13:20:00.473   548   548 D         : [ACDB Command]->SW Minor/Major/Revision version info for /vendor/etc/acdbdata/adsp_avs_config.acdb
02-08 13:20:00.473   548   548 D         : [ACDB Command]->ACDB Sw Major = 9, ACDB Sw Minor = 0, ACDB Sw Revision = 4, ACDB Sw Cpl Number = 0
02-08 13:20:00.473   548   548 D         : [ACDB Command]->ACDB File Major = 1744484667, ACDB File Minor = 1744484667, ACDB File Revision = 299
02-08 13:20:00.488   686   756 E /system/vendor/bin/adsprpcd: vendor/qcom/proprietary/commonsys-intf/adsprpc/src/apps_std_imp.c:745:Error 0x2: fopen failed for remote_heap_config.so. (No such file or directory)
02-08 13:20:00.489   686   756 E /system/vendor/bin/adsprpcd: vendor/qcom/proprietary/commonsys-intf/adsprpc/src/apps_std_imp.c:745:Error 0x2: fopen failed for oemconfig.so. (No such file or directory)
02-08 13:20:00.489   686   756 E /system/vendor/bin/adsprpcd: vendor/qcom/proprietary/commonsys-intf/adsprpc/src/apps_std_imp.c:745:Error 0x2: fopen failed for testsig-0xcb58886a.so. (No such file or directory)
02-08 13:20:00.490   686   756 E /system/vendor/bin/adsprpcd: vendor/qcom/proprietary/commonsys-intf/adsprpc/src/apps_std_imp.c:745:Error 0x2: fopen failed for testsig.so. (No such file or directory)
02-08 13:20:00.495   685   685 I imsrcsd : Uce Service HAL  loading imsrcsbaseimpl
02-08 13:20:00.500   724   777 D QCALOG  : [location-mq] SRV Socket-Opend
02-08 13:20:00.502   673   708 I adbd    : functionfs successfully initialized
02-08 13:20:00.502   673   708 I adbd    : registering usb transport
02-08 13:20:00.505   682   682 E wcnss_service: wcnss_service: num_modems = 1
02-08 13:20:00.505   682   682 E wcnss_qmi: wcnss_init_qmi: Initialize wcnss QMI Interface
02-08 13:20:00.506   682   682 E QMI_FW  : QMUXD: WARNING qmi_qmux_if_pwr_up_init failed! rc=-6
02-08 13:20:00.516   548   548 D         : [ACDB Command]->SW Minor/Major/Revision version info for /vendor/etc/acdbdata/QRD/sdm439-sku1-snd-card/SDM439_SKU1_Global_cal.acdb
02-08 13:20:00.516   548   548 D         : [ACDB Command]->ACDB Sw Major = 9, ACDB Sw Minor = 0, ACDB Sw Revision = 4, ACDB Sw Cpl Number = 0
02-08 13:20:00.516   548   548 D         : [ACDB Command]->ACDB File Major = 11, ACDB File Minor = 0, ACDB File Revision = 1, ACDB File Cpl Number = 0
02-08 13:20:00.551   550   550 I ServiceManager: Waiting for service 'DisplayFeatureControl' on '/dev/binder'...
02-08 13:20:00.562   570   570 I ServiceManager: Waiting for service 'DisplayFeatureQservice' on '/dev/vndbinder'...
02-08 13:20:00.577   686   756 E /system/vendor/bin/adsprpcd: vendor/qcom/proprietary/commonsys-intf/adsprpc/src/apps_std_imp.c:745:Error 0x2: fopen failed for libdirac_capiv2ext.so. (No such file or directory)
02-08 13:20:00.578   686   756 E /system/vendor/bin/adsprpcd: vendor/qcom/proprietary/commonsys-intf/adsprpc/src/apps_std_imp.c:745:Error 0x2: fopen failed for dirac_resource.so. (No such file or directory)
02-08 13:20:00.588   548   548 D         : [ACDB Command]->SW Minor/Major/Revision version info for /vendor/etc/acdbdata/QRD/sdm439-sku1-snd-card/SDM439_SKU1_Speaker_cal.acdb
02-08 13:20:00.588   548   548 D         : [ACDB Command]->ACDB Sw Major = 9, ACDB Sw Minor = 0, ACDB Sw Revision = 4, ACDB Sw Cpl Number = 0
02-08 13:20:00.588   548   548 D         : [ACDB Command]->ACDB File Major = 11, ACDB File Minor = 0, ACDB File Revision = 1, ACDB File Cpl Number = 0
02-08 13:20:00.604   600   600 I FastMixerState: sMaxFastTracks = 8
02-08 13:20:00.604   600   600 V MediaUtils: physMem: 3789217792
02-08 13:20:00.604   600   600 V MediaUtils: requested limit: 536870912
02-08 13:20:00.604   600   600 V MediaUtils: actual limit: 536870912
02-08 13:20:00.604   600   600 V MediaUtils: original limits: 4294967295/4294967295
02-08 13:20:00.604   600   600 V MediaUtils: new limits: 536870912/4294967295
02-08 13:20:00.605   600   600 I audioserver: ServiceManager: 0xb29101c0
02-08 13:20:00.605   600   600 W BatteryNotifier: batterystats service unavailable!
02-08 13:20:00.605   548   548 D         : [ACDB Command]->SW Minor/Major/Revision version info for /vendor/etc/acdbdata/QRD/sdm439-sku1-snd-card/SDM439_SKU1_Handset_cal.acdb
02-08 13:20:00.605   548   548 D         : [ACDB Command]->ACDB Sw Major = 9, ACDB Sw Minor = 0, ACDB Sw Revision = 4, ACDB Sw Cpl Number = 0
02-08 13:20:00.605   548   548 D         : [ACDB Command]->ACDB File Major = 11, ACDB File Minor = 0, ACDB File Revision = 1, ACDB File Cpl Number = 0
02-08 13:20:00.630   548   548 D         : [ACDB Command]->SW Minor/Major/Revision version info for /vendor/etc/acdbdata/QRD/sdm439-sku1-snd-card/SDM439_SKU1_Bluetooth_cal.acdb
02-08 13:20:00.631   548   548 D         : [ACDB Command]->ACDB Sw Major = 9, ACDB Sw Minor = 0, ACDB Sw Revision = 4, ACDB Sw Cpl Number = 0
02-08 13:20:00.631   548   548 D         : [ACDB Command]->ACDB File Major = 11, ACDB File Minor = 0, ACDB File Revision = 1, ACDB File Cpl Number = 0
02-08 13:20:00.646   548   548 D         : [ACDB Command]->SW Minor/Major/Revision version info for /vendor/etc/acdbdata/QRD/sdm439-sku1-snd-card/SDM439_SKU1_Hdmi_cal.acdb
02-08 13:20:00.646   548   548 D         : [ACDB Command]->ACDB Sw Major = 9, ACDB Sw Minor = 0, ACDB Sw Revision = 4, ACDB Sw Cpl Number = 0
02-08 13:20:00.646   548   548 D         : [ACDB Command]->ACDB File Major = 11, ACDB File Minor = 0, ACDB File Revision = 1, ACDB File Cpl Number = 0
02-08 13:20:00.647   710   710 W miuibooster: type=1400 audit(0.0:36): avc: denied { dac_override } for capability=1 scontext=u:r:miuibooster:s0 tcontext=u:r:miuibooster:s0 tclass=capability permissive=0
02-08 13:20:00.651   550   550 I ServiceManager: Waiting for service 'DisplayFeatureControl' on '/dev/binder'...
02-08 13:20:00.663   548   548 D         : [ACDB Command]->SW Minor/Major/Revision version info for /vendor/etc/acdbdata/QRD/sdm439-sku1-snd-card/SDM439_SKU1_General_cal.acdb
02-08 13:20:00.663   548   548 D         : [ACDB Command]->ACDB Sw Major = 9, ACDB Sw Minor = 0, ACDB Sw Revision = 4, ACDB Sw Cpl Number = 0
02-08 13:20:00.663   548   548 D         : [ACDB Command]->ACDB File Major = 11, ACDB File Minor = 0, ACDB File Revision = 1, ACDB File Cpl Number = 0
02-08 13:20:00.663   570   570 I ServiceManager: Waiting for service 'DisplayFeatureQservice' on '/dev/vndbinder'...
02-08 13:20:00.666   711   711 D PerfDaemon: added vendor.perfservice to services and is now running.
02-08 13:20:00.667   714   714 W wificond: type=1400 audit(0.0:37): avc: denied { read } for name="u:object_r:vendor_default_prop:s0" dev="tmpfs" ino=12599 scontext=u:r:wificond:s0 tcontext=u:object_r:vendor_default_prop:s0 tclass=file permissive=0
02-08 13:20:00.668   712   712 W statsd  : statscompanion service unavailable!
02-08 13:20:00.671   548   548 D         : [ACDB Command]->SW Minor/Major/Revision version info for /vendor/etc/acdbdata/QRD/sdm439-sku1-snd-card/SDM439_SKU1_Headset_cal.acdb
02-08 13:20:00.671   548   548 D         : [ACDB Command]->ACDB Sw Major = 9, ACDB Sw Minor = 0, ACDB Sw Revision = 4, ACDB Sw Cpl Number = 0
02-08 13:20:00.671   548   548 D         : [ACDB Command]->ACDB File Major = 11, ACDB File Minor = 0, ACDB File Revision = 1, ACDB File Cpl Number = 0
02-08 13:20:00.678   714   714 E libc    : Access denied finding property "persist.vendor.wifi.wificond.hw.binder.size"
02-08 13:20:00.679   714   714 I wificond: wificond is starting up...
02-08 13:20:00.681   713   796 I ServiceManager: Waiting for service 'package_native' on '/dev/binder'...
02-08 13:20:00.688   744   744 I gatekeeperd: Starting gatekeeperd...
02-08 13:20:00.701   710   793 W MiuiBoosterServer: [LocalSocket.h,createSocket:286]"create Server socket:5 local:miui_booster "
02-08 13:20:00.701   712   712 I statsd  : using statsd socket
02-08 13:20:00.717   743   743 W dpmd    : type=1400 audit(0.0:38): avc: denied { read write } for name="diag" dev="tmpfs" ino=1174 scontext=u:r:dpmd:s0 tcontext=u:object_r:diag_device:s0 tclass=chr_file permissive=0
02-08 13:20:00.717   806   806 W dpmd    : type=1400 audit(0.0:39): avc: denied { read write } for name="diag" dev="tmpfs" ino=1174 scontext=u:r:dpmd:s0 tcontext=u:object_r:diag_device:s0 tclass=chr_file permissive=0
02-08 13:20:00.724   743   743 E Diag_Lib:  Diag_LSM_Init: Failed to open handle to diag driver, error = 13
02-08 13:20:00.725   806   806 E Diag_Lib:  Diag_LSM_Init: Failed to open handle to diag driver, error = 13
02-08 13:20:00.727   548   548 W audio@2.0-servi: type=1400 audit(0.0:40): avc: denied { read write } for name="diag" dev="tmpfs" ino=1174 scontext=u:r:hal_audio_default:s0 tcontext=u:object_r:diag_device:s0 tclass=chr_file permissive=0
02-08 13:20:00.729   786   786 W XTIA    : [XTIA] wifi: 1, ap cell: 0, modem cell need ap: 1, waa: 0
02-08 13:20:00.729   786   786 W XTIA    : 	sstp: 0
02-08 13:20:00.731   548   548 D         : [ACDB Command]->SW Minor/Major/Revision version info for /vendor/etc/acdbdata/QRD/sdm439-sku1-snd-card/SDM439_SKU1_workspaceFile.qwsp
02-08 13:20:00.731   548   548 D         : [ACDB Command]->ACDB Sw Major = 9, ACDB Sw Minor = 0, ACDB Sw Revision = 4, ACDB Sw Cpl Number = 0
02-08 13:20:00.731   548   548 D         : [ACDB Command]->ACDB File Major = 11, ACDB File Minor = 0, ACDB File Revision = 1
02-08 13:20:00.732   548   548 D ACDB-LOADER: ACDB -> ACPH INIT
02-08 13:20:00.732   548   548 D         : [ACPH]->Online service registered with ACPH
02-08 13:20:00.732   785   785 I LOWI-8.6.0.33: [MessageQ_Client] connecting to server [/dev/socket/location/mq/location-mq-s]
02-08 13:20:00.733   548   548 E Diag_Lib:  Diag_LSM_Init: Failed to open handle to diag driver, error = 13
02-08 13:20:00.733   785   785 I LOWI-8.6.0.33: [MessageQ_Client] connected
02-08 13:20:00.733   548   548 E Diag_Lib: diag: In diagpkt_tbl_reg, service not initialized.
02-08 13:20:00.733   548   548 D         : [ACPH]->ACPH init success
02-08 13:20:00.733   548   548 D ACDB-LOADER: ACDB -> RTAC INIT
02-08 13:20:00.733   785   785 I LOWI-8.6.0.33: [LOWIController] loadConfigItems: Log level = 3, Cache Records = 100, max queue size = 255, fresh scan threshold = 500
02-08 13:20:00.733   548   548 D         : [ACPH]->DSP RTC service registered with ACPH
02-08 13:20:00.733   548   548 D ACDB-LOADER: ACDB -> MCS, FTS INIT
02-08 13:20:00.733   785   785 E LOWI-8.6.0.33: [LOWIDiagLog] Diag logging could not be enabled
02-08 13:20:00.733   548   548 D         : [ACPH]->MCS RTC service registered with ACPH
02-08 13:20:00.733   548   548 D         : [ACPH]->FTS RTC service registered with ACPH
02-08 13:20:00.734   548   548 D ACDB-LOADER: ACDB -> ADIE RTAC INIT
02-08 13:20:00.734   548   548 D         : [ACPH]->ADIE RTC service registered with ACPH
02-08 13:20:00.734   548   548 D ACDB-LOADER: ACDB -> ACDB_CMD_GET_VOC_PROC_DYNAMIC_TABLE_SIZE
02-08 13:20:00.749   680   680 I ThermalEngine: Thermal daemon started
02-08 13:20:00.751   785   809 I LOWI-8.6.0.33: [LOWIController] Client controller entering event loop
02-08 13:20:00.751   674   674 I octvm   : model:Redmi 8A
02-08 13:20:00.751   674   674 I octvm   : device:olivelite
02-08 13:20:00.751   674   674 I octvm   : mod_device:olivelite_global
02-08 13:20:00.751   674   674 I octvm   : total memory:3700408
02-08 13:20:00.752   550   550 I ServiceManager: Waiting for service 'DisplayFeatureControl' on '/dev/binder'...
02-08 13:20:00.756   706   706 V MediaUtils: physMem: 3789217792
02-08 13:20:00.756   706   706 V MediaUtils: requested limit: 757843540
02-08 13:20:00.756   706   706 V MediaUtils: actual limit: 757843540
02-08 13:20:00.756   706   706 V MediaUtils: original limits: 4294967295/4294967295
02-08 13:20:00.756   706   706 V MediaUtils: new limits: 757843540/4294967295
02-08 13:20:00.764   570   570 I ServiceManager: Waiting for service 'DisplayFeatureQservice' on '/dev/vndbinder'...
02-08 13:20:00.774   789   789 D LocSvc_LBSProxy: checkIfLocationExtendedClientExists] File Exists
02-08 13:20:00.775   674   674 I octvm   : [674][arg_idx 3]: /system/bin/mcd init 4 
02-08 13:20:00.775   674   674 W octvm_freeze: 
02-08 13:20:00.775   674   674 W octvm_freeze: freezeCGPoolinit start 
02-08 13:20:00.776   674   674 E octvm_freeze: new group failed for miui0, Permission denied
02-08 13:20:00.776   674   674 E octvm_freeze: new group failed for miui1, Permission denied
02-08 13:20:00.776   674   674 E octvm_freeze: new group failed for miui2, Permission denied
02-08 13:20:00.776   674   674 E octvm_freeze: new group failed for miui3, Permission denied
02-08 13:20:00.776   674   674 E octvm_freeze: new group failed for miui4, Permission denied
02-08 13:20:00.776   674   674 E octvm_freeze: new group failed for miui5, Permission denied
02-08 13:20:00.776   674   674 E octvm_freeze: new group failed for miui6, Permission denied
02-08 13:20:00.776   674   674 E octvm_freeze: new group failed for miui7, Permission denied
02-08 13:20:00.776   674   674 E octvm_freeze: new group failed for miui8, Permission denied
02-08 13:20:00.776   674   674 E octvm_freeze: new group failed for miui9, Permission denied
02-08 13:20:00.776   674   674 E octvm_freeze: new group failed for miui10, Permission denied
02-08 13:20:00.776   674   674 E octvm_freeze: new group failed for miui11, Permission denied
02-08 13:20:00.776   674   674 E octvm_freeze: new group failed for miui12, Permission denied
02-08 13:20:00.776   674   674 E octvm_freeze: new group failed for miui13, Permission denied
02-08 13:20:00.776   674   674 E octvm_freeze: new group failed for miui14, Permission denied
02-08 13:20:00.776   674   674 E octvm_freeze: new group failed for miui15, Permission denied
