02-08 13:20:01.025   829   829 I Atfwd_Daemon: 
02-08 13:20:01.025   829   829 I Atfwd_Daemon:  TrtyInit: retryCnt: 1
02-08 13:20:01.025   829   829 I Atfwd_Daemon: Using QCCI. Skipping qmi_init
02-08 13:20:01.025   829   829 I Atfwd_Daemon: result : 1 	 ,Init step :0 	 ,qmiErrorCode: 0
02-08 13:20:01.025   829   829 I Atfwd_Daemon: 
02-08 13:20:01.025   829   829 I Atfwd_Daemon:  Back to main.
02-08 13:20:01.025   829   829 I Atfwd_Daemon:  tryinit complete with connectresult: 1
02-08 13:20:01.025   829   829 I Atfwd_Daemon: 
02-08 13:20:01.025   829   829 I Atfwd_Daemon: 
02-08 13:20:01.025   829   829 I Atfwd_Daemon:  TrtyInit: retryCnt: 1
02-08 13:20:01.025   829   829 I Atfwd_Daemon: 
02-08 13:20:01.025   829   829 I Atfwd_Daemon:  qmi_client_init_instance....
02-08 13:20:01.035   673   673 I adbd    : Loading keys from /data/misc/adb/adb_keys
02-08 13:20:01.052   548   836 D audio_hw_primary: adev_open: enter
02-08 13:20:01.052   548   836 D audio_log_utils: registered, module hal
02-08 13:20:01.054   548   836 D audio_hw_utils: audio_extn_utils_open_snd_mixer: snd_card_name: sdm439-sku1-snd-card
02-08 13:20:01.054   548   836 D audio_hw_utils: audio_extn_utils_open_snd_mixer: Opened sound card:0
02-08 13:20:01.054   548   836 D msm8916_platform: platform_init: Opened sound card:0
02-08 13:20:01.054   548   836 D msm8916_platform: platform_init: snd_card_name: sdm439-sku1-snd-card
02-08 13:20:01.054   548   836 D msm8916_platform: platform_init: mixer path file is /vendor/etc/mixer_paths_sdm439_pm8953_c3ik.xml
02-08 13:20:01.061   550   550 I ServiceManager: Waiting for service 'DisplayFeatureControl' on '/dev/binder'...
02-08 13:20:01.062   673   673 I adbd    : adb client authorized
02-08 13:20:01.069   697   697 I cameraserver: ServiceManager: 0xb16101c0
02-08 13:20:01.069   697   697 I CameraService: CameraService started (pid=697)
02-08 13:20:01.069   697   697 I CameraService: CameraService process starting
02-08 13:20:01.070   697   697 W BatteryNotifier: batterystats service unavailable!
02-08 13:20:01.070   697   697 W BatteryNotifier: batterystats service unavailable!
02-08 13:20:01.071   570   570 I ServiceManager: Waiting for service 'DisplayFeatureQservice' on '/dev/vndbinder'...
02-08 13:20:01.074   697   697 I ServiceManagement: getService: Trying again for android.hardware.camera.provider@2.4::ICameraProvider/legacy/0...
02-08 13:20:01.080   684   684 E Diag_Lib:  Diag_LSM_Init: Failed to open handle to diag driver, error = 13
02-08 13:20:01.080   684   684 E RTPServiceImpl:  Couldn't register with Diag LSM, errno: 25
02-08 13:20:01.080   684   684 E RTPServiceImpl: qpLogDiagInit <== result : 0; log_write_mutex is Initialized
02-08 13:20:01.080   684   684 E Diag_Lib: bLogRTPMSgs =0,rtpdata=0,adblog=0
02-08 13:20:01.080   684   684 E RTPServiceImpl: [IMS_AP_RTP]"RTPService callback Registraton"
02-08 13:20:01.090   715   715 D         : Init with binder size 4k * 4 
02-08 13:20:01.090   713   796 I ServiceManager: Waiting for service 'package_native' on '/dev/binder'...
02-08 13:20:01.091   715   715 I media.codec: mediacodecservice starting
02-08 13:20:01.100   789   789 E LocSvc_LocIpc: sendData:194] cannot send to socket. reason:No such file or directory
02-08 13:20:01.117   565   565 W qti_sensors_hal: addSensor : Not supported sensor with handle 67!
02-08 13:20:01.117   565   565 E qti_sensors_hal: zhong:Enabling all logs
02-08 13:20:01.118   565   565 E qti_sensors_hal: zhong:Enabling all logs1:false
02-08 13:20:01.118   565   565 E qti_sensors_hal: zhong:Enabling all logs2:Xiaomi/olivelite/olivelite:9/PKQ1.190319.001/V11.0.7.0.PCPMIXM:user/release-keys
02-08 13:20:01.118   565   565 E qti_sensors_hal: zhong:Enabling all logs3:Xiaomi/olivelite/olivelite:9/PKQ1.190319.001/V11.0.7.0.PCPMIXM:user/release-keys
02-08 13:20:01.123   715   715 W media.codec: libminijail[715]: failed to get path of fd 6: No such file or directory
02-08 13:20:01.124   715   715 W media.codec: libminijail[715]: allowing syscall: clock_gettime
02-08 13:20:01.124   715   715 W media.codec: libminijail[715]: allowing syscall: connect
02-08 13:20:01.124   715   715 W media.codec: libminijail[715]: allowing syscall: fcntl64
02-08 13:20:01.124   715   715 W media.codec: libminijail[715]: allowing syscall: socket
02-08 13:20:01.124   715   715 W media.codec: libminijail[715]: allowing syscall: writev
02-08 13:20:01.126   715   715 W media.codec: libminijail[715]: logging seccomp filter failures
02-08 13:20:01.128   715   715 E MediaCodecsXmlParser: SDM429 prop_value = 0, file_path = /vendor/etc/media_codecs_vendor.xml
02-08 13:20:01.162   677   677 E QCNEA   : Cne Version 4.9
02-08 13:20:01.162   677   677 E Diag_Lib:  Diag_LSM_Init: Failed to open handle to diag driver, error = 13
02-08 13:20:01.162   550   550 I ServiceManager: Waiting for service 'DisplayFeatureControl' on '/dev/binder'...
02-08 13:20:01.172   570   570 I ServiceManager: Waiting for service 'DisplayFeatureQservice' on '/dev/vndbinder'...
02-08 13:20:01.200   713   796 I ServiceManager: Waiting for service 'package_native' on '/dev/binder'...
02-08 13:20:01.231   651   651 W ServiceManagement: Waited one second for android.frameworks.sensorservice@1.0::ISensorManager/default
02-08 13:20:01.232   651   651 I ServiceManagement: getService: Trying again for android.frameworks.sensorservice@1.0::ISensorManager/default...
02-08 13:20:01.237   689   689 I shelld  : ServiceManager: 0xa7190480
02-08 13:20:01.257   698   698 D         : loading displayfeature
02-08 13:20:01.257   698   698 D         : DisplayFeatureControl:ServiceManager: start
02-08 13:20:01.259   698   698 D         : constructor of DisplayFeatureControl
02-08 13:20:01.260   548   836 E audio_route: Control 'HPHL Volume' doesn't exist - skipping
02-08 13:20:01.261   548   836 E audio_route: Control 'HPHR Volume' doesn't exist - skipping
02-08 13:20:01.261   548   836 E audio_route: Control 'RX2 MIX2 INP2' doesn't exist - skipping
02-08 13:20:01.261   548   836 E audio_route: Control 'RX1 MIX2 INP2' doesn't exist - skipping
02-08 13:20:01.261   548   836 E audio_route: Control 'SpkrMono WSA_RDAC' doesn't exist - skipping
02-08 13:20:01.261   548   836 E audio_route: Control 'SpkrMono BOOST Switch' doesn't exist - skipping
02-08 13:20:01.262   548   836 E audio_route: Control 'SpkrMono VISENSE Switch' doesn't exist - skipping
02-08 13:20:01.263   548   836 E audio_route: Control 'PRI_MI2S_RX_Voice Mixer CSVoice' doesn't exist - skipping
02-08 13:20:01.263   698   698 D         : initDisp_Apis display API init success.
02-08 13:20:01.263   548   836 E audio_route: Control 'Voice_Tx Mixer TERT_MI2S_TX_Voice' doesn't exist - skipping
02-08 13:20:01.263   548   836 E audio_route: Control 'PRI_MI2S_RX Port Mixer INT_BT_SCO_TX' doesn't exist - skipping
02-08 13:20:01.264   548   836 E audio_route: Control 'INTERNAL_BT_SCO_RX_Voice Mixer CSVoice' doesn't exist - skipping
02-08 13:20:01.264   548   836 E audio_route: Control 'Voice_Tx Mixer INTERNAL_BT_SCO_TX_Voice' doesn't exist - skipping
02-08 13:20:01.264   548   836 E audio_route: Control 'INTERNAL_BT_SCO_RX Audio Mixer Multimedia6' doesn't exist - skipping
02-08 13:20:01.264   548   836 E audio_route: Control 'PRI_MI2S_RX_Voice Mixer Voice2' doesn't exist - skipping
02-08 13:20:01.264   548   836 E audio_route: Control 'Voice2_Tx Mixer TERT_MI2S_TX_Voice2' doesn't exist - skipping
02-08 13:20:01.264   548   836 E audio_route: Control 'INTERNAL_BT_SCO_RX_Voice Mixer Voice2' doesn't exist - skipping
02-08 13:20:01.264   548   836 E audio_route: Control 'Voice2_Tx Mixer INTERNAL_BT_SCO_TX_Voice2' doesn't exist - skipping
02-08 13:20:01.264   548   836 E audio_route: Control 'AFE_PCM_RX_Voice Mixer Voice2' doesn't exist - skipping
02-08 13:20:01.264   548   836 E audio_route: Control 'Voice2_Tx Mixer AFE_PCM_TX_Voice2' doesn't exist - skipping
02-08 13:20:01.264   548   836 E audio_route: Control 'PRI_MI2S_RX_Voice Mixer VoLTE' doesn't exist - skipping
02-08 13:20:01.265   548   836 E audio_route: Control 'VoLTE_Tx Mixer TERT_MI2S_TX_VoLTE' doesn't exist - skipping
02-08 13:20:01.265   548   836 E audio_route: Control 'HDMI_RX_Voice Mixer VoLTE' doesn't exist - skipping
02-08 13:20:01.265   548   836 E audio_route: Control 'VoLTE_Tx Mixer SLIM_0_TX_VoLTE' doesn't exist - skipping
02-08 13:20:01.265   548   836 E audio_route: Control 'INTERNAL_BT_SCO_RX_Voice Mixer VoLTE' doesn't exist - skipping
02-08 13:20:01.265   548   836 E audio_route: Control 'VoLTE_Tx Mixer INTERNAL_BT_SCO_TX_VoLTE' doesn't exist - skipping
02-08 13:20:01.265   548   836 E audio_route: Control 'AFE_PCM_RX_Voice Mixer VoLTE' doesn't exist - skipping
02-08 13:20:01.265   548   836 E audio_route: Control 'VoLTE_Tx Mixer AFE_PCM_TX_VoLTE' doesn't exist - skipping
02-08 13:20:01.265   548   836 E audio_route: Control 'PRI_MI2S_RX_Voice Mixer VoWLAN' doesn't exist - skipping
02-08 13:20:01.265   548   836 E audio_route: Control 'VoWLAN_Tx Mixer TERT_MI2S_TX_VoWLAN' doesn't exist - skipping
02-08 13:20:01.265   548   836 E audio_route: Control 'HDMI_RX_Voice Mixer VoWLAN' doesn't exist - skipping
02-08 13:20:01.266   548   836 E audio_route: Control 'INTERNAL_BT_SCO_RX_Voice Mixer VoWLAN' doesn't exist - skipping
02-08 13:20:01.266   548   836 E audio_route: Control 'VoWLAN_Tx Mixer INTERNAL_BT_SCO_TX_VoWLAN' doesn't exist - skipping
02-08 13:20:01.266   548   836 E audio_route: Control 'AFE_PCM_RX_Voice Mixer VoWLAN' doesn't exist - skipping
02-08 13:20:01.266   548   836 E audio_route: Control 'VoWLAN_Tx Mixer AFE_PCM_TX_VoWLAN' doesn't exist - skipping
02-08 13:20:01.267   548   836 E audio_route: Control 'MI2S_DL_HL Switch' doesn't exist - skipping
02-08 13:20:01.267   550   550 D         : success to get binder!
02-08 13:20:01.268   548   836 E audio_route: Control 'MI2S_DL_HL Switch' doesn't exist - skipping
02-08 13:20:01.269   548   836 E audio_route: unknown enum value string 16000 for ctl Internal BTSCO SampleRate
02-08 13:20:01.269   550   550 I vendor.xiaomi.hardware.displayfeature@1.0-service: Registration complete for vendor.xiaomi.hardware.displayfeature@1.0::IDisplayFeature/default.
02-08 13:20:01.272   570   570 I ServiceManager: Waiting for service 'DisplayFeatureQservice' on '/dev/vndbinder'...
02-08 13:20:01.277   715   715 W MediaCodecsXmlParser: unable to open media codecs configuration xml file: /data/misc/media/media_codecs_profiling_results.xml
02-08 13:20:01.277   715   715 W MediaCodecsXmlParser: parseTopLevelXMLFile(/data/misc/media/media_codecs_profiling_results.xml) failed
02-08 13:20:01.278   715   715 E MediaCodecsXmlParser: Role video_decoder.mpeg4 has mismatching types: video/mp4v-es and video/mp4v-esdp
02-08 13:20:01.280   548   836 E audio_route: Control 'MultiMedia8 Mixer TERT_MI2S_TX' doesn't exist - skipping
02-08 13:20:01.280   548   836 E audio_route: unknown enum value string 16000 for ctl Internal BTSCO SampleRate
02-08 13:20:01.281   548   836 E audio_route: unknown enum value string 16000 for ctl Internal BTSCO SampleRate
02-08 13:20:01.281   548   836 E audio_route: Control 'PRI_MI2S_RX_Voice Mixer CSVoice' doesn't exist - skipping
02-08 13:20:01.281   548   836 E audio_route: Control 'Voice_Tx Mixer TERT_MI2S_TX_Voice' doesn't exist - skipping
02-08 13:20:01.281   548   836 E audio_route: Control 'INTERNAL_BT_SCO_RX_Voice Mixer CSVoice' doesn't exist - skipping
02-08 13:20:01.281   548   836 E audio_route: Control 'Voice_Tx Mixer INTERNAL_BT_SCO_TX_Voice' doesn't exist - skipping
02-08 13:20:01.281   548   836 E audio_route: Control 'AFE_PCM_RX_Voice Mixer CSVoice' doesn't exist - skipping
02-08 13:20:01.282   548   836 E audio_route: Control 'Voice_Tx Mixer AFE_PCM_TX_Voice' doesn't exist - skipping
02-08 13:20:01.282   548   836 E audio_route: Control 'PRI_MI2S_RX_Voice Mixer Voice2' doesn't exist - skipping
02-08 13:20:01.282   548   836 E audio_route: Control 'Voice2_Tx Mixer TERT_MI2S_TX_Voice2' doesn't exist - skipping
02-08 13:20:01.282   548   836 E audio_route: Control 'INTERNAL_BT_SCO_RX_Voice Mixer Voice2' doesn't exist - skipping
02-08 13:20:01.282   548   836 E audio_route: Control 'Voice2_Tx Mixer INTERNAL_BT_SCO_TX_Voice2' doesn't exist - skipping
02-08 13:20:01.282   548   836 E audio_route: Control 'AFE_PCM_RX_Voice Mixer Voice2' doesn't exist - skipping
02-08 13:20:01.282   548   836 E audio_route: Control 'Voice2_Tx Mixer AFE_PCM_TX_Voice2' doesn't exist - skipping
02-08 13:20:01.283   715   715 I ServiceManagement: Removing namespace from process name android.hardware.media.omx@1.0-service to omx@1.0-service.
02-08 13:20:01.283   548   836 E audio_route: Control 'MI2S_DL_HL Switch' doesn't exist - skipping
02-08 13:20:01.283   548   836 E audio_route: Control 'PRI_MI2S_RX_Voice Mixer VoWLAN' doesn't exist - skipping
02-08 13:20:01.283   548   836 E audio_route: Control 'VoWLAN_Tx Mixer TERT_MI2S_TX_VoWLAN' doesn't exist - skipping
02-08 13:20:01.283   548   836 E audio_route: Control 'HDMI_RX_Voice Mixer VoWLAN' doesn't exist - skipping
02-08 13:20:01.283   548   836 E audio_route: Control 'VoWLAN_Tx Mixer TERT_MI2S_TX_VoWLAN' doesn't exist - skipping
02-08 13:20:01.283   548   836 E audio_route: Control 'INTERNAL_BT_SCO_RX_Voice Mixer VoWLAN' doesn't exist - skipping
02-08 13:20:01.283   548   836 E audio_route: Control 'VoWLAN_Tx Mixer INTERNAL_BT_SCO_TX_VoWLAN' doesn't exist - skipping
02-08 13:20:01.283   548   836 E audio_route: unknown enum value string 16000 for ctl Internal BTSCO SampleRate
02-08 13:20:01.284   548   836 E audio_route: Control 'AFE_PCM_RX_Voice Mixer VoWLAN' doesn't exist - skipping
02-08 13:20:01.284   548   836 E audio_route: Control 'VoWLAN_Tx Mixer AFE_PCM_TX_VoWLAN' doesn't exist - skipping
02-08 13:20:01.285   548   836 E audio_route: unknown enum value string 16000 for ctl Internal BTSCO SampleRate
02-08 13:20:01.287   548   836 E audio_route: Control 'PRI_MI2S_RX_Voice Mixer VoLTE' doesn't exist - skipping
02-08 13:20:01.287   548   836 E audio_route: Control 'VoLTE_Tx Mixer TERT_MI2S_TX_VoLTE' doesn't exist - skipping
02-08 13:20:01.287   548   836 E audio_route: Control 'HDMI_RX_Voice Mixer VoLTE' doesn't exist - skipping
02-08 13:20:01.287   548   836 E audio_route: Control 'VoLTE_Tx Mixer SLIM_0_TX_VoLTE' doesn't exist - skipping
02-08 13:20:01.287   548   836 E audio_route: Control 'INTERNAL_BT_SCO_RX_Voice Mixer VoLTE' doesn't exist - skipping
02-08 13:20:01.287   548   836 E audio_route: Control 'VoLTE_Tx Mixer INTERNAL_BT_SCO_TX_VoLTE' doesn't exist - skipping
02-08 13:20:01.288   548   836 E audio_route: Control 'AFE_PCM_RX_Voice Mixer VoLTE' doesn't exist - skipping
02-08 13:20:01.288   548   836 E audio_route: Control 'VoLTE_Tx Mixer AFE_PCM_TX_VoLTE' doesn't exist - skipping
02-08 13:20:01.289   548   836 E audio_route: Control 'SpkrMono WSA_RDAC' doesn't exist - skipping
02-08 13:20:01.290   548   836 E audio_route: Control 'SpkrMono VISENSE Switch' doesn't exist - skipping
02-08 13:20:01.291   548   836 E audio_route: Control 'HPHL Volume' doesn't exist - skipping
02-08 13:20:01.291   548   836 E audio_route: Control 'HPHR Volume' doesn't exist - skipping
02-08 13:20:01.293   548   836 E audio_route: Control 'MI2S_DL_HL Switch' doesn't exist - skipping
02-08 13:20:01.295   548   836 I msm8916_platform: ce prop is true, enable CE audio parameter
02-08 13:20:01.296   548   836 D msm8916_platform: Opening /sys/class/thermal/thermal_zone0/type
02-08 13:20:01.296   548   836 D msm8916_platform: Opening /sys/class/thermal/thermal_zone1/type
02-08 13:20:01.296   548   836 D msm8916_platform: Opening /sys/class/thermal/thermal_zone2/type
02-08 13:20:01.296   548   836 D msm8916_platform: Opening /sys/class/thermal/thermal_zone3/type
02-08 13:20:01.296   548   836 D msm8916_platform: Opening /sys/class/thermal/thermal_zone4/type
02-08 13:20:01.296   548   836 D msm8916_platform: Opening /sys/class/thermal/thermal_zone5/type
02-08 13:20:01.297   548   836 D msm8916_platform: Opening /sys/class/thermal/thermal_zone6/type
02-08 13:20:01.297   548   836 D msm8916_platform: Opening /sys/class/thermal/thermal_zone7/type
02-08 13:20:01.297   548   836 D msm8916_platform: Opening /sys/class/thermal/thermal_zone8/type
02-08 13:20:01.297   548   836 D msm8916_platform: Opening /sys/class/thermal/thermal_zone9/type
02-08 13:20:01.297   548   836 D msm8916_platform: Opening /sys/class/thermal/thermal_zone10/type
02-08 13:20:01.297   548   836 D msm8916_platform: Opening /sys/class/thermal/thermal_zone11/type
02-08 13:20:01.297   548   836 D msm8916_platform: Opening /sys/class/thermal/thermal_zone12/type
02-08 13:20:01.297   548   836 D msm8916_platform: Opening /sys/class/thermal/thermal_zone13/type
02-08 13:20:01.297   548   836 D msm8916_platform: Opening /sys/class/thermal/thermal_zone14/type
02-08 13:20:01.297   548   836 D msm8916_platform: Opening /sys/class/thermal/thermal_zone15/type
02-08 13:20:01.298   548   836 D msm8916_platform: Opening /sys/class/thermal/thermal_zone16/type
02-08 13:20:01.298   548   836 D msm8916_platform: Opening /sys/class/thermal/thermal_zone17/type
02-08 13:20:01.298   548   836 D msm8916_platform: Opening /sys/class/thermal/thermal_zone18/type
02-08 13:20:01.298   548   836 D msm8916_platform: Opening /sys/class/thermal/thermal_zone19/type
02-08 13:20:01.298   548   836 D msm8916_platform: Opening /sys/class/thermal/thermal_zone20/type
02-08 13:20:01.298   548   836 D msm8916_platform: Opening /sys/class/thermal/thermal_zone21/type
02-08 13:20:01.298   548   836 D msm8916_platform: Opening /sys/class/thermal/thermal_zone22/type
02-08 13:20:01.298   548   836 D msm8916_platform: Opening /sys/class/thermal/thermal_zone23/type
02-08 13:20:01.298   548   836 D msm8916_platform: Opening /sys/class/thermal/thermal_zone24/type
02-08 13:20:01.299   548   836 D msm8916_platform: Opening /sys/class/thermal/thermal_zone25/type
02-08 13:20:01.299   548   836 D msm8916_platform: Opening /sys/class/thermal/thermal_zone26/type
02-08 13:20:01.299   548   836 D msm8916_platform: Opening /sys/class/thermal/thermal_zone27/type
02-08 13:20:01.299   548   836 D msm8916_platform: Opening /sys/class/thermal/thermal_zone28/type
02-08 13:20:01.299   548   836 D msm8916_platform: Opening /sys/class/thermal/thermal_zone29/type
02-08 13:20:01.299   548   836 D msm8916_platform: Opening /sys/class/thermal/thermal_zone30/type
02-08 13:20:01.299   548   836 D msm8916_platform: Opening /sys/class/thermal/thermal_zone31/type
02-08 13:20:01.299   548   836 D msm8916_platform: Opening /sys/class/thermal/thermal_zone32/type
02-08 13:20:01.300   548   836 D msm8916_platform: Opening /sys/class/thermal/thermal_zone33/type
02-08 13:20:01.300   548   836 D msm8916_platform: Opening /sys/class/thermal/thermal_zone34/type
02-08 13:20:01.300   548   836 D msm8916_platform: Opening /sys/class/thermal/thermal_zone35/type
02-08 13:20:01.300   548   836 D msm8916_platform: Opening /sys/class/thermal/thermal_zone36/type
02-08 13:20:01.300   548   836 D msm8916_platform: Opening /sys/class/thermal/thermal_zone37/type
02-08 13:20:01.301   713   796 I ServiceManager: Waiting for service 'package_native' on '/dev/binder'...
02-08 13:20:01.301   548   836 D msm8916_platform: Opening /sys/class/thermal/thermal_zone38/type
02-08 13:20:01.301   548   836 D msm8916_platform: Opening /sys/class/thermal/thermal_zone39/type
02-08 13:20:01.301   548   836 D msm8916_platform: Opening /sys/class/thermal/thermal_zone40/type
02-08 13:20:01.301   548   836 D msm8916_platform: Opening /sys/class/thermal/thermal_zone41/type
02-08 13:20:01.301   548   836 D msm8916_platform: Opening /sys/class/thermal/thermal_zone42/type
02-08 13:20:01.301   548   836 D msm8916_platform: Opening /sys/class/thermal/thermal_zone43/type
02-08 13:20:01.301   548   836 D msm8916_platform: Opening /sys/class/thermal/thermal_zone44/type
02-08 13:20:01.302   548   836 D msm8916_platform: Opening /sys/class/thermal/thermal_zone45/type
02-08 13:20:01.302   548   836 D msm8916_platform: Opening /sys/class/thermal/thermal_zone46/type
02-08 13:20:01.302   548   836 D msm8916_platform: Opening /sys/class/thermal/thermal_zone47/type
02-08 13:20:01.302   548   836 D msm8916_platform: Opening /sys/class/thermal/thermal_zone48/type
02-08 13:20:01.302   548   836 D msm8916_platform: Opening /sys/class/thermal/thermal_zone49/type
02-08 13:20:01.302   548   836 D msm8916_platform: Opening /sys/class/thermal/thermal_zone50/type
02-08 13:20:01.302   548   836 D msm8916_platform: Opening /sys/class/thermal/thermal_zone51/type
02-08 13:20:01.302   548   836 D msm8916_platform: Opening /sys/class/thermal/thermal_zone52/type
02-08 13:20:01.302   548   836 D msm8916_platform: Opening /sys/class/thermal/thermal_zone53/type
02-08 13:20:01.302   548   836 D msm8916_platform: Opening /sys/class/thermal/thermal_zone54/type
02-08 13:20:01.302   548   836 D msm8916_platform: Opening /sys/class/thermal/thermal_zone55/type
02-08 13:20:01.302   548   836 D audio_hw_extn: audio_extn_can_use_vbat: vbat.enabled property is set to 0
02-08 13:20:01.303   548   836 D msm8916_platform: Alac software decoder is available...removing alac from DSP decoder list
02-08 13:20:01.303   548   836 D msm8916_platform: APE software decoder is available...removing ape from DSP decoder list
02-08 13:20:01.303   548   836 D msm8916_platform: platform_set_audio_device_interface: Enter, device name:AUDIO_DEVICE_IN_BUILTIN_MIC, intf name:SLIMBUS_0, codec_type:external
02-08 13:20:01.303   548   836 E msm8916_platform: Invalid codec_type specified. Ignoring this interface entry.
02-08 13:20:01.303   548   836 D msm8916_platform: platform_set_audio_device_interface: Enter, device name:AUDIO_DEVICE_IN_BACK_MIC, intf name:SLIMBUS_0, codec_type:external
02-08 13:20:01.303   548   836 E msm8916_platform: Invalid codec_type specified. Ignoring this interface entry.
02-08 13:20:01.303   548   836 D msm8916_platform: platform_set_audio_device_interface: Enter, device name:AUDIO_DEVICE_IN_BUILTIN_MIC, intf name:TERT_MI2S, codec_type:internal
02-08 13:20:01.303   548   836 D msm8916_platform: platform_set_audio_device_interface: Matched device name:AUDIO_DEVICE_IN_BUILTIN_MIC, overwrite intf name with TERT_MI2S
02-08 13:20:01.303   548   836 D msm8916_platform: platform_set_audio_device_interface: Enter, device name:AUDIO_DEVICE_IN_BACK_MIC, intf name:TERT_MI2S, codec_type:internal
02-08 13:20:01.303   548   836 D msm8916_platform: platform_set_audio_device_interface: Matched device name:AUDIO_DEVICE_IN_BACK_MIC, overwrite intf name with TERT_MI2S
02-08 13:20:01.303   548   836 D msm8916_platform: platform_set_parameters: enter: - spkr_1_tz_name=wsa881x.0f;spkr_2_tz_name=
02-08 13:20:01.303   548   836 D msm8916_platform: platform_set_parameters:mic_ret: -2
02-08 13:20:01.303   548   836 D msm8916_platform: platform_set_parameters:loopback_ret: 0
02-08 13:20:01.303   548   836 D msm8916_platform: platform_set_parameters:rx force device: 0
02-08 13:20:01.303   548   836 D msm8916_platform: platform_set_snd_device_backend: backend_tag_table[headphones]: old = null new = (null)
02-08 13:20:01.303   548   836 D msm8916_platform: platform_set_snd_device_backend: hw_interface_table[11] = PRI_MI2S_RX
02-08 13:20:01.303   548   836 D msm8916_platform: platform_set_snd_device_backend: backend_tag_table[headphones]: old = null new = (null)
02-08 13:20:01.303   548   836 D msm8916_platform: platform_set_snd_device_backend: hw_interface_table[14] = PRI_MI2S_RX
02-08 13:20:01.303   548   836 D msm8916_platform: platform_set_snd_device_backend: backend_tag_table[bt-sco-headset-wb]: old = bt-sco-wb new = (null)
02-08 13:20:01.303   548   836 D msm8916_platform: platform_set_snd_device_backend: hw_interface_table[35] = INT_BT_SCO_RX
02-08 13:20:01.303   548   836 D msm8916_platform: platform_set_snd_device_backend: backend_tag_table[bt-sco-headset]: old = bt-sco new = (null)
02-08 13:20:01.303   548   836 D msm8916_platform: platform_set_snd_device_backend: hw_interface_table[34] = INT_BT_SCO_RX
02-08 13:20:01.303   548   836 D msm8916_platform: platform_set_snd_device_backend: backend_tag_table[line]: old = null new = (null)
02-08 13:20:01.303   548   836 D msm8916_platform: platform_set_snd_device_backend: hw_interface_table[10] = PRI_MI2S_RX
02-08 13:20:01.304   548   836 D msm8916_platform: platform_set_snd_device_backend: backend_tag_table[anc-headphones]: old = null new = (null)
02-08 13:20:01.304   548   836 D msm8916_platform: platform_set_snd_device_backend: hw_interface_table[53] = PRI_MI2S_RX
02-08 13:20:01.304   548   836 D msm8916_platform: platform_set_snd_device_backend: backend_tag_table[speaker-and-headphones]: old = null new = (null)
02-08 13:20:01.304   548   836 D msm8916_platform: platform_set_snd_device_backend: hw_interface_table[16] = PRI_MI2S_RX
02-08 13:20:01.304   548   836 D msm8916_platform: platform_set_snd_device_backend: backend_tag_table[speaker-and-line]: old = null new = (null)
02-08 13:20:01.304   548   836 D msm8916_platform: platform_set_snd_device_backend: hw_interface_table[17] = PRI_MI2S_RX
02-08 13:20:01.304   548   836 D msm8916_platform: platform_set_snd_device_backend: backend_tag_table[speaker-and-anc-headphones]: old = null new = (null)
02-08 13:20:01.304   548   836 D msm8916_platform: platform_set_snd_device_backend: hw_interface_table[57] = PRI_MI2S_RX
02-08 13:20:01.304   548   836 D msm8916_platform: platform_set_snd_device_backend: backend_tag_table[voice-headphones]: old = null new = (null)
02-08 13:20:01.304   548   836 D msm8916_platform: platform_set_snd_device_backend: hw_interface_table[28] = PRI_MI2S_RX
02-08 13:20:01.304   548   836 D msm8916_platform: platform_set_snd_device_backend: backend_tag_table[voice-anc-headphones]: old = null new = (null)
02-08 13:20:01.304   548   836 D msm8916_platform: platform_set_snd_device_backend: hw_interface_table[55] = PRI_MI2S_RX
02-08 13:20:01.304   548   836 D msm8916_platform: platform_set_snd_device_backend: backend_tag_table[voice-line]: old = null new = (null)
02-08 13:20:01.304   548   836 D msm8916_platform: platform_set_snd_device_backend: hw_interface_table[29] = PRI_MI2S_RX
02-08 13:20:01.304   548   836 D msm8916_platform: platform_set_snd_device_backend: backend_tag_table[voice-tty-full-headphones]: old = null new = (null)
02-08 13:20:01.304   548   836 D msm8916_platform: platform_set_snd_device_backend: hw_interface_table[42] = PRI_MI2S_RX
02-08 13:20:01.304   548   836 D msm8916_platform: platform_set_snd_device_backend: backend_tag_table[voice-tty-vco-headphones]: old = null new = (null)
02-08 13:20:01.304   548   836 D msm8916_platform: platform_set_snd_device_backend: hw_interface_table[43] = PRI_MI2S_RX
02-08 13:20:01.304   548   836 D msm8916_platform: platform_set_snd_device_backend: backend_tag_table[handset]: old = null new = (null)
02-08 13:20:01.304   548   836 D msm8916_platform: platform_set_snd_device_backend: hw_interface_table[1] = PRI_MI2S_RX
02-08 13:20:01.304   548   836 D msm8916_platform: platform_set_snd_device_backend: backend_tag_table[speaker]: old = null new = (null)
02-08 13:20:01.304   548   836 D msm8916_platform: platform_set_snd_device_backend: hw_interface_table[2] = PRI_MI2S_RX
02-08 13:20:01.304   548   836 D msm8916_platform: platform_set_snd_device_backend: backend_tag_table[speaker-reverse]: old = null new = (null)
02-08 13:20:01.304   548   836 D msm8916_platform: platform_set_snd_device_backend: hw_interface_table[6] = PRI_MI2S_RX
02-08 13:20:01.304   548   836 D msm8916_platform: platform_set_snd_device_backend: backend_tag_table[vbat-speaker]: old = null new = (null)
02-08 13:20:01.304   548   836 D msm8916_platform: platform_set_snd_device_backend: hw_interface_table[8] = PRI_MI2S_RX
02-08 13:20:01.304   548   836 D msm8916_platform: platform_set_snd_device_backend: backend_tag_table[voice-handset]: old = null new = (null)
02-08 13:20:01.304   548   836 D msm8916_platform: platform_set_snd_device_backend: hw_interface_table[20] = PRI_MI2S_RX
02-08 13:20:01.304   548   836 D msm8916_platform: platform_set_snd_device_backend: backend_tag_table[voice-speaker]: old = null new = (null)
02-08 13:20:01.304   548   836 D msm8916_platform: platform_set_snd_device_backend: hw_interface_table[21] = PRI_MI2S_RX
02-08 13:20:01.304   548   836 D msm8916_platform: platform_set_snd_device_backend: backend_tag_table[vbat-voice-speaker]: old = vbat-voice-speaker new = (null)
02-08 13:20:01.304   548   836 D msm8916_platform: platform_set_snd_device_backend: hw_interface_table[24] = PRI_MI2S_RX
02-08 13:20:01.304   548   836 D msm8916_platform: platform_set_snd_device_backend: backend_tag_table[voice-speaker-2]: old = null new = (null)
02-08 13:20:01.304   548   836 D msm8916_platform: platform_set_snd_device_backend: hw_interface_table[25] = PRI_MI2S_RX
02-08 13:20:01.304   548   836 D msm8916_platform: platform_set_snd_device_backend: backend_tag_table[vbat-voice-speaker-2]: old = vbat-voice-speaker-2 new = (null)
02-08 13:20:01.304   548   836 D msm8916_platform: platform_set_snd_device_backend: hw_interface_table[27] = PRI_MI2S_RX
02-08 13:20:01.304   548   836 D msm8916_platform: platform_set_snd_device_backend: backend_tag_table[voice-tty-hco-handset]: old = null new = (null)
02-08 13:20:01.304   548   836 D msm8916_platform: platform_set_snd_device_backend: hw_interface_table[44] = PRI_MI2S_RX
02-08 13:20:01.304   548   836 D msm8916_platform: platform_set_snd_device_backend: backend_tag_table[anc-fb-headphones]: old = null new = (null)
02-08 13:20:01.304   548   836 D msm8916_platform: platform_set_snd_device_backend: hw_interface_table[54] = PRI_MI2S_RX
02-08 13:20:01.304   548   836 D msm8916_platform: platform_set_snd_device_backend: backend_tag_table[voice-anc-fb-headphones]: old = null new = (null)
02-08 13:20:01.304   548   836 D msm8916_platform: platform_set_snd_device_backend: hw_interface_table[56] = PRI_MI2S_RX
02-08 13:20:01.304   548   836 D msm8916_platform: platform_set_snd_device_backend: backend_tag_table[anc-handset]: old = null new = (null)
02-08 13:20:01.304   548   836 D msm8916_platform: platform_set_snd_device_backend: hw_interface_table[58] = PRI_MI2S_RX
02-08 13:20:01.304   548   836 D msm8916_platform: platform_set_snd_device_backend: backend_tag_table[speaker-protected]: old = null new = (null)
02-08 13:20:01.304   548   836 D msm8916_platform: platform_set_snd_device_backend: hw_interface_table[59] = PRI_MI2S_RX
02-08 13:20:01.304   548   836 D msm8916_platform: platform_set_snd_device_backend: backend_tag_table[voice-speaker-protected]: old = null new = (null)
02-08 13:20:01.304   548   836 D msm8916_platform: platform_set_snd_device_backend: hw_interface_table[60] = PRI_MI2S_RX
02-08 13:20:01.304   548   836 D msm8916_platform: platform_set_snd_device_backend: backend_tag_table[voice-speaker-2-protected]: old = null new = (null)
02-08 13:20:01.304   548   836 D msm8916_platform: platform_set_snd_device_backend: hw_interface_table[61] = PRI_MI2S_RX
02-08 13:20:01.304   548   836 D msm8916_platform: platform_set_snd_device_backend: backend_tag_table[speaker-protected-vbat]: old = null new = (null)
02-08 13:20:01.304   548   836 D msm8916_platform: platform_set_snd_device_backend: hw_interface_table[63] = PRI_MI2S_RX
02-08 13:20:01.304   548   836 D msm8916_platform: platform_set_snd_device_backend: backend_tag_table[voice-speaker-protected-vbat]: old = null new = (null)
02-08 13:20:01.304   548   836 D msm8916_platform: platform_set_snd_device_backend: hw_interface_table[64] = PRI_MI2S_RX
02-08 13:20:01.304   548   836 D msm8916_platform: platform_set_snd_device_backend: backend_tag_table[voice-speaker-2-protected-vbat]: old = null new = (null)
02-08 13:20:01.304   548   836 D msm8916_platform: platform_set_snd_device_backend: hw_interface_table[65] = PRI_MI2S_RX
02-08 13:20:01.304   548   836 D msm8916_platform: platform_set_snd_device_backend: backend_tag_table[wsa-speaker]: old = null new = (null)
02-08 13:20:01.304   548   836 D msm8916_platform: platform_set_snd_device_backend: hw_interface_table[7] = PRI_MI2S_RX
02-08 13:20:01.304   548   836 D msm8916_platform: platform_set_snd_device_backend: backend_tag_table[wsa-voice-speaker]: old = null new = (null)
02-08 13:20:01.304   548   836 D msm8916_platform: platform_set_snd_device_backend: hw_interface_table[23] = PRI_MI2S_RX
02-08 13:20:01.304   548   836 D msm8916_platform: platform_set_snd_device_backend: backend_tag_table[wsa-voice-speaker-2]: old = null new = (null)
02-08 13:20:01.304   548   836 D msm8916_platform: platform_set_snd_device_backend: hw_interface_table[26] = PRI_MI2S_RX
02-08 13:20:01.304   548   836 D msm8916_platform: platform_set_snd_device_backend: backend_tag_table[handset-mic]: old = null new = (null)
02-08 13:20:01.304   548   836 D msm8916_platform: platform_set_snd_device_backend: hw_interface_table[74] = TERT_MI2S_TX
02-08 13:20:01.304   548   836 D msm8916_platform: platform_set_snd_device_backend: backend_tag_table[handset-mic-ext]: old = null new = (null)
02-08 13:20:01.304   548   836 D msm8916_platform: platform_set_snd_device_backend: hw_interface_table[75] = TERT_MI2S_TX
02-08 13:20:01.304   548   836 D msm8916_platform: platform_set_snd_device_backend: backend_tag_table[handset-mic]: old = null new = (null)
02-08 13:20:01.304   548   836 D msm8916_platform: platform_set_snd_device_backend: hw_interface_table[76] = TERT_MI2S_TX
02-08 13:20:01.304   548   836 D msm8916_platform: platform_set_snd_device_backend: backend_tag_table[handset-mic]: old = null new = (null)
02-08 13:20:01.304   548   836 D msm8916_platform: platform_set_snd_device_backend: hw_interface_table[77] = TERT_MI2S_TX
02-08 13:20:01.305   548   836 D msm8916_platform: platform_set_snd_device_backend: backend_tag_table[handset-mic]: old = null new = (null)
02-08 13:20:01.305   548   836 D msm8916_platform: platform_set_snd_device_backend: hw_interface_table[78] = TERT_MI2S_TX
02-08 13:20:01.305   548   836 D msm8916_platform: platform_set_snd_device_backend: backend_tag_table[dmic-endfire]: old = null new = (null)
02-08 13:20:01.305   548   836 D msm8916_platform: platform_set_snd_device_backend: hw_interface_table[79] = TERT_MI2S_TX
02-08 13:20:01.305   548   836 D msm8916_platform: platform_set_snd_device_backend: backend_tag_table[handset-dmic-voice]: old = null new = (null)
02-08 13:20:01.305   548   836 D msm8916_platform: platform_set_snd_device_backend: hw_interface_table[163] = TERT_MI2S_TX
02-08 13:20:01.305   548   836 D msm8916_platform: platform_set_snd_device_backend: backend_tag_table[dmic-endfire]: old = null new = (null)
02-08 13:20:01.305   548   836 D msm8916_platform: platform_set_snd_device_backend: hw_interface_table[80] = TERT_MI2S_TX
02-08 13:20:01.305   548   836 D msm8916_platform: platform_set_snd_device_backend: backend_tag_table[dmic-endfire]: old = null new = (null)
02-08 13:20:01.305   548   836 D msm8916_platform: platform_set_snd_device_backend: hw_interface_table[81] = TERT_MI2S_TX
02-08 13:20:01.305   548   836 D msm8916_platform: platform_set_snd_device_backend: backend_tag_table[dmic-endfire]: old = null new = (null)
02-08 13:20:01.305   548   836 D msm8916_platform: platform_set_snd_device_backend: hw_interface_table[82] = TERT_MI2S_TX
02-08 13:20:01.305   548   836 D msm8916_platform: platform_set_snd_device_backend: backend_tag_table[speaker-mic]: old = null new = (null)
02-08 13:20:01.305   548   836 D msm8916_platform: platform_set_snd_device_backend: hw_interface_table[83] = TERT_MI2S_TX
02-08 13:20:01.305   548   836 D msm8916_platform: platform_set_snd_device_backend: backend_tag_table[speaker-mic]: old = null new = (null)
02-08 13:20:01.305   548   836 D msm8916_platform: platform_set_snd_device_backend: hw_interface_table[86] = TERT_MI2S_TX
02-08 13:20:01.305   548   836 D msm8916_platform: platform_set_snd_device_backend: backend_tag_table[speaker-mic]: old = null new = (null)
02-08 13:20:01.305   548   836 D msm8916_platform: platform_set_snd_device_backend: hw_interface_table[87] = TERT_MI2S_TX
02-08 13:20:01.305   548   836 D msm8916_platform: platform_set_snd_device_backend: backend_tag_table[speaker-mic]: old = null new = (null)
02-08 13:20:01.305   548   836 D msm8916_platform: platform_set_snd_device_backend: hw_interface_table[88] = TERT_MI2S_TX
02-08 13:20:01.305   548   836 D msm8916_platform: platform_set_snd_device_backend: backend_tag_table[speaker-dmic-endfire]: old = null new = (null)
02-08 13:20:01.305   548   836 D msm8916_platform: platform_set_snd_device_backend: hw_interface_table[89] = TERT_MI2S_TX
02-08 13:20:01.305   548   836 D msm8916_platform: platform_set_snd_device_backend: backend_tag_table[speaker-dmic-endfire]: old = null new = (null)
02-08 13:20:01.305   548   836 D msm8916_platform: platform_set_snd_device_backend: hw_interface_table[90] = TERT_MI2S_TX
02-08 13:20:01.305   548   836 D msm8916_platform: platform_set_snd_device_backend: backend_tag_table[speaker-dmic-endfire]: old = null new = (null)
02-08 13:20:01.305   548   836 D msm8916_platform: platform_set_snd_device_backend: hw_interface_table[91] = TERT_MI2S_TX
02-08 13:20:01.305   548   836 D msm8916_platform: platform_set_snd_device_backend: backend_tag_table[speaker-dmic-endfire]: old = null new = (null)
02-08 13:20:01.305   548   836 D msm8916_platform: platform_set_snd_device_backend: hw_interface_table[92] = TERT_MI2S_TX
02-08 13:20:01.305   548   836 D msm8916_platform: platform_set_snd_device_backend: backend_tag_table[headset-mic]: old = null new = (null)
02-08 13:20:01.305   548   836 D msm8916_platform: platform_set_snd_device_backend: hw_interface_table[93] = TERT_MI2S_TX
02-08 13:20:01.305   548   836 D msm8916_platform: platform_set_snd_device_backend: backend_tag_table[headset-mic]: old = null new = (null)
02-08 13:20:01.305   548   836 D msm8916_platform: platform_set_snd_device_backend: hw_interface_table[157] = TERT_MI2S_TX
02-08 13:20:01.305   548   836 D msm8916_platform: platform_set_snd_device_backend: backend_tag_table[headset-mic]: old = null new = (null)
02-08 13:20:01.305   548   836 D msm8916_platform: platform_set_snd_device_backend: hw_interface_table[94] = TERT_MI2S_TX
02-08 13:20:01.305   548   836 D msm8916_platform: platform_set_snd_device_backend: backend_tag_table[voice-speaker-mic]: old = null new = (null)
02-08 13:20:01.305   548   836 D msm8916_platform: platform_set_snd_device_backend: hw_interface_table[95] = TERT_MI2S_TX
02-08 13:20:01.305   548   836 D msm8916_platform: platform_set_snd_device_backend: backend_tag_table[voice-handset-mic]: old = null new = (null)
02-08 13:20:01.305   548   836 D msm8916_platform: platform_set_snd_device_backend: hw_interface_table[96] = TERT_MI2S_TX
02-08 13:20:01.305   548   836 D msm8916_platform: platform_set_snd_device_backend: backend_tag_table[voice-headset-mic]: old = null new = (null)
02-08 13:20:01.305   548   836 D msm8916_platform: platform_set_snd_device_backend: hw_interface_table[97] = TERT_MI2S_TX
02-08 13:20:01.305   548   836 D msm8916_platform: platform_set_snd_device_backend: backend_tag_table[camcorder-mic]: old = null new = (null)
02-08 13:20:01.305   548   836 D msm8916_platform: platform_set_snd_device_backend: hw_interface_table[103] = TERT_MI2S_TX
02-08 13:20:01.305   548   836 D msm8916_platform: platform_set_snd_device_backend: backend_tag_table[voice-dmic-ef]: old = null new = (null)
02-08 13:20:01.305   548   836 D msm8916_platform: platform_set_snd_device_backend: hw_interface_table[105] = TERT_MI2S_TX
02-08 13:20:01.305   548   836 D msm8916_platform: platform_set_snd_device_backend: backend_tag_table[voice-speaker-dmic-ef]: old = null new = (null)
02-08 13:20:01.305   548   836 D msm8916_platform: platform_set_snd_device_backend: hw_interface_table[106] = TERT_MI2S_TX
02-08 13:20:01.305   548   836 D msm8916_platform: platform_set_snd_device_backend: backend_tag_table[voice-speaker-qmic]: old = null new = (null)
02-08 13:20:01.305   548   836 D msm8916_platform: platform_set_snd_device_backend: hw_interface_table[108] = TERT_MI2S_TX
02-08 13:20:01.305   548   836 D msm8916_platform: platform_set_snd_device_backend: backend_tag_table[voice-tty-full-headset-mic]: old = null new = (null)
02-08 13:20:01.305   548   836 D msm8916_platform: platform_set_snd_device_backend: hw_interface_table[109] = TERT_MI2S_TX
02-08 13:20:01.305   548   836 D msm8916_platform: platform_set_snd_device_backend: backend_tag_table[voice-tty-vco-handset-mic]: old = null new = (null)
02-08 13:20:01.305   548   836 D msm8916_platform: platform_set_snd_device_backend: hw_interface_table[110] = TERT_MI2S_TX
02-08 13:20:01.305   548   836 D msm8916_platform: platform_set_snd_device_backend: backend_tag_table[voice-tty-hco-headset-mic]: old = null new = (null)
02-08 13:20:01.305   548   836 D msm8916_platform: platform_set_snd_device_backend: hw_interface_table[111] = TERT_MI2S_TX
02-08 13:20:01.305   548   836 D msm8916_platform: platform_set_snd_device_backend: backend_tag_table[voice-rec-mic]: old = null new = (null)
02-08 13:20:01.305   548   836 D msm8916_platform: platform_set_snd_device_backend: hw_interface_table[112] = TERT_MI2S_TX
02-08 13:20:01.305   548   836 D msm8916_platform: platform_set_snd_device_backend: backend_tag_table[voice-rec-mic]: old = null new = (null)
02-08 13:20:01.305   548   836 D msm8916_platform: platform_set_snd_device_backend: hw_interface_table[113] = TERT_MI2S_TX
02-08 13:20:01.306   548   836 D msm8916_platform: platform_set_snd_device_backend: backend_tag_table[voice-rec-dmic-ef]: old = null new = (null)
02-08 13:20:01.306   548   836 D msm8916_platform: platform_set_snd_device_backend: hw_interface_table[114] = TERT_MI2S_TX
02-08 13:20:01.306   548   836 D msm8916_platform: platform_set_snd_device_backend: backend_tag_table[voice-rec-dmic-ef-fluence]: old = null new = (null)
02-08 13:20:01.306   548   836 D msm8916_platform: platform_set_snd_device_backend: hw_interface_table[115] = TERT_MI2S_TX
02-08 13:20:01.306   548   836 D msm8916_platform: platform_set_snd_device_backend: backend_tag_table[aanc-handset-mic]: old = null new = (null)
02-08 13:20:01.306   548   836 D msm8916_platform: platform_set_snd_device_backend: hw_interface_table[123] = TERT_MI2S_TX
02-08 13:20:01.306   548   836 D msm8916_platform: platform_set_snd_device_backend: backend_tag_table[quad-mic]: old = null new = (null)
02-08 13:20:01.306   548   836 D msm8916_platform: platform_set_snd_device_backend: hw_interface_table[124] = TERT_MI2S_TX
02-08 13:20:01.306   548   836 D msm8916_platform: platform_set_snd_device_backend: backend_tag_table[handset-stereo-dmic-ef]: old = null new = (null)
02-08 13:20:01.306   548   836 D msm8916_platform: platform_set_snd_device_backend: hw_interface_table[125] = TERT_MI2S_TX
02-08 13:20:01.306   548   836 D msm8916_platform: platform_set_snd_device_backend: backend_tag_table[speaker-stereo-dmic-ef]: old = null new = (null)
02-08 13:20:01.306   548   836 D msm8916_platform: platform_set_snd_device_backend: hw_interface_table[126] = TERT_MI2S_TX
02-08 13:20:01.306   548   836 D msm8916_platform: platform_set_snd_device_backend: backend_tag_table[vi-feedback]: old = null new = (null)
02-08 13:20:01.306   548   836 D msm8916_platform: platform_set_snd_device_backend: hw_interface_table[127] = SENARY_MI2S_TX
02-08 13:20:01.306   548   836 D msm8916_platform: platform_set_snd_device_backend: backend_tag_table[vi-feedback-mono-1]: old = null new = (null)
02-08 13:20:01.306   548   836 D msm8916_platform: platform_set_snd_device_backend: hw_interface_table[128] = SENARY_MI2S_TX
02-08 13:20:01.306   548   836 D msm8916_platform: platform_set_snd_device_backend: backend_tag_table[vi-feedback-mono-2]: old = null new = (null)
02-08 13:20:01.306   548   836 D msm8916_platform: platform_set_snd_device_backend: hw_interface_table[129] = SENARY_MI2S_TX
02-08 13:20:01.306   548   836 D msm8916_platform: platform_set_snd_device_backend: backend_tag_table[voice-speaker-dmic-broadside]: old = null new = (null)
02-08 13:20:01.306   548   836 D msm8916_platform: platform_set_snd_device_backend: hw_interface_table[130] = TERT_MI2S_TX
02-08 13:20:01.306   548   836 D msm8916_platform: platform_set_snd_device_backend: backend_tag_table[speaker-dmic-broadside]: old = null new = (null)
02-08 13:20:01.306   548   836 D msm8916_platform: platform_set_snd_device_backend: hw_interface_table[131] = TERT_MI2S_TX
02-08 13:20:01.306   548   836 D msm8916_platform: platform_set_snd_device_backend: backend_tag_table[speaker-dmic-broadside]: old = null new = (null)
02-08 13:20:01.306   548   836 D msm8916_platform: platform_set_snd_device_backend: hw_interface_table[132] = TERT_MI2S_TX
02-08 13:20:01.306   548   836 D msm8916_platform: platform_set_snd_device_backend: backend_tag_table[speaker-dmic-broadside]: old = null new = (null)
02-08 13:20:01.306   548   836 D msm8916_platform: platform_set_snd_device_backend: hw_interface_table[133] = TERT_MI2S_TX
02-08 13:20:01.306   548   836 D msm8916_platform: platform_set_snd_device_backend: backend_tag_table[speaker-dmic-broadside]: old = null new = (null)
02-08 13:20:01.306   548   836 D msm8916_platform: platform_set_snd_device_backend: hw_interface_table[134] = TERT_MI2S_TX
02-08 13:20:01.306   548   836 D msm8916_platform: platform_set_snd_device_backend: backend_tag_table[aanc-fluence-dmic-handset]: old = null new = (null)
02-08 13:20:01.306   548   836 D msm8916_platform: platform_set_snd_device_backend: hw_interface_table[135] = TERT_MI2S_TX
02-08 13:20:01.306   548   836 D msm8916_platform: platform_set_snd_device_backend: backend_tag_table[quad-mic]: old = null new = (null)
02-08 13:20:01.306   548   836 D msm8916_platform: platform_set_snd_device_backend: hw_interface_table[136] = TERT_MI2S_TX
02-08 13:20:01.306   548   836 D msm8916_platform: platform_set_snd_device_backend: backend_tag_table[quad-mic]: old = null new = (null)
02-08 13:20:01.306   548   836 D msm8916_platform: platform_set_snd_device_backend: hw_interface_table[137] = TERT_MI2S_TX
02-08 13:20:01.306   548   836 D msm8916_platform: platform_set_snd_device_backend: backend_tag_table[quad-mic]: old = null new = (null)
02-08 13:20:01.306   548   836 D msm8916_platform: platform_set_snd_device_backend: hw_interface_table[138] = TERT_MI2S_TX
02-08 13:20:01.306   548   836 D msm8916_platform: platform_set_snd_device_backend: backend_tag_table[quad-mic]: old = null new = (null)
02-08 13:20:01.306   548   836 D msm8916_platform: platform_set_snd_device_backend: hw_interface_table[139] = TERT_MI2S_TX
02-08 13:20:01.306   548   836 D msm8916_platform: platform_set_snd_device_backend: backend_tag_table[three-mic]: old = null new = (null)
02-08 13:20:01.306   548   836 D msm8916_platform: platform_set_snd_device_backend: hw_interface_table[140] = TERT_MI2S_TX
02-08 13:20:01.306   548   836 D msm8916_platform: platform_set_snd_device_backend: backend_tag_table[three-mic]: old = null new = (null)
02-08 13:20:01.306   548   836 D msm8916_platform: platform_set_snd_device_backend: hw_interface_table[142] = TERT_MI2S_TX
02-08 13:20:01.306   548   836 D msm8916_platform: platform_set_snd_device_backend: backend_tag_table[three-mic]: old = null new = (null)
02-08 13:20:01.306   548   836 D msm8916_platform: platform_set_snd_device_backend: hw_interface_table[146] = TERT_MI2S_TX
02-08 13:20:01.306   548   836 D msm8916_platform: platform_set_snd_device_backend: backend_tag_table[unprocessed-mic]: old = null new = (null)
02-08 13:20:01.306   548   836 D msm8916_platform: platform_set_snd_device_backend: hw_interface_table[147] = TERT_MI2S_TX
02-08 13:20:01.306   548   836 D msm8916_platform: platform_set_snd_device_backend: backend_tag_table[voice-rec-dmic-ef]: old = null new = (null)
02-08 13:20:01.306   548   836 D msm8916_platform: platform_set_snd_device_backend: hw_interface_table[148] = TERT_MI2S_TX
02-08 13:20:01.306   548   836 D msm8916_platform: platform_set_snd_device_backend: backend_tag_table[three-mic]: old = null new = (null)
02-08 13:20:01.306   548   836 D msm8916_platform: platform_set_snd_device_backend: hw_interface_table[149] = TERT_MI2S_TX
02-08 13:20:01.306   548   836 D msm8916_platform: platform_set_snd_device_backend: backend_tag_table[quad-mic]: old = null new = (null)
02-08 13:20:01.306   548   836 D msm8916_platform: platform_set_snd_device_backend: hw_interface_table[150] = TERT_MI2S_TX
02-08 13:20:01.307   548   836 D msm8916_platform: platform_set_snd_device_backend: backend_tag_table[headset-mic]: old = null new = (null)
02-08 13:20:01.307   548   836 D msm8916_platform: platform_set_snd_device_backend: hw_interface_table[151] = TERT_MI2S_TX
02-08 13:20:01.307   548   836 E msm8916_platform: find_index: Could not find index for name = SND_DEVICE_OUT_VOICE_SPEAKER_AND_VOICE_HEADPHONES
02-08 13:20:01.307   548   836 E platform_info: process_backend_name: Device SND_DEVICE_OUT_VOICE_SPEAKER_AND_VOICE_HEADPHONES not found, no ACDB ID set!
02-08 13:20:01.307   548   836 E msm8916_platform: find_index: Could not find index for name = SND_DEVICE_OUT_VOICE_SPEAKER_AND_VOICE_ANC_HEADSET
02-08 13:20:01.307   548   836 E platform_info: process_backend_name: Device SND_DEVICE_OUT_VOICE_SPEAKER_AND_VOICE_ANC_HEADSET not found, no ACDB ID set!
02-08 13:20:01.307   548   836 D msm8916_platform: platform_set_snd_device_backend: backend_tag_table[speaker-and-bt-sco]: old = null new = speaker-and-bt-sco
02-08 13:20:01.307   548   836 D msm8916_platform: platform_set_snd_device_backend: hw_interface_table[38] = PRI_MI2S_RX-and-INT_BT_SCO_RX
02-08 13:20:01.307   548   836 D msm8916_platform: platform_set_snd_device_backend: backend_tag_table[speaker-and-bt-sco-wb]: old = null new = speaker-and-bt-sco-wb
02-08 13:20:01.307   548   836 D msm8916_platform: platform_set_snd_device_backend: hw_interface_table[39] = PRI_MI2S_RX-and-INT_BT_SCO_RX
02-08 13:20:01.310   548   836 E platform_info: param tag only supported with CONFIG_PARAMS section
02-08 13:20:01.310   548   836 E platform_info: param tag only supported with CONFIG_PARAMS section
