02-08 13:20:00.776   674   674 E octvm_freeze: new group failed for miui16, Permission denied
02-08 13:20:00.776   674   674 E octvm_freeze: new group failed for miui17, Permission denied
02-08 13:20:00.776   674   674 E octvm_freeze: new group failed for miui18, Permission denied
02-08 13:20:00.776   674   674 E octvm_freeze: new group failed for miui19, Permission denied
02-08 13:20:00.776   674   674 E octvm_freeze: new group failed for miui20, Permission denied
02-08 13:20:00.777   674   674 E octvm_freeze: new group failed for miui21, Permission denied
02-08 13:20:00.777   602   602 D libEGL  : loaded /vendor/lib/egl/libGLESv1_CM_adreno.so
02-08 13:20:00.777   674   674 E octvm_freeze: new group failed for miui22, Permission denied
02-08 13:20:00.777   674   674 E octvm_freeze: new group failed for miui23, Permission denied
02-08 13:20:00.777   674   674 E octvm_freeze: new group failed for miui24, Permission denied
02-08 13:20:00.777   674   674 E octvm_freeze: new group failed for miui25, Permission denied
02-08 13:20:00.777   674   674 E octvm_freeze: new group failed for miui26, Permission denied
02-08 13:20:00.777   674   674 E octvm_freeze: new group failed for miui27, Permission denied
02-08 13:20:00.777   674   674 E octvm_freeze: new group failed for miui28, Permission denied
02-08 13:20:00.777   674   674 E octvm_freeze: new group failed for miui29, Permission denied
02-08 13:20:00.777   674   674 E octvm_freeze: new group failed for miui30, Permission denied
02-08 13:20:00.777   674   674 E octvm_freeze: new group failed for miui31, Permission denied
02-08 13:20:00.777   674   674 E octvm_freeze: new group failed for miui32, Permission denied
02-08 13:20:00.777   674   674 E octvm_freeze: new group failed for miui33, Permission denied
02-08 13:20:00.777   674   674 E octvm_freeze: new group failed for miui34, Permission denied
02-08 13:20:00.778   674   674 E octvm_freeze: new group failed for miui35, Permission denied
02-08 13:20:00.778   674   674 E octvm_freeze: new group failed for miui36, Permission denied
02-08 13:20:00.778   674   674 E octvm_freeze: new group failed for miui37, Permission denied
02-08 13:20:00.778   674   674 E octvm_freeze: new group failed for miui38, Permission denied
02-08 13:20:00.778   674   674 E octvm_freeze: new group failed for miui39, Permission denied
02-08 13:20:00.778   674   674 E octvm_freeze: new group failed for miui40, Permission denied
02-08 13:20:00.778   674   674 E octvm_freeze: new group failed for miui41, Permission denied
02-08 13:20:00.778   674   674 E octvm_freeze: new group failed for miui42, Permission denied
02-08 13:20:00.778   674   674 E octvm_freeze: new group failed for miui43, Permission denied
02-08 13:20:00.778   674   674 E octvm_freeze: new group failed for miui44, Permission denied
02-08 13:20:00.778   674   674 E octvm_freeze: new group failed for miui45, Permission denied
02-08 13:20:00.778   674   674 E octvm_freeze: new group failed for miui46, Permission denied
02-08 13:20:00.778   674   674 E octvm_freeze: new group failed for miui47, Permission denied
02-08 13:20:00.778   674   674 E octvm_freeze: new group failed for miui48, Permission denied
02-08 13:20:00.778   674   674 E octvm_freeze: new group failed for miui49, Permission denied
02-08 13:20:00.778   674   674 E octvm_freeze: new group failed for miui50, Permission denied
02-08 13:20:00.778   674   674 E octvm_freeze: new group failed for miui51, Permission denied
02-08 13:20:00.778   674   674 E octvm_freeze: new group failed for miui52, Permission denied
02-08 13:20:00.778   674   674 E octvm_freeze: new group failed for miui53, Permission denied
02-08 13:20:00.778   674   674 E octvm_freeze: new group failed for miui54, Permission denied
02-08 13:20:00.778   674   674 E octvm_freeze: new group failed for miui55, Permission denied
02-08 13:20:00.779   674   674 E octvm_freeze: new group failed for miui56, Permission denied
02-08 13:20:00.779   674   674 E octvm_freeze: new group failed for miui57, Permission denied
02-08 13:20:00.779   674   674 E octvm_freeze: new group failed for miui58, Permission denied
02-08 13:20:00.779   674   674 E octvm_freeze: new group failed for miui59, Permission denied
02-08 13:20:00.779   674   674 E octvm_freeze: new group failed for miui60, Permission denied
02-08 13:20:00.779   674   674 E octvm_freeze: new group failed for miui61, Permission denied
02-08 13:20:00.779   674   674 E octvm_freeze: new group failed for miui62, Permission denied
02-08 13:20:00.779   674   674 E octvm_freeze: new group failed for miui63, Permission denied
02-08 13:20:00.782   788   788 D LocSvc_LBSProxy: checkIfLocationExtendedClientExists] File Exists
02-08 13:20:00.782   713   796 I ServiceManager: Waiting for service 'package_native' on '/dev/binder'...
02-08 13:20:00.789   680   680 I ThermalEngine: item: 0	thermal config: thermal-engine-normal.conf
02-08 13:20:00.789   680   680 I ThermalEngine: item: 1	thermal config: thermal-engine-high.conf
02-08 13:20:00.789   680   680 I ThermalEngine: item: 9	thermal config: thermal-engine-sgame.conf
02-08 13:20:00.789   680   680 I ThermalEngine: item: 10	thermal config: thermal-engine-nolimits.conf
02-08 13:20:00.789   680   680 I ThermalEngine: item: 12	thermal config: thermal-engine-camera.conf
02-08 13:20:00.789   680   680 I ThermalEngine: item: 13	thermal config: thermal-engine-high.conf
02-08 13:20:00.789   680   680 E libc    : Access denied finding property "persist.sys.thermal.config"
02-08 13:20:00.789   680   680 I ThermalEngine: parse_map_and_select_config: use config file witch last set '/vendor/etc/thermal-engine-normal.conf'
02-08 13:20:00.789   680   680 E ThermalEngine: get_trip_temps: Error reading from /sys/class/thermal/thermal_zone0/trip_point_1_temp: errno 2
02-08 13:20:00.789   680   680 E ThermalEngine: get_cdevs: Error reading from /sys/class/thermal/thermal_zone0/cdev0_trip_point: errno 2
02-08 13:20:00.790   680   680 E ThermalEngine: get_trip_temps: Error reading from /sys/class/thermal/thermal_zone1/trip_point_1_temp: errno 2
02-08 13:20:00.790   680   680 E ThermalEngine: get_cdevs: Error reading from /sys/class/thermal/thermal_zone1/cdev0_trip_point: errno 2
02-08 13:20:00.790   680   680 E ThermalEngine: get_trip_temps: Error reading from /sys/class/thermal/thermal_zone2/trip_point_1_temp: errno 2
02-08 13:20:00.790   680   680 E ThermalEngine: get_cdevs: Error reading from /sys/class/thermal/thermal_zone2/cdev0_trip_point: errno 2
02-08 13:20:00.791   680   680 E ThermalEngine: get_trip_temps: Error reading from /sys/class/thermal/thermal_zone3/trip_point_1_temp: errno 2
02-08 13:20:00.791   680   680 E ThermalEngine: get_cdevs: Error reading from /sys/class/thermal/thermal_zone3/cdev0_trip_point: errno 2
02-08 13:20:00.792   680   680 E ThermalEngine: get_trip_temps: Error reading from /sys/class/thermal/thermal_zone4/trip_point_1_temp: errno 2
02-08 13:20:00.792   680   680 E ThermalEngine: get_cdevs: Error reading from /sys/class/thermal/thermal_zone4/cdev0_trip_point: errno 2
02-08 13:20:00.792   680   680 E ThermalEngine: get_trip_temps: Error reading from /sys/class/thermal/thermal_zone5/trip_point_1_temp: errno 2
02-08 13:20:00.792   680   680 E ThermalEngine: get_cdevs: Error reading from /sys/class/thermal/thermal_zone5/cdev0_trip_point: errno 2
02-08 13:20:00.792   680   680 E ThermalEngine: get_trip_temps: Error reading from /sys/class/thermal/thermal_zone6/trip_point_1_temp: errno 2
02-08 13:20:00.792   680   680 E ThermalEngine: get_cdevs: Error reading from /sys/class/thermal/thermal_zone6/cdev0_trip_point: errno 2
02-08 13:20:00.793   680   680 E ThermalEngine: get_trip_temps: Error reading from /sys/class/thermal/thermal_zone7/trip_point_1_temp: errno 2
02-08 13:20:00.793   680   680 E ThermalEngine: get_cdevs: Error reading from /sys/class/thermal/thermal_zone7/cdev0_trip_point: errno 2
02-08 13:20:00.793   680   680 E ThermalEngine: get_trip_temps: Error reading from /sys/class/thermal/thermal_zone8/trip_point_1_temp: errno 2
02-08 13:20:00.793   680   680 E ThermalEngine: get_cdevs: Error reading from /sys/class/thermal/thermal_zone8/cdev0_trip_point: errno 2
02-08 13:20:00.793   680   680 E ThermalEngine: get_trip_temps: Error reading from /sys/class/thermal/thermal_zone9/trip_point_1_temp: errno 2
02-08 13:20:00.793   680   680 E ThermalEngine: get_cdevs: Error reading from /sys/class/thermal/thermal_zone9/cdev0_trip_point: errno 2
02-08 13:20:00.794   680   680 E ThermalEngine: get_trip_temps: Error reading from /sys/class/thermal/thermal_zone10/trip_point_1_temp: errno 2
02-08 13:20:00.794   680   680 E ThermalEngine: get_cdevs: Error reading from /sys/class/thermal/thermal_zone10/cdev0_trip_point: errno 2
02-08 13:20:00.794   789   810 E QMI_FW  : QMUXD: WARNING qmi_qmux_if_pwr_up_init failed! rc=-6
02-08 13:20:00.794   680   680 E ThermalEngine: get_trip_temps: Error reading from /sys/class/thermal/thermal_zone11/trip_point_1_temp: errno 2
02-08 13:20:00.794   680   680 E ThermalEngine: get_cdevs: Error reading from /sys/class/thermal/thermal_zone11/cdev0_trip_point: errno 2
02-08 13:20:00.795   680   680 E ThermalEngine: get_trip_temps: Error reading from /sys/class/thermal/thermal_zone12/trip_point_1_temp: errno 2
02-08 13:20:00.795   680   680 E ThermalEngine: get_cdevs: Error reading from /sys/class/thermal/thermal_zone12/cdev0_trip_point: errno 2
02-08 13:20:00.795   680   680 E ThermalEngine: get_trip_temps: Error reading from /sys/class/thermal/thermal_zone13/trip_point_1_temp: errno 2
02-08 13:20:00.795   680   680 E ThermalEngine: get_cdevs: Error reading from /sys/class/thermal/thermal_zone13/cdev1_trip_point: errno 2
02-08 13:20:00.796   680   680 E ThermalEngine: get_trip_temps: Error reading from /sys/class/thermal/thermal_zone14/trip_point_1_temp: errno 2
02-08 13:20:00.797   680   680 E ThermalEngine: get_cdevs: Error reading from /sys/class/thermal/thermal_zone14/cdev8_trip_point: errno 2
02-08 13:20:00.798   680   680 E ThermalEngine: get_trip_temps: Error reading from /sys/class/thermal/thermal_zone15/trip_point_1_temp: errno 2
02-08 13:20:00.798   680   680 E ThermalEngine: get_cdevs: Error reading from /sys/class/thermal/thermal_zone15/cdev1_trip_point: errno 2
02-08 13:20:00.798   680   680 E ThermalEngine: get_trip_temps: Error reading from /sys/class/thermal/thermal_zone16/trip_point_1_temp: errno 2
02-08 13:20:00.798   680   680 E ThermalEngine: get_cdevs: Error reading from /sys/class/thermal/thermal_zone16/cdev1_trip_point: errno 2
02-08 13:20:00.799   680   680 E ThermalEngine: get_trip_temps: Error reading from /sys/class/thermal/thermal_zone17/trip_point_1_temp: errno 2
02-08 13:20:00.799   680   680 E ThermalEngine: get_cdevs: Error reading from /sys/class/thermal/thermal_zone17/cdev1_trip_point: errno 2
02-08 13:20:00.799   680   680 E ThermalEngine: get_trip_temps: Error reading from /sys/class/thermal/thermal_zone18/trip_point_1_temp: errno 2
02-08 13:20:00.800   680   680 E ThermalEngine: get_cdevs: Error reading from /sys/class/thermal/thermal_zone18/cdev1_trip_point: errno 2
02-08 13:20:00.800   680   680 E ThermalEngine: get_trip_temps: Error reading from /sys/class/thermal/thermal_zone19/trip_point_1_temp: errno 2
02-08 13:20:00.801   680   680 E ThermalEngine: get_cdevs: Error reading from /sys/class/thermal/thermal_zone19/cdev4_trip_point: errno 2
02-08 13:20:00.801   680   680 E ThermalEngine: get_trip_temps: Error reading from /sys/class/thermal/thermal_zone20/trip_point_1_temp: errno 2
02-08 13:20:00.801   680   680 E ThermalEngine: get_cdevs: Error reading from /sys/class/thermal/thermal_zone20/cdev2_trip_point: errno 2
02-08 13:20:00.802   680   680 E ThermalEngine: get_trip_temps: Error reading from /sys/class/thermal/thermal_zone21/trip_point_1_temp: errno 2
02-08 13:20:00.802   680   680 E ThermalEngine: get_cdevs: Error reading from /sys/class/thermal/thermal_zone21/cdev2_trip_point: errno 2
02-08 13:20:00.802   680   680 E ThermalEngine: get_trip_temps: Error reading from /sys/class/thermal/thermal_zone22/trip_point_1_temp: errno 2
02-08 13:20:00.803   680   680 E ThermalEngine: get_cdevs: Error reading from /sys/class/thermal/thermal_zone22/cdev2_trip_point: errno 2
02-08 13:20:00.803   680   680 E ThermalEngine: get_trip_temps: Error reading from /sys/class/thermal/thermal_zone23/trip_point_1_temp: errno 2
02-08 13:20:00.804   680   680 E ThermalEngine: get_cdevs: Error reading from /sys/class/thermal/thermal_zone23/cdev2_trip_point: errno 2
02-08 13:20:00.804   680   680 E ThermalEngine: get_trip_temps: Error reading from /sys/class/thermal/thermal_zone24/trip_point_1_temp: errno 2
02-08 13:20:00.804   602   602 D libEGL  : loaded /vendor/lib/egl/libGLESv2_adreno.so
02-08 13:20:00.804   680   680 E ThermalEngine: get_cdevs: Error reading from /sys/class/thermal/thermal_zone24/cdev2_trip_point: errno 2
02-08 13:20:00.805   680   680 E ThermalEngine: get_trip_temps: Error reading from /sys/class/thermal/thermal_zone25/trip_point_1_temp: errno 2
02-08 13:20:00.805   680   680 E ThermalEngine: get_cdevs: Error reading from /sys/class/thermal/thermal_zone25/cdev2_trip_point: errno 2
02-08 13:20:00.805   680   680 E ThermalEngine: get_trip_temps: Error reading from /sys/class/thermal/thermal_zone26/trip_point_1_temp: errno 2
02-08 13:20:00.806   706   706 W /system/bin/mediaextractor: libminijail[706]: failed to get path of fd 5: No such file or directory
02-08 13:20:00.806   680   680 E ThermalEngine: get_cdevs: Error reading from /sys/class/thermal/thermal_zone26/cdev2_trip_point: errno 2
02-08 13:20:00.806   706   706 W /system/bin/mediaextractor: libminijail[706]: allowing syscall: clock_gettime
02-08 13:20:00.806   706   706 W /system/bin/mediaextractor: libminijail[706]: allowing syscall: connect
02-08 13:20:00.806   706   706 W /system/bin/mediaextractor: libminijail[706]: allowing syscall: fcntl64
02-08 13:20:00.806   680   680 E ThermalEngine: get_trip_temps: Error reading from /sys/class/thermal/thermal_zone27/trip_point_1_temp: errno 2
02-08 13:20:00.806   706   706 W /system/bin/mediaextractor: libminijail[706]: allowing syscall: socket
02-08 13:20:00.806   706   706 W /system/bin/mediaextractor: libminijail[706]: allowing syscall: writev
02-08 13:20:00.806   680   680 E ThermalEngine: get_cdevs: Error reading from /sys/class/thermal/thermal_zone27/cdev2_trip_point: errno 2
02-08 13:20:00.807   680   680 E ThermalEngine: get_trip_temps: Error reading from /sys/class/thermal/thermal_zone28/trip_point_1_temp: errno 2
02-08 13:20:00.807   680   680 E ThermalEngine: get_cdevs: Error reading from /sys/class/thermal/thermal_zone28/cdev2_trip_point: errno 2
02-08 13:20:00.807   680   680 E ThermalEngine: get_trip_temps: Error reading from /sys/class/thermal/thermal_zone29/trip_point_1_temp: errno 2
02-08 13:20:00.808   680   680 E ThermalEngine: get_cdevs: Error reading from /sys/class/thermal/thermal_zone29/cdev2_trip_point: errno 2
02-08 13:20:00.808   680   680 E ThermalEngine: get_trip_temps: Error reading from /sys/class/thermal/thermal_zone30/trip_point_1_temp: errno 2
02-08 13:20:00.809   680   680 E ThermalEngine: get_cdevs: Error reading from /sys/class/thermal/thermal_zone30/cdev2_trip_point: errno 2
02-08 13:20:00.809   680   680 E ThermalEngine: get_trip_temps: Error reading from /sys/class/thermal/thermal_zone31/trip_point_3_temp: errno 2
02-08 13:20:00.809   680   680 E ThermalEngine: get_cdevs: Error reading from /sys/class/thermal/thermal_zone31/cdev0_trip_point: errno 2
02-08 13:20:00.809   680   680 E ThermalEngine: get_trip_temps: Error reading from /sys/class/thermal/thermal_zone32/trip_point_1_temp: errno 2
02-08 13:20:00.809   680   680 E ThermalEngine: get_cdevs: Error reading from /sys/class/thermal/thermal_zone32/cdev0_trip_point: errno 2
02-08 13:20:00.810   680   680 E ThermalEngine: get_trip_temps: Error reading from /sys/class/thermal/thermal_zone33/trip_point_1_temp: errno 2
02-08 13:20:00.810   680   680 E ThermalEngine: get_cdevs: Error reading from /sys/class/thermal/thermal_zone33/cdev0_trip_point: errno 2
02-08 13:20:00.810   680   680 E ThermalEngine: get_trip_temps: Error reading from /sys/class/thermal/thermal_zone34/trip_point_1_temp: errno 2
02-08 13:20:00.810   680   680 E ThermalEngine: get_cdevs: Error reading from /sys/class/thermal/thermal_zone34/cdev0_trip_point: errno 2
02-08 13:20:00.810   680   680 E ThermalEngine: get_trip_temps: Error reading from /sys/class/thermal/thermal_zone35/trip_point_1_temp: errno 2
02-08 13:20:00.810   680   680 E ThermalEngine: get_cdevs: Error reading from /sys/class/thermal/thermal_zone35/cdev0_trip_point: errno 2
02-08 13:20:00.811   680   680 E ThermalEngine: get_trip_temps: Error reading from /sys/class/thermal/thermal_zone36/trip_point_1_temp: errno 2
02-08 13:20:00.812   680   680 E ThermalEngine: get_cdevs: Error reading from /sys/class/thermal/thermal_zone36/cdev4_trip_point: errno 2
02-08 13:20:00.812   680   680 E ThermalEngine: get_trip_temps: Error reading from /sys/class/thermal/thermal_zone37/trip_point_1_temp: errno 2
02-08 13:20:00.812   680   680 E ThermalEngine: get_cdevs: Error reading from /sys/class/thermal/thermal_zone37/cdev0_trip_point: errno 2
02-08 13:20:00.812   680   680 E ThermalEngine: get_trip_temps: Error reading from /sys/class/thermal/thermal_zone38/trip_point_1_temp: errno 2
02-08 13:20:00.812   680   680 E ThermalEngine: get_cdevs: Error reading from /sys/class/thermal/thermal_zone38/cdev0_trip_point: errno 2
02-08 13:20:00.812   706   706 W /system/bin/mediaextractor: libminijail[706]: logging seccomp filter failures
02-08 13:20:00.813   680   680 E ThermalEngine: get_trip_temps: Error reading from /sys/class/thermal/thermal_zone39/trip_point_1_temp: errno 2
02-08 13:20:00.813   680   680 E ThermalEngine: get_cdevs: Error reading from /sys/class/thermal/thermal_zone39/cdev4_trip_point: errno 2
02-08 13:20:00.814   680   680 E ThermalEngine: get_trip_temps: Error reading from /sys/class/thermal/thermal_zone40/trip_point_3_temp: errno 2
02-08 13:20:00.814   680   680 E ThermalEngine: get_cdevs: Error reading from /sys/class/thermal/thermal_zone40/cdev0_trip_point: errno 2
02-08 13:20:00.815   680   680 E ThermalEngine: get_trip_temps: Error reading from /sys/class/thermal/thermal_zone41/trip_point_11_temp: errno 2
02-08 13:20:00.818   680   680 E ThermalEngine: get_cdevs: Error reading from /sys/class/thermal/thermal_zone41/cdev14_trip_point: errno 2
02-08 13:20:00.818   680   680 E ThermalEngine: get_trip_temps: Error reading from /sys/class/thermal/thermal_zone42/trip_point_1_temp: errno 2
02-08 13:20:00.818   680   680 E ThermalEngine: get_cdevs: Error reading from /sys/class/thermal/thermal_zone42/cdev0_trip_point: errno 2
02-08 13:20:00.818   548   548 D ACDB-LOADER: ACDB -> send_common_custom_topology
02-08 13:20:00.818   548   548 D ACDB-LOADER: ACDB -> ACDB_CMD_GET_AVCS_CUSTOM_TOPO_INFO_SIZE
02-08 13:20:00.818   680   680 E ThermalEngine: get_trip_temps: Error reading from /sys/class/thermal/thermal_zone43/trip_point_0_temp: errno 2
02-08 13:20:00.818   548   548 D ACDB-LOADER: ACDB -> ACDB_CMD_GET_AVCS_CUSTOM_TOPO_INFO
02-08 13:20:00.818   548   548 D ACDB-LOADER: ACDB -> ACDB_CMD_GET_AVCS_CUSTOM_TOPO_INFO: size:0x2e0 ret=0 
02-08 13:20:00.818   680   680 E ThermalEngine: get_cdevs: Error reading from /sys/class/thermal/thermal_zone43/cdev0_trip_point: errno 2
02-08 13:20:00.818   548   548 D ACDB-LOADER: ACDB -> CORE_CUSTOM_TOPOLOGIES
02-08 13:20:00.818   680   680 E ThermalEngine: get_trip_temps: Error reading from /sys/class/thermal/thermal_zone44/trip_point_0_temp: errno 2
02-08 13:20:00.818   680   680 E ThermalEngine: get_cdevs: Error reading from /sys/class/thermal/thermal_zone44/cdev0_trip_point: errno 2
02-08 13:20:00.818   680   680 E ThermalEngine: get_thermal_zone_info: Error reading from /sys/class/thermal/thermal_zone45/policy: errno 2
02-08 13:20:00.819   680   680 I ThermalEngine: devices_manager_init: Init
02-08 13:20:00.819   680   680 I ThermalEngine: Number of gpus :1
02-08 13:20:00.819   680   680 I ThermalEngine: Number of cpus :8
02-08 13:20:00.819   680   680 I ThermalEngine: update_cpu_topology: Cluster info node not found/sys/module/msm_thermal/cluster_info
02-08 13:20:00.819   548   548 D ACDB-LOADER: ACDB -> acdb_loader_send_common_custom_topology: Common custom topology in use
02-08 13:20:00.819   548   548 D ACDB-LOADER: ACDB -> init done!
02-08 13:20:00.819   548   548 D audio_hw_acdb: acdb_init_v2: ACDB Instance ID support after ACDB init:0
02-08 13:20:00.819   548   548 D sound_trigger_platform: get_codec_version: codec version 
02-08 13:20:00.819   680   680 E ThermalEngine: read_int_list_from_file: Read error -2.
02-08 13:20:00.820   680   680 E ThermalEngine: tmd_add_cpufreq_dev_data: Invalid or no boost freqs
02-08 13:20:00.821   459   462 D rpmb_emmc: rpmb_emmc_write: blk_cnt: 2, num_rpmb_tx: 1, frames_per_tx: 2, rel_wr_cnt: 32
02-08 13:20:00.822   716   716 E wifidisplayhal-service: Start with vendor binder
02-08 13:20:00.822   716   716 E wifidisplayhal-service: Registering wifidisplayhdcphal service...
02-08 13:20:00.822   548   548 W sound_trigger_platform: load_haven_lib: ERROR. dlopen failed: library "libalm.so" not found
02-08 13:20:00.822   548   548 W sound_trigger_platform: platform_stdev_init: Loading Haven Library failed !!!
02-08 13:20:00.822   548   548 I SoundTriggerHalImpl: onFirstRef() mModuleName primary mHwDevice 0xb05b0000
02-08 13:20:00.822   680   680 E ThermalEngine: read_int_list_from_file: Read error -2.
02-08 13:20:00.823   680   680 E ThermalEngine: tmd_add_cpufreq_dev_data: Invalid or no boost freqs
02-08 13:20:00.824   680   680 E ThermalEngine: read_int_list_from_file: Read error -2.
02-08 13:20:00.824   680   680 E ThermalEngine: tmd_add_cpufreq_dev_data: Invalid or no boost freqs
02-08 13:20:00.825   680   680 E ThermalEngine: read_int_list_from_file: Read error -2.
02-08 13:20:00.825   680   680 E ThermalEngine: tmd_add_cpufreq_dev_data: Invalid or no boost freqs
02-08 13:20:00.826   680   680 E ThermalEngine: read_int_list_from_file: Read error -2.
02-08 13:20:00.826   680   680 E ThermalEngine: tmd_add_cpufreq_dev_data: Invalid or no boost freqs
02-08 13:20:00.828   680   680 E ThermalEngine: read_int_list_from_file: Read error -2.
02-08 13:20:00.828   680   680 E ThermalEngine: tmd_add_cpufreq_dev_data: Invalid or no boost freqs
02-08 13:20:00.829   680   680 E ThermalEngine: read_int_list_from_file: Read error -2.
02-08 13:20:00.829   680   680 E ThermalEngine: tmd_add_cpufreq_dev_data: Invalid or no boost freqs
02-08 13:20:00.834   680   680 E ThermalEngine: read_int_list_from_file: Read error -2.
02-08 13:20:00.834   680   680 E ThermalEngine: tmd_add_cpufreq_dev_data: Invalid or no boost freqs
02-08 13:20:00.843   548   548 I audiohalservice: Registration complete for android.hardware.soundtrigger@2.1::ISoundTriggerHw/default.
02-08 13:20:00.844   451   451 W hwservicemanager: getTransport: Cannot find entry android.hardware.bluetooth.a2dp@1.0::IBluetoothAudioOffload/default in either framework or device manifest.
02-08 13:20:00.844   548   548 E audiohalservice: Could not get passthrough implementation for android.hardware.bluetooth.a2dp@1.0::IBluetoothAudioOffload/default.
02-08 13:20:00.844   548   548 W audiohalservice: Could not register Bluetooth audio offload 1.0
02-08 13:20:00.845   451   451 W hwservicemanager: getTransport: Cannot find entry com.qualcomm.qti.bluetooth_audio@1.0::IBluetoothAudio/default in either framework or device manifest.
02-08 13:20:00.845   548   548 E audiohalservice: Could not get passthrough implementation for com.qualcomm.qti.bluetooth_audio@1.0::IBluetoothAudio/default.
02-08 13:20:00.845   548   548 W audiohalservice: Could not register bluetooth_audio service
02-08 13:20:00.846   680   680 I ThermalEngine: tmd_init_cluster_devs: No clusters found
02-08 13:20:00.847   680   680 E ThermalEngine: Could not find npu cooling device
02-08 13:20:00.847   680   680 E ThermalEngine: tmd_init_npu_device: Invalid NPU level:-1.
02-08 13:20:00.847   680   680 E ThermalEngine: devices_init: Init NPU TMD failed -12
02-08 13:20:00.848   451   451 W hwservicemanager: getTransport: Cannot find entry android.hardware.audio@4.0::IDevicesFactory/msd in either framework or device manifest.
02-08 13:20:00.849   716   716 E wifidisplayhal-service: Registering wifidisplaydshal service...
02-08 13:20:00.850   680   680 I ThermalEngine: vdd_rstr_init: Could not read /sys/module/msm_thermal/vdd_restriction/enabled
02-08 13:20:00.852   600   600 I AudioFlinger: Using default 3000 mSec as standby time.
02-08 13:20:00.853   685   685 I imsrcsd : Starting Service for First Time imsbaseimpl
02-08 13:20:00.853   600   600 E libc    : Access denied finding property "ro.boot.hwc"
02-08 13:20:00.853   600   600 I APM_AudioPolicyManager: pcba = , disable CE audio parameter
02-08 13:20:00.854   600   600 E APM::Serializer: deserialize: Could not parse /odm/etc/audio_policy_configuration.xml document.
02-08 13:20:00.856   680   680 E ThermalEngine: open/sys/class/power_supply/battery/system_temp_level failed2
02-08 13:20:00.856   685   685 I imsrcsd : ImsRcsBaseImpl CM_IMSCONNECTIONMANAGER_CREATE_CONNECTION Before Registering Service
02-08 13:20:00.856   680   680 E ThermalEngine: Unable to init battery charging mitigation to 0
02-08 13:20:00.856   680   680 I ThermalEngine: sensors_manager_init: Init
02-08 13:20:00.858   685   685 I imsrcsd : ImsRcsBaseImpl CM_IMSCONNECTIONMANAGER_CREATE_CONNECTION After Registering Service
02-08 13:20:00.858   685   685 E         : [IMS_COM] |ImsCom.cpp | 53 | | 685 |Com Fd: 8
02-08 13:20:00.858   685   685 E         : [IMS_COM] |ImsCom.cpp | 158 | | 685 |ImsCom::addComEventHandler(int 8, ComEventCallback 0xb3f62b55, void* 0x0, ComCloseCallback 0x0, events 17) EX
02-08 13:20:00.858   685   685 E         : [IMS_COM] |ImsCom.cpp | 170 | | 685 |ImsCom::addComEventHandler epoll_ctl returns: 0
02-08 13:20:00.860   550   550 I ServiceManager: Waiting for service 'DisplayFeatureControl' on '/dev/binder'...
02-08 13:20:00.868   788   788 I slim_daemon: [QMISLIM] slim_QSQmiSvcTask_Init: QMI-SLIM Service Task Initialized
02-08 13:20:00.870   685   685 E         : [IMS_COM] |ImsCom.cpp | 56 | | 685 |ImsCom is ready. epollFd:7
02-08 13:20:00.870   685   685 E         : [IMS_COM] |ImsQmiSvc.cpp | 42 | | 685 |ImsQmiSvc: Xtor 
02-08 13:20:00.870   685   685 E         : [IMS_COM] |ImsQmiSvc.cpp | 44 | | 685 |ImsQmiSvc: qmiimssvcfd : 9 
02-08 13:20:00.870   685   685 E         : [IMS_COM] |ImsCom.cpp | 158 | | 685 |ImsCom::addComEventHandler(int 9, ComEventCallback 0xb3f65701, void* 0xb4097420, ComCloseCallback 0x0, events 1) EX
02-08 13:20:00.870   685   685 E         : [IMS_COM] |ImsCom.cpp | 170 | | 685 |ImsCom::addComEventHandler epoll_ctl returns: 0
02-08 13:20:00.870   570   570 I ServiceManager: Waiting for service 'DisplayFeatureQservice' on '/dev/vndbinder'...
02-08 13:20:00.870   788   788 W         : HAL: loc_get_target returned 3
02-08 13:20:00.872   685   685 E QMI_FW  : QMUXD: WARNING qmi_qmux_if_pwr_up_init failed! rc=-6
02-08 13:20:00.872   685   685 E         : [IMS_COM] |ImsQmiSvc.cpp | 115 | | 685 |ImsQmiSvc: registerForQmiSvcUp 
02-08 13:20:00.872   685   685 E         : [IMS_COM] |ImsQmiPrivate.cpp | 119 | | 685 |ImsQmiPrivate Xtor
02-08 13:20:00.872   685   685 E         : [IMS_COM] |ImsCom.cpp | 158 | | 685 |ImsCom::addComEventHandler(int 14, ComEventCallback 0xb3f6473d, void* 0xb4097420, ComCloseCallback 0x0, events 1) EX
02-08 13:20:00.872   685   685 E         : [IMS_COM] |ImsCom.cpp | 170 | | 685 |ImsCom::addComEventHandler epoll_ctl returns: 0
02-08 13:20:00.872   685   685 E         : [IMS_COM] |ImsQmiPrivate.cpp | 226 | | 685 |QMI IMS Private listener added 0xb408d300
02-08 13:20:00.872   685   685 I         : ImsCallInfoService - <API SVC> registerServiceImpl: Registering for vendor.qti.ims.callinfo 
02-08 13:20:00.874   685   685 I imsrcsd : ImsRcsBaseImpl ImsCallInfo After Registering Service
02-08 13:20:00.876   602   602 I Adreno  : QUALCOMM build                   : 50f1b2d, I1b05bd271c
02-08 13:20:00.876   602   602 I Adreno  : Build Date                       : 04/09/19
02-08 13:20:00.876   602   602 I Adreno  : OpenGL ES Shader Compiler Version: EV031.25.03.03
02-08 13:20:00.876   602   602 I Adreno  : Local Branch                     : 
02-08 13:20:00.876   602   602 I Adreno  : Remote Branch                    : 
02-08 13:20:00.876   602   602 I Adreno  : Remote Branch                    : 
02-08 13:20:00.876   602   602 I Adreno  : Reconstruct Branch               : 
02-08 13:20:00.877   602   602 I Adreno  : Build Config                     : S L 6.0.7 AArch32
02-08 13:20:00.884   713   796 I ServiceManager: Waiting for service 'package_native' on '/dev/binder'...
02-08 13:20:00.892   602   602 I Adreno  : PFP: 0x005ff112, ME: 0x005ff066
02-08 13:20:00.893   788   850 E QMI_FW  : QMUXD: WARNING qmi_qmux_if_pwr_up_init failed! rc=-6
02-08 13:20:00.894   824   824 E Diag_Lib:  Diag_LSM_Init: Failed to open handle to diag driver, error = 13
02-08 13:20:00.894   824   824 E Diag_Lib: qpLogDiagInit <== result : 0
02-08 13:20:00.894   824   824 E Diag_Lib: QMID : gIsQXDMDisabled 0, gIsADBDisabled 1, gIsDebugDisabled 0, gIsIMSLogsDisabled 0
02-08 13:20:00.894   824   824 E Diag_Lib:  Diag_LSM_Init: Failed to open handle to diag driver, error = 13
02-08 13:20:00.894   824   824 E Diag_Lib: qpLogDiagInit <== result : 0
02-08 13:20:00.894   824   824 E Diag_Lib: QMID : gIsQXDMDisabled 0, gIsADBDisabled 1, gIsDebugDisabled 0, gIsIMSLogsDisabled 0
02-08 13:20:00.894   824   824 E Diag_Lib: [IMS_QMID] |imsqmiserver.c | 541 | QMID#$$#0#QMI DAEMON STARTED
02-08 13:20:00.894   824   824 E Diag_Lib:  Diag_LSM_Init: Failed to open handle to diag driver, error = 13
02-08 13:20:00.894   824   824 E Diag_Lib: qpLogDiagInit <== result : 0
02-08 13:20:00.894   824   824 E Diag_Lib: QMID : gIsQXDMDisabled 0, gIsADBDisabled 1, gIsDebugDisabled 0, gIsIMSLogsDisabled 0
02-08 13:20:00.894   824   824 E Diag_Lib:  Diag_LSM_Init: Failed to open handle to diag driver, error = 13
02-08 13:20:00.894   824   824 E Diag_Lib: qpLogDiagInit <== result : 0
02-08 13:20:00.894   824   824 E Diag_Lib: QMID : gIsQXDMDisabled 0, gIsADBDisabled 1, gIsDebugDisabled 0, gIsIMSLogsDisabled 0
02-08 13:20:00.894   824   824 E Diag_Lib:  Diag_LSM_Init: Failed to open handle to diag driver, error = 13
02-08 13:20:00.894   824   824 E Diag_Lib: qpLogDiagInit <== result : 0
02-08 13:20:00.894   824   824 E Diag_Lib: QMID : gIsQXDMDisabled 0, gIsADBDisabled 1, gIsDebugDisabled 0, gIsIMSLogsDisabled 0
02-08 13:20:00.894   824   824 E Diag_Lib:  Diag_LSM_Init: Failed to open handle to diag driver, error = 13
02-08 13:20:00.894   824   824 E Diag_Lib: qpLogDiagInit <== result : 0
02-08 13:20:00.894   824   824 E Diag_Lib: QMID : gIsQXDMDisabled 0, gIsADBDisabled 1, gIsDebugDisabled 0, gIsIMSLogsDisabled 0
02-08 13:20:00.894   824   824 E Diag_Lib:  Diag_LSM_Init: Failed to open handle to diag driver, error = 13
02-08 13:20:00.894   824   824 E Diag_Lib: qpLogDiagInit <== result : 0
02-08 13:20:00.894   824   824 E Diag_Lib: QMID : gIsQXDMDisabled 0, gIsADBDisabled 1, gIsDebugDisabled 0, gIsIMSLogsDisabled 0
02-08 13:20:00.903   709   709 I mediaserver: ServiceManager: 0xa67901c0
02-08 13:20:00.906   788   847 I ServiceManagement: getService: Trying again for android.frameworks.sensorservice@1.0::ISensorManager/default...
02-08 13:20:00.910   680   843 E ThermalEngine: socket creation success
02-08 13:20:00.911   686   756 E /system/vendor/bin/adsprpcd: vendor/qcom/proprietary/commonsys-intf/adsprpc/src/apps_std_imp.c:745:Error 0x2: fopen failed for custom_sm_ecns_1.so.1. (No such file or directory)
02-08 13:20:00.912   686   756 E /system/vendor/bin/adsprpcd: vendor/qcom/proprietary/commonsys-intf/adsprpc/src/apps_std_imp.c:745:Error 0x2: fopen failed for custom_sm_ecns_2.so.1. (No such file or directory)
02-08 13:20:00.912   686   756 E /system/vendor/bin/adsprpcd: vendor/qcom/proprietary/commonsys-intf/adsprpc/src/apps_std_imp.c:745:Error 0x2: fopen failed for custom_dm_ecns_1.so.1. (No such file or directory)
02-08 13:20:00.912   686   756 E /system/vendor/bin/adsprpcd: vendor/qcom/proprietary/commonsys-intf/adsprpc/src/apps_std_imp.c:745:Error 0x2: fopen failed for custom_dm_ecns_2.so.1. (No such file or directory)
02-08 13:20:00.912   686   756 E /system/vendor/bin/adsprpcd: vendor/qcom/proprietary/commonsys-intf/adsprpc/src/apps_std_imp.c:745:Error 0x2: fopen failed for custom_qm_ecns_1.so.1. (No such file or directory)
02-08 13:20:00.912   686   756 E /system/vendor/bin/adsprpcd: vendor/qcom/proprietary/commonsys-intf/adsprpc/src/apps_std_imp.c:745:Error 0x2: fopen failed for custom_qm_ecns_2.so.1. (No such file or directory)
02-08 13:20:00.913   686   756 E /system/vendor/bin/adsprpcd: vendor/qcom/proprietary/commonsys-intf/adsprpc/src/apps_std_imp.c:745:Error 0x2: fopen failed for capi_v2_dummy_ecns.so.1. (No such file or directory)
02-08 13:20:00.913   686   756 E /system/vendor/bin/adsprpcd: vendor/qcom/proprietary/commonsys-intf/adsprpc/src/apps_std_imp.c:745:Error 0x2: fopen failed for capi_v2_voice_imc_tx.so.1. (No such file or directory)
02-08 13:20:00.913   702   702 I keystore: found android.hardware.keymaster@4.0::IKeymasterDevice with interface name default and seclevel TRUSTED_ENVIRONMENT
02-08 13:20:00.913   686   756 E /system/vendor/bin/adsprpcd: vendor/qcom/proprietary/commonsys-intf/adsprpc/src/apps_std_imp.c:745:Error 0x2: fopen failed for capi_v2_dummy_ecns.so.1. (No such file or directory)
02-08 13:20:00.913   686   756 E /system/vendor/bin/adsprpcd: vendor/qcom/proprietary/commonsys-intf/adsprpc/src/apps_std_imp.c:745:Error 0x2: fopen failed for capi_v2_voice_imc_rx.so.1. (No such file or directory)
02-08 13:20:00.913   686   756 E /system/vendor/bin/adsprpcd: vendor/qcom/proprietary/commonsys-intf/adsprpc/src/apps_std_imp.c:745:Error 0x2: fopen failed for capi_v2_dummy_ecns.so.1. (No such file or directory)
02-08 13:20:00.918   709   709 W BatteryNotifier: batterystats service unavailable!
02-08 13:20:00.926   787   787 D LocSvc_LBSProxy: checkIfLocationExtendedClientExists] File Exists
02-08 13:20:00.926   787   787 D XTCC-6.2.0.6: [CCC-Main] config loaded 1
02-08 13:20:00.926   787   787 W XTCC-6.2.0.6: [CCC-Main] wifi: 1, ap cell: 0, modem cell need ap: 1, waa: 0
02-08 13:20:00.926   787   787 W XTCC-6.2.0.6: 	sstp: 0, tdp upload: 0, tdp download: 0
02-08 13:20:00.926   787   787 W XTCC-6.2.0.6: 	asn uri version 0
02-08 13:20:00.928   707   707 I mediametrics: ServiceManager: 0xa94101c0
02-08 13:20:00.928   707   707 D MediaAnalyticsService: MediaAnalyticsService created
02-08 13:20:00.936   834   834 I MSM-irqbalance: msm-irq_balance (1.3) initialized
02-08 13:20:00.936   834   834 I MSM-irqbalance: Configuration
02-08 13:20:00.936   834   834 I MSM-irqbalance: Rate: 0.2 Hz
02-08 13:20:00.936   834   834 I MSM-irqbalance: Decay Factor: 75.0
02-08 13:20:00.936   834   834 I MSM-irqbalance: Balancing Factor: 0.1
02-08 13:20:00.936   834   834 I MSM-irqbalance: Debug Log: OFF
02-08 13:20:00.936   834   834 I MSM-irqbalance: Cfg file: /system/vendor/etc/msm_irqbalance.conf
02-08 13:20:00.936   834   834 I MSM-irqbalance: CPU PRIO: CPU0: 0 CPU1: 0 CPU2: 0 CPU3: 0 CPU4: 1 CPU5: 1 CPU6: 1 CPU7: 1 
02-08 13:20:00.936   834   834 I MSM-irqbalance: Ignored IRQs: 19 21 
02-08 13:20:00.938   451   451 W hwservicemanager: getTransport: Cannot find entry vendor.display.config@1.7::IDisplayConfig/default in either framework or device manifest.
02-08 13:20:00.938   602   602 I ConfigStore: android::hardware::configstore::V1_0::ISurfaceFlingerConfigs::hasWideColorDisplay retrieved: 0
02-08 13:20:00.940   702   702 E keystore: Register wifi keystore HAL service successfully
02-08 13:20:00.941   451   451 W hwservicemanager: getTransport: Cannot find entry vendor.display.config@1.7::IDisplayConfig/default in either framework or device manifest.
02-08 13:20:00.941   602   602 I ConfigStore: android::hardware::configstore::V1_0::ISurfaceFlingerConfigs::hasHDRDisplay retrieved: 0
02-08 13:20:00.944   702   702 E keystore: Register wifi keystore extension HAL service successfully
02-08 13:20:00.949   602   602 I SurfaceFlinger: EGL information:
02-08 13:20:00.949   602   602 I SurfaceFlinger: vendor    : Android
02-08 13:20:00.949   602   602 I SurfaceFlinger: version   : 1.4 Android META-EGL
02-08 13:20:00.949   602   602 I SurfaceFlinger: extensions: EGL_KHR_get_all_proc_addresses EGL_ANDROID_presentation_time EGL_KHR_swap_buffers_with_damage EGL_ANDROID_get_native_client_buffer EGL_ANDROID_front_buffer_auto_refresh EGL_ANDROID_get_frame_timestamps EGL_EXT_surface_SMPTE2086_metadata EGL_EXT_surface_CTA861_3_metadata EGL_KHR_image EGL_KHR_image_base EGL_EXT_image_gl_colorspace EGL_KHR_lock_surface EGL_KHR_gl_colorspace EGL_KHR_gl_texture_2D_image EGL_KHR_gl_texture_3D_image EGL_KHR_gl_texture_cubemap_image EGL_KHR_gl_renderbuffer_image EGL_KHR_reusable_sync EGL_KHR_fence_sync EGL_KHR_create_context EGL_KHR_surfaceless_context EGL_EXT_create_context_robustness EGL_ANDROID_image_native_buffer EGL_KHR_wait_sync EGL_ANDROID_recordable EGL_KHR_partial_update EGL_EXT_pixel_format_float EGL_KHR_create_context_no_error EGL_KHR_mutable_render_buffer EGL_EXT_yuv_surface EGL_EXT_protected_content EGL_IMG_context_priority EGL_KHR_no_config_context 
02-08 13:20:00.949   602   602 I SurfaceFlinger: Client API: OpenGL_ES
02-08 13:20:00.949   602   602 I SurfaceFlinger: EGLSurface: 8-8-8-8, config=0xa8889860
02-08 13:20:00.950   602   602 I SurfaceFlinger: OpenGL ES informations:
02-08 13:20:00.950   602   602 I SurfaceFlinger: vendor    : Qualcomm
02-08 13:20:00.950   602   602 I SurfaceFlinger: renderer  : Adreno (TM) 505
02-08 13:20:00.950   602   602 I SurfaceFlinger: version   : OpenGL ES 3.2 V@331.0 (GIT@50f1b2d, I1b05bd271c) (Date:04/09/19)
02-08 13:20:00.950   602   602 I SurfaceFlinger: extensions: GL_OES_EGL_image GL_OES_EGL_image_external GL_OES_EGL_sync GL_OES_vertex_half_float GL_OES_framebuffer_object GL_OES_rgb8_rgba8 GL_OES_compressed_ETC1_RGB8_texture GL_AMD_compressed_ATC_texture GL_KHR_texture_compression_astc_ldr GL_KHR_texture_compression_astc_hdr GL_OES_texture_compression_astc GL_OES_texture_npot GL_EXT_texture_filter_anisotropic GL_EXT_texture_format_BGRA8888 GL_OES_texture_3D GL_EXT_color_buffer_float GL_EXT_color_buffer_half_float GL_QCOM_alpha_test GL_OES_depth24 GL_OES_packed_depth_stencil GL_OES_depth_texture GL_OES_depth_texture_cube_map GL_EXT_sRGB GL_OES_texture_float GL_OES_texture_float_linear GL_OES_texture_half_float GL_OES_texture_half_float_linear GL_EXT_texture_type_2_10_10_10_REV GL_EXT_texture_sRGB_decode GL_EXT_texture_format_sRGB_override GL_OES_element_index_uint GL_EXT_copy_image GL_EXT_geometry_shader GL_EXT_tessellation_shader GL_OES_texture_stencil8 GL_EXT_shader_io_blocks GL_OES_shader_image_atomic GL_OES_sample_variables GL_EXT_texture_border_clamp G
02-08 13:20:00.950   602   602 I SurfaceFlinger: GL_MAX_TEXTURE_SIZE = 16384
02-08 13:20:00.950   602   602 I SurfaceFlinger: GL_MAX_VIEWPORT_DIMS = 16384
02-08 13:20:00.952   680   830 E QMI_FW  : QMUXD: WARNING qmi_qmux_if_pwr_up_init failed! rc=-6
02-08 13:20:00.957   680   680 E ThermalEngine: Unable to change to /sys/devices/soc/
02-08 13:20:00.957   680   680 E ThermalEngine: bcl_setup: Unexpected node error
02-08 13:20:00.957   680   680 E ThermalEngine: add_tgt_sensor: bcl sensor setup failed failed.
02-08 13:20:00.957   680   680 E ThermalEngine: add_tgt_sensors_set: Error adding bcl
02-08 13:20:00.957   680   680 E ThermalEngine: sensors_init: Error adding BCL TS
02-08 13:20:00.957   680   680 E ThermalEngine: Unknown target identified with soc id 353
02-08 13:20:00.958   680   680 E ThermalEngine: pid_init_data: ERROR Uknown device
02-08 13:20:00.958   680   680 E ThermalEngine: thermal_monitor_init_data: ERROR Uknown device
02-08 13:20:00.958   680   680 E ThermalEngine: speaker_cal_init_data: ERROR Uknown device
02-08 13:20:00.958   680   680 E ThermalEngine: ss_init_data: ERROR Uknown device
02-08 13:20:00.958   680   680 I ThermalEngine: Loading config file for virtual sensor
02-08 13:20:00.958   680   680 I ThermalEngine: Loading configuration file /vendor/etc/thermal-engine-normal.conf
02-08 13:20:00.961   550   550 I ServiceManager: Waiting for service 'DisplayFeatureControl' on '/dev/binder'...
02-08 13:20:00.963   680   680 I ThermalEngine: Parsing section global
02-08 13:20:00.964   680   680 E ThermalEngine: virtual_sensors_init: Error getting virtual sensors set
02-08 13:20:00.964   680   680 I ThermalEngine: Loading configuration file /vendor/etc/thermal-engine-normal.conf
02-08 13:20:00.964   680   680 I ThermalEngine: Parsing section global
02-08 13:20:00.964   680   680 I ThermalEngine: Created section 'CCC_AP_TEMP_MITIGATION'
02-08 13:20:00.964   680   680 I ThermalEngine: Algo Type 'monitor'
02-08 13:20:00.964   680   680 I ThermalEngine: Parsing section CCC_AP_TEMP_MITIGATION
02-08 13:20:00.964   680   680 I ThermalEngine: Found field 'sampling'
02-08 13:20:00.964   680   680 I ThermalEngine: Found field 'sensor'
02-08 13:20:00.964   680   680 I ThermalEngine: Found field 'thresholds'
02-08 13:20:00.964   680   680 I ThermalEngine: Found field 'thresholds_clr'
02-08 13:20:00.964   680   680 I ThermalEngine: Found field 'actions'
02-08 13:20:00.964   680   680 I ThermalEngine: Found field 'action_info'
02-08 13:20:00.965   680   680 I ThermalEngine: Created section 'BACKLIGHT_AP_TEMP_MITIGATION'
02-08 13:20:00.965   680   680 I ThermalEngine: Algo Type 'monitor'
02-08 13:20:00.965   680   680 I ThermalEngine: Parsing section BACKLIGHT_AP_TEMP_MITIGATION
02-08 13:20:00.965   680   680 I ThermalEngine: Found field 'sampling'
02-08 13:20:00.965   680   680 I ThermalEngine: Found field 'sensor'
02-08 13:20:00.965   680   680 I ThermalEngine: Found field 'thresholds'
02-08 13:20:00.965   680   680 I ThermalEngine: Found field 'thresholds_clr'
02-08 13:20:00.965   680   680 I ThermalEngine: Found field 'actions'
02-08 13:20:00.965   680   680 I ThermalEngine: Found field 'action_info'
02-08 13:20:00.965   680   680 I ThermalEngine: Created section 'SS-CASE-THERM'
02-08 13:20:00.965   680   680 I ThermalEngine: Algo Type 'ss'
02-08 13:20:00.965   680   680 I ThermalEngine: Parsing section SS-CASE-THERM
02-08 13:20:00.965   680   680 I ThermalEngine: Found field 'sampling'
02-08 13:20:00.965   680   680 I ThermalEngine: Found field 'sensor'
02-08 13:20:00.965   680   680 I ThermalEngine: Found field 'device'
02-08 13:20:00.965   680   680 I ThermalEngine: Found field 'set_point'
02-08 13:20:00.965   680   680 I ThermalEngine: Found field 'set_point_clr'
02-08 13:20:00.965   680   680 I ThermalEngine: Found field 'time_constant'
02-08 13:20:00.965   680   680 I ThermalEngine: Found field 'device_max_limit'
02-08 13:20:00.965   680   680 I ThermalEngine: Created section 'SS-CASE-THERM-1'
02-08 13:20:00.965   680   680 I ThermalEngine: Algo Type 'ss'
02-08 13:20:00.965   680   680 I ThermalEngine: Parsing section SS-CASE-THERM-1
02-08 13:20:00.965   680   680 I ThermalEngine: Found field 'sampling'
02-08 13:20:00.965   680   680 I ThermalEngine: Found field 'sensor'
02-08 13:20:00.965   680   680 I ThermalEngine: Found field 'device'
02-08 13:20:00.965   680   680 I ThermalEngine: Found field 'set_point'
02-08 13:20:00.965   680   680 I ThermalEngine: Found field 'set_point_clr'
02-08 13:20:00.965   680   680 I ThermalEngine: Found field 'time_constant'
02-08 13:20:00.965   680   680 I ThermalEngine: Found field 'device_max_limit'
02-08 13:20:00.965   680   680 I ThermalEngine: Created section 'SS-CASE-THERM-2'
02-08 13:20:00.965   680   680 I ThermalEngine: Algo Type 'ss'
02-08 13:20:00.965   680   680 I ThermalEngine: Parsing section SS-CASE-THERM-2
02-08 13:20:00.965   680   680 I ThermalEngine: Found field 'sampling'
02-08 13:20:00.965   680   680 I ThermalEngine: Found field 'sensor'
02-08 13:20:00.965   680   680 I ThermalEngine: Found field 'device'
02-08 13:20:00.965   680   680 I ThermalEngine: Found field 'set_point'
02-08 13:20:00.965   680   680 I ThermalEngine: Found field 'set_point_clr'
02-08 13:20:00.965   680   680 I ThermalEngine: Found field 'time_constant'
02-08 13:20:00.965   680   680 I ThermalEngine: Found field 'device_max_limit'
02-08 13:20:00.966   680   680 E ThermalEngine: sensors_manager_reg_clnt: Invalid sensor pop_mem.
02-08 13:20:00.966   680   680 E ThermalEngine: pid_algo_init: Sensor clnt create fail pop_mem
02-08 13:20:00.966   680   680 E ThermalEngine: sensors_manager_reg_clnt: Invalid sensor cpu3.
02-08 13:20:00.966   680   680 E ThermalEngine: pid_algo_init: Sensor clnt create fail cpu3
02-08 13:20:00.966   680   680 E ThermalEngine: sensors_manager_reg_clnt: Invalid sensor cpu2.
02-08 13:20:00.966   680   680 E ThermalEngine: pid_algo_init: Sensor clnt create fail cpu2
02-08 13:20:00.966   680   680 E ThermalEngine: sensors_manager_reg_clnt: Invalid sensor cpu1.
02-08 13:20:00.966   680   680 E ThermalEngine: pid_algo_init: Sensor clnt create fail cpu1
02-08 13:20:00.966   680   680 E ThermalEngine: sensors_manager_reg_clnt: Invalid sensor cpu0.
02-08 13:20:00.966   680   680 E ThermalEngine: pid_algo_init: Sensor clnt create fail cpu0
02-08 13:20:00.966   680   680 I ThermalEngine: pid_algo_init: No PID's to be configured.
02-08 13:20:00.966   680   680 I ThermalEngine: [BACKLIGHT_AP_TEMP_MITIGATION]
02-08 13:20:00.966   680   680 I ThermalEngine: algo_type monitor
02-08 13:20:00.966   680   680 I ThermalEngine: sampling 10000
02-08 13:20:00.966   680   680 I ThermalEngine: sensor backlight-therm
02-08 13:20:00.966   680   680 I ThermalEngine: thresholds 45000 47000
02-08 13:20:00.966   680   680 I ThermalEngine: thresholds_clr 44000 46000
02-08 13:20:00.966   680   680 I ThermalEngine: actions lcd lcd
02-08 13:20:00.966   680   680 I ThermalEngine: action_info 1024 512
02-08 13:20:00.966   680   680 I ThermalEngine: [CCC_AP_TEMP_MITIGATION]
02-08 13:20:00.966   680   680 I ThermalEngine: algo_type monitor
02-08 13:20:00.966   680   680 I ThermalEngine: sampling 10000
02-08 13:20:00.966   680   680 I ThermalEngine: sensor quiet-therm-adc
02-08 13:20:00.966   680   680 I ThermalEngine: thresholds 57000
02-08 13:20:00.966   680   680 I ThermalEngine: thresholds_clr 55000
02-08 13:20:00.966   680   680 I ThermalEngine: actions temp_state
02-08 13:20:00.966   680   680 I ThermalEngine: action_info 5
02-08 13:20:00.966   680   680 I ThermalEngine: [SS-CASE-THERM-2]
02-08 13:20:00.966   680   680 I ThermalEngine: algo_type ss
02-08 13:20:00.966   680   680 I ThermalEngine: sampling 10000
02-08 13:20:00.966   680   680 I ThermalEngine: sensor quiet-therm-adc
02-08 13:20:00.966   680   680 I ThermalEngine: device cpu0
02-08 13:20:00.966   680   680 I ThermalEngine: set_point 50000
02-08 13:20:00.966   680   680 I ThermalEngine: set_point_clr 48000
02-08 13:20:00.966   680   680 I ThermalEngine: time_constant 0
02-08 13:20:00.966   680   680 I ThermalEngine: device_max_limit 1401600
02-08 13:20:00.966   680   680 I ThermalEngine: [SS-CASE-THERM-1]
02-08 13:20:00.966   680   680 I ThermalEngine: algo_type ss
02-08 13:20:00.966   680   680 I ThermalEngine: sampling 10000
02-08 13:20:00.966   680   680 I ThermalEngine: sensor quiet-therm-adc
02-08 13:20:00.966   680   680 I ThermalEngine: device cpu0
02-08 13:20:00.966   680   680 I ThermalEngine: set_point 44000
02-08 13:20:00.966   680   680 I ThermalEngine: set_point_clr 42000
02-08 13:20:00.966   680   680 I ThermalEngine: time_constant 0
02-08 13:20:00.966   680   680 I ThermalEngine: device_max_limit 1689600
02-08 13:20:00.966   680   680 I ThermalEngine: [SS-CASE-THERM]
02-08 13:20:00.966   680   680 I ThermalEngine: algo_type ss
02-08 13:20:00.966   680   680 I ThermalEngine: sampling 10000
02-08 13:20:00.966   680   680 I ThermalEngine: sensor quiet-therm-adc
02-08 13:20:00.966   680   680 I ThermalEngine: device cpu0
02-08 13:20:00.966   680   680 I ThermalEngine: set_point 42000
02-08 13:20:00.966   680   680 I ThermalEngine: set_point_clr 40000
02-08 13:20:00.966   680   680 I ThermalEngine: time_constant 0
02-08 13:20:00.967   680   680 I ThermalEngine: device_max_limit 1804800
02-08 13:20:00.967   680   680 E ThermalEngine: No speaker_cal config
02-08 13:20:00.971   570   570 I ServiceManager: Waiting for service 'DisplayFeatureQservice' on '/dev/vndbinder'...
02-08 13:20:00.975   560   560 D SDM     : HWCSession::RegisterCallback: Registering callback: Hotplug
02-08 13:20:00.976   560   560 I SDM     : HWCDisplay::GetHdrCapabilities: HDR is not supported
02-08 13:20:00.976   560   560 I SDM     : HWCDisplay::GetHdrCapabilities: HDR is not supported
02-08 13:20:00.976   602   602 E HWComposer: getSupportedPerFrameMetadata: getSupportedPerFrameMetadata failed for display 0: Unsupported (8)
02-08 13:20:00.982   680   832 I ThermalEngine: ADSP thermal mitigation available.
02-08 13:20:00.984   623   623 E Sensors : sns_debug_main.c(294):Debug Config File missing in EFS!
02-08 13:20:00.986   713   796 I ServiceManager: Waiting for service 'package_native' on '/dev/binder'...
02-08 13:20:01.007   560   560 D SDM     : HWCSession::RegisterCallback: Registering callback: Refresh
02-08 13:20:01.007   560   560 D SDM     : HWCSession::RegisterCallback: Registering callback: Vsync
02-08 13:20:01.010   680   832 I ThermalEngine: Mitigation:vdd_restriction[ADSP]:0 pending QMI request succeded
02-08 13:20:01.016   673   673 I adbd    : Calling send_auth_request...
02-08 13:20:01.024   829   829 I Atfwd_Daemon: *** Starting ATFWD-daemon *** 
02-08 13:20:01.024   829   829 I Atfwd_Daemon: init all signals
02-08 13:20:01.025   829   829 I Atfwd_Daemon: Explicitly disbling qmux 
02-08 13:20:01.025   829   829 I Atfwd_Daemon: Disabling QMUX complete...
02-08 13:20:01.025   829   829 I Atfwd_Daemon: getting at svc obj for access terminal QMI svc
02-08 13:20:01.025   829   829 I Atfwd_Daemon: 
