--------- beginning of main
01-18 04:36:06.657   452   452 I SELinux : SELinux: Loaded service_contexts from:
01-18 04:36:06.657   452   452 I SELinux :     /vendor/etc/selinux/vndservice_contexts
01-18 04:36:06.666   450   450 I SELinux : SELinux: Loaded service_contexts from:
01-18 04:36:06.668   450   450 I SELinux :     /system/etc/selinux/plat_service_contexts
01-18 04:35:57.933   449   449 W auditd  : type=2000 audit(0.0:1): initialized
01-18 04:36:03.659   449   449 I auditd  : type=1403 audit(0.0:2): policy loaded auid=4294967295 ses=4294967295
01-18 04:36:03.659   449   449 W auditd  : type=1404 audit(0.0:3): enforcing=1 old_enforcing=0 auid=4294967295 ses=4294967295
01-18 04:36:06.129     1     1 W init    : type=1400 audit(0.0:4): avc: denied { write } for name="alignment" dev="proc" ino=4026532047 scontext=u:r:init:s0 tcontext=u:object_r:proc:s0 tclass=file permissive=0
01-18 04:36:06.721   451   451 I hwservicemanager: hwservicemanager is ready now.
01-18 04:36:06.779   459   459 D QSEECOMD: : qseecom listener services process entry PPID = 1
01-18 04:36:06.779   459   459 E QSEECOMD: : Listener: index = 0, hierarchy = 0
01-18 04:36:06.785   459   459 D QSEECOMD: : Init dlopen(librpmb.so, RTLD_NOW) succeeds
01-18 04:36:06.785   459   459 D QSEECOMD: : Init::Init dlsym(g_FSHandle rpmb_init_service) succeeds
01-18 04:36:06.785   459   459 I rpmb_emmc: RPMB Mult (512-bytes sector) = 32768, Rel_sec_cnt = 32
01-18 04:36:06.785   459   459 E DrmLibRpmb: rpmb_init succeeded! with ret = 0
01-18 04:36:06.785   459   459 D QSEECOMD: : Init rpmb_init_service ret = 0
01-18 04:36:06.785   459   459 D QSEECOMD: : RPMB system services: init (Listener ID = 8192)
01-18 04:36:06.785   459   459 E QSEECOMD: : Listener: index = 1, hierarchy = 0
01-18 04:36:06.787   459   459 D QSEECOMD: : Init dlopen(libssd.so, RTLD_NOW) succeeds
01-18 04:36:06.787   459   459 D QSEECOMD: : Init::Init dlsym(g_FSHandle ssd_init_service) succeeds
01-18 04:36:06.787   459   459 E SSD     : ssd_init_service succeeded!
01-18 04:36:06.787   459   459 D QSEECOMD: : Init ssd_init_service ret = 0
01-18 04:36:06.787   459   459 D QSEECOMD: : SSD system services: init (Listener ID = 12288)
01-18 04:36:06.787   459   459 E QSEECOMD: : Listener: index = 2, hierarchy = 0
01-18 04:36:06.835   459   459 D QSEECOMD: : Init dlopen(libsecureui.so, RTLD_NOW) succeeds
01-18 04:36:06.835   459   459 D QSEECOMD: : Init::Init dlsym(g_FSHandle secure_ui_init) succeeds
01-18 04:36:06.835   459   459 D QSEECOMD: : Init secure_ui_init ret = 0
01-18 04:36:06.835   459   459 D QSEECOMD: : secure UI services: init (Listener ID = 16384)
01-18 04:36:06.835   459   459 D QSEECOMD: : qseecom listener service threads starting!!! 
01-18 04:36:06.835   459   459 D QSEECOMD: : Total listener services to start = 10
01-18 04:36:06.835   459   459 E QSEECOMD: : Listener: index = 0, hierarchy = 1
01-18 04:36:06.835   459   459 D QSEECOMD: : Init dlopen(librpmb.so, RTLD_NOW) succeeds
01-18 04:36:06.835   459   459 D QSEECOMD: : Init::Init dlsym(g_FSHandle rpmb_start) succeeds
01-18 04:36:06.835   459   459 D QSEECOMAPI: QSEECom_register_listener 8192 sb_length = 0x6400
01-18 04:36:06.836   459   459 D QSEECOMD: : Init rpmb_start ret = 0
01-18 04:36:06.836   459   459 D QSEECOMD: : RPMB system services: Started (Listener ID = 8192)
01-18 04:36:06.836   459   459 E QSEECOMD: : Listener: index = 1, hierarchy = 1
01-18 04:36:06.836   459   459 D QSEECOMD: : Init dlopen(libssd.so, RTLD_NOW) succeeds
01-18 04:36:06.836   459   459 D QSEECOMD: : Init::Init dlsym(g_FSHandle ssd_start) succeeds
01-18 04:36:06.836   459   459 D QSEECOMAPI: QSEECom_register_listener 12288 sb_length = 0x5000
01-18 04:36:06.837   459   459 D QSEECOMD: : Init ssd_start ret = 0
01-18 04:36:06.837   459   459 D QSEECOMD: : SSD system services: Started (Listener ID = 12288)
01-18 04:36:06.837   459   459 E QSEECOMD: : Listener: index = 2, hierarchy = 1
01-18 04:36:06.837   459   459 D QSEECOMD: : Init dlopen(libsecureui.so, RTLD_NOW) succeeds
01-18 04:36:06.837   459   459 D QSEECOMD: : Init::Init dlsym(g_FSHandle secure_ui_start) succeeds
01-18 04:36:06.837   459   459 D QSEECOMAPI: QSEECom_register_listener 16384 sb_length = 0x10a8
01-18 04:36:06.838   459   459 D QSEECOMD: : Init secure_ui_start ret = 0
01-18 04:36:06.838   459   459 D QSEECOMD: : secure UI services: Started (Listener ID = 16384)
01-18 04:36:06.838   459   459 E QSEECOMD: : Listener: index = 3, hierarchy = 1
01-18 04:36:06.843   459   459 D QSEECOMD: : Init dlopen(libdrmtime.so, RTLD_NOW) succeeds
01-18 04:36:06.843   459   459 D QSEECOMD: : Init::Init dlsym(g_FSHandle atime_start) succeeds
01-18 04:36:06.843   459   459 D DrmLibTime: QSEE Time Listener: atime_start
01-18 04:36:06.843   459   459 D QSEECOMAPI: QSEECom_register_listener 11 sb_length = 0x5000
01-18 04:36:06.844   459   459 D DrmLibTime: registering fs service to QSEECom is done!
01-18 04:36:06.844   459   459 D DrmLibTime: begin to create a thread!
01-18 04:36:06.844   459   459 D DrmLibTime: Creating a pthread in atime_start is done! return 0
01-18 04:36:06.844   459   459 D QSEECOMD: : Init atime_start ret = 0
01-18 04:36:06.844   459   459 D QSEECOMD: : time services: Started (Listener ID = 11)
01-18 04:36:06.844   459   459 E QSEECOMD: : Listener: index = 4, hierarchy = 1
01-18 04:36:06.844   459   465 D DrmLibTime: QSEE Time Listener: dispatch
01-18 04:36:06.844   459   465 D DrmLibTime: before calling ioctl to read the next time_cmd
01-18 04:36:06.844   459   459 D QSEECOMD: : Init dlopen(libdrmfs.so, RTLD_NOW) succeeds
01-18 04:36:06.844   459   459 D QSEECOMD: : Init::Init dlsym(g_FSHandle fs_start) succeeds
01-18 04:36:06.844   459   459 D QSEECOMAPI: QSEECom_register_listener 10 sb_length = 0x5000
01-18 04:36:06.845   459   459 D QSEECOMD: : Init fs_start ret = 0
01-18 04:36:06.845   459   459 D QSEECOMD: : file system services: Started (Listener ID = 10)
01-18 04:36:06.845   459   459 E QSEECOMD: : Listener: index = 5, hierarchy = 1
01-18 04:36:06.845   459   459 D QSEECOMD: : Init dlopen(libdrmfs.so, RTLD_NOW) succeeds
01-18 04:36:06.845   459   459 D QSEECOMD: : Init::Init dlsym(g_FSHandle gpfs_start) succeeds
01-18 04:36:06.848   459   459 D QSEECOMAPI: QSEECom_register_listener 28672 sb_length = 0x7e000
01-18 04:36:06.851   459   459 D QSEECOMD: : Init gpfs_start ret = 0
01-18 04:36:06.851   459   459 D QSEECOMD: : gpfile system services: Started (Listener ID = 28672)
01-18 04:36:06.851   459   459 E QSEECOMD: : Listener: index = 6, hierarchy = 1
01-18 04:36:06.854   459   459 D QSEECOMD: : Init dlopen(libqisl.so, RTLD_NOW) succeeds
01-18 04:36:06.855   459   459 D QSEECOMD: : Init::Init dlsym(g_FSHandle qisl_start) succeeds
--------- beginning of system
01-18 04:36:06.855   459   468 I QISL    : QSEE Interrupt Service Listener Thread is started
01-18 04:36:06.855   459   468 D QSEECOMAPI: QSEECom_register_listener 36864 sb_length = 0x1f4
01-18 04:36:06.855   459   468 I QISL    : QSEE Interrupt Service Listener was activated successfully
01-18 04:36:06.855   459   459 D QSEECOMD: : Init qisl_start ret = 0
01-18 04:36:06.855   459   459 D QSEECOMD: : interrupt services: Started (Listener ID = 36864)
01-18 04:36:06.855   459   459 E QSEECOMD: : Listener: index = 7, hierarchy = 1
01-18 04:36:06.856   459   459 E QSEECOMD: : Init dlopen(libspl.so, RLTD_NOW) is failed.... dlopen failed: library "libspl.so" not found
01-18 04:36:06.856   459   459 E QSEECOMD: : Listener: index = 8, hierarchy = 1
01-18 04:36:06.866   459   459 D QSEECOMD: : Init dlopen(libGPreqcancel.so, RTLD_NOW) succeeds
01-18 04:36:06.866   459   459 D QSEECOMD: : Init::Init dlsym(g_FSHandle gp_reqcancel_start) succeeds
01-18 04:36:06.866   459   459 D QSEECOMAPI: QSEECom_register_listener 4352 sb_length = 0x5000
01-18 04:36:06.885   459   459 D QSEECOMD: : Init gp_reqcancel_start ret = 0
01-18 04:36:06.885   459   459 D QSEECOMD: : gp request cancellation services: Started (Listener ID = 4352)
01-18 04:36:06.885   459   459 E QSEECOMD: : Listener: index = 9, hierarchy = 1
01-18 04:36:06.885   459   459 E QSEECOMD: : Init dlopen(libops.so, RLTD_NOW) is failed.... dlopen failed: library "libops.so" not found
01-18 04:36:06.886   459   459 D QSEECOMD: : QSEECOM DAEMON RUNNING 
01-18 04:36:08.003   475   475 D QSEECOMAPI: QSEECom_get_handle sb_length = 0xa000
01-18 04:36:08.003   475   475 D QSEECOMAPI: App is already loaded QSEE and app id = 65537
01-18 04:36:08.006   475   475 E KeymasterUtils: TA API Major Version: 4
01-18 04:36:08.006   475   475 E KeymasterUtils: TA API Minor Version: 0
01-18 04:36:08.006   475   475 E KeymasterUtils: TA Major Version: 4
01-18 04:36:08.006   475   475 E KeymasterUtils: TA Minor Version: 161
01-18 04:36:08.008   475   475 I ServiceManagement: Removing namespace from process name android.hardware.keymaster@4.0-service-qti to keymaster@4.0-service-qti.
01-18 04:36:08.040   474   474 D QSEECOMAPI: QSEECom_get_handle sb_length = 0xa000
01-18 04:36:08.040   474   474 D QSEECOMAPI: App is already loaded QSEE and app id = 65537
01-18 04:36:08.040   476   476 I vold    : Vold 3.0 (the awakening) firing up
01-18 04:36:08.041   474   474 E KeymasterUtils: TA API Major Version: 4
01-18 04:36:08.041   474   474 E KeymasterUtils: TA API Minor Version: 0
01-18 04:36:08.041   474   474 E KeymasterUtils: TA Major Version: 4
01-18 04:36:08.041   474   474 E KeymasterUtils: TA Minor Version: 161
01-18 04:36:08.041   476   476 V vold    : Detected support for: ext4 f2fs vfat exfat
01-18 04:36:08.042   474   474 I ServiceManagement: Removing namespace from process name android.hardware.gatekeeper@1.0-service-qti to gatekeeper@1.0-service-qti.
01-18 04:36:08.043   474   474 I android.hardware.gatekeeper@1.0-service: Registration complete for android.hardware.gatekeeper@1.0::IGatekeeper/default.
01-18 04:36:08.049   476   476 V vold    : Found unmanaged dm device named vroot
01-18 04:36:08.049   476   476 V vold    : Found unmanaged dm device named vendor
01-18 04:36:08.050   476   476 W vold    : Failed to LOOP_GET_STATUS64 /dev/block/loop2: No such device or address
01-18 04:36:08.050   476   476 W vold    : Failed to LOOP_GET_STATUS64 /dev/block/loop3: No such device or address
01-18 04:36:08.050   476   476 W vold    : Failed to LOOP_GET_STATUS64 /dev/block/loop4: No such device or address
01-18 04:36:08.050   476   476 W vold    : Failed to LOOP_GET_STATUS64 /dev/block/loop0: No such device or address
01-18 04:36:08.050   476   476 W vold    : Failed to LOOP_GET_STATUS64 /dev/block/loop7: No such device or address
01-18 04:36:08.050   476   476 W vold    : Failed to LOOP_GET_STATUS64 /dev/block/loop1: No such device or address
01-18 04:36:08.050   476   476 W vold    : Failed to LOOP_GET_STATUS64 /dev/block/loop5: No such device or address
01-18 04:36:08.050   476   476 W vold    : Failed to LOOP_GET_STATUS64 /dev/block/loop6: No such device or address
01-18 04:36:08.052   476   476 D vold    : VoldNativeService::start() completed OK
01-18 04:36:08.054   476   480 I vold    : e4crypt_initialize_global_de
01-18 04:36:08.054   476   480 D vold    : Key exists, using: /data/unencrypted/key
01-18 04:36:08.062   451   451 W hwservicemanager: getTransport: Cannot find entry android.hardware.keymaster@3.0::IKeymasterDevice/default in either framework or device manifest.
01-18 04:36:08.062   476   480 I vold    : List of Keymaster HALs found:
01-18 04:36:08.062   476   480 I vold    : Keymaster HAL #1: Keymaster HAL: 4 from QTI SecurityLevel: TRUSTED_ENVIRONMENT HAL: android.hardware.keymaster@4.0::IKeymasterDevice/default
01-18 04:36:08.063   476   480 D vold    : Computing HMAC with params { (seed: 528775925f4243f9327604217bcefa3515745d05270a71b69e44ffa53a1ecab, nonce: 80737826ceeda95126d5a7899f84b135e4376babe506e4933bd5afc9b9cc8) }
01-18 04:36:08.063   476   480 D vold    : Computing HMAC for Keymaster HAL: 4 from QTI SecurityLevel: TRUSTED_ENVIRONMENT HAL: android.hardware.keymaster@4.0::IKeymasterDevice/default
01-18 04:36:08.064   476   479 I vold    : Found disk at /devices/platform/soc/7864900.sdhci/mmc_host/mmc1/mmc1:0001/block/mmcblk1 but delaying scan due to secure keyguard
01-18 04:36:08.065   476   480 I vold    : Using Keymaster HAL: 4 from QTI for encryption.  Security level: TRUSTED_ENVIRONMENT, HAL: android.hardware.keymaster@4.0::IKeymasterDevice/default
01-18 04:36:08.070   476   480 D vold    : Added key 659994804 (ext4:238515ab0a32c552) to keyring 926144914 in process 476
01-18 04:36:08.071   476   480 D vold    : Added key 771256943 (f2fs:238515ab0a32c552) to keyring 926144914 in process 476
01-18 04:36:08.071   476   480 D vold    : Added key 972150165 (fscrypt:238515ab0a32c552) to keyring 926144914 in process 476
01-18 04:36:08.072   476   480 I vold    : Wrote system DE key reference to:/data/unencrypted/ref
01-18 04:36:08.223   476   476 D vold    : e4crypt_init_user0
01-18 04:36:08.223   476   476 D vold    : Preparing: /data/misc/vold/user_keys
01-18 04:36:08.226   476   476 D vold    : Preparing: /data/misc/vold/user_keys/ce
01-18 04:36:08.226   476   476 D vold    : Preparing: /data/misc/vold/user_keys/de
01-18 04:36:08.227   476   476 D vold    : Skipping non-de-key ..
01-18 04:36:08.234   451   451 W hwservicemanager: getTransport: Cannot find entry android.hardware.keymaster@3.0::IKeymasterDevice/default in either framework or device manifest.
01-18 04:36:08.234   476   476 I vold    : List of Keymaster HALs found:
01-18 04:36:08.234   476   476 I vold    : Keymaster HAL #1: Keymaster HAL: 4 from QTI SecurityLevel: TRUSTED_ENVIRONMENT HAL: android.hardware.keymaster@4.0::IKeymasterDevice/default
01-18 04:36:08.234   476   476 I vold    : Using Keymaster HAL: 4 from QTI for encryption.  Security level: TRUSTED_ENVIRONMENT, HAL: android.hardware.keymaster@4.0::IKeymasterDevice/default
01-18 04:36:08.239   476   476 D vold    : Added key 857330597 (ext4:17a6d4169972e295) to keyring 926144914 in process 476
01-18 04:36:08.239   476   476 D vold    : Added key 879959325 (f2fs:17a6d4169972e295) to keyring 926144914 in process 476
01-18 04:36:08.239   476   476 D vold    : Added key 833989304 (fscrypt:17a6d4169972e295) to keyring 926144914 in process 476
01-18 04:36:08.239   476   476 D vold    : Installed de key for user 0
01-18 04:36:08.240   476   476 D vold    : Skipping non-de-key .
01-18 04:36:08.240   476   476 D vold    : e4crypt_prepare_user_storage for volume null, user 0, serial 0, flags 1
01-18 04:36:08.240   476   476 D vold    : Preparing: /data/system/users/0
01-18 04:36:08.240   476   476 D vold    : Preparing: /data/misc/profiles/cur/0
01-18 04:36:08.241   476   476 D vold    : Preparing: /data/system_de/0
01-18 04:36:08.241   476   476 D vold    : Preparing: /data/misc_de/0
01-18 04:36:08.241   476   476 D vold    : Preparing: /data/vendor_de/0
01-18 04:36:08.242   476   476 D vold    : Preparing: /data/user_de/0
01-18 04:36:08.243   476   476 I vold    : Found policy 17a6d4169972e295 at /data/system_de/0 which matches expected value
01-18 04:36:08.244   476   476 I vold    : Found policy 17a6d4169972e295 at /data/misc_de/0 which matches expected value
01-18 04:36:08.244   476   476 I vold    : Found policy 17a6d4169972e295 at /data/vendor_de/0 which matches expected value
01-18 04:36:08.246   476   476 I vold    : Found policy 17a6d4169972e295 at /data/user_de/0 which matches expected value
01-18 04:36:08.246   476   476 V vold    : /system/bin/vold_prepare_subdirs
01-18 04:36:08.246   476   476 V vold    :     prepare
01-18 04:36:08.246   476   476 V vold    :     
01-18 04:36:08.246   476   476 V vold    :     0
01-18 04:36:08.246   476   476 V vold    :     1
01-18 04:36:08.277   476   476 I vold_prepare_subdirs: SELinux: Loaded file_contexts
01-18 04:36:08.284   488   488 D vold_prepare_subdirs: Setting up mode 700 uid 0 gid 0 context u:object_r:vold_data_file:s0 on path: /data/misc_de/0/vold
01-18 04:36:08.285   488   488 D vold_prepare_subdirs: Setting up mode 700 uid 0 gid 0 context u:object_r:storaged_data_file:s0 on path: /data/misc_de/0/storaged
01-18 04:36:08.286   488   488 D vold_prepare_subdirs: Setting up mode 700 uid 1000 gid 1000 context u:object_r:fingerprint_vendor_data_file:s0 on path: /data/vendor_de/0/fpdata
01-18 04:36:08.308   490   490 I /system/bin/tzdatacheck: timezone distro dir /data/misc/zoneinfo/current does not exist. No action required.
01-18 04:36:08.329   412   412 W init    : type=1400 audit(0.0:5): avc: denied { write } for name="/" dev="mmcblk0p62" ino=2 scontext=u:r:vendor_init:s0 tcontext=u:object_r:system_data_file:s0 tclass=dir permissive=0
01-18 04:36:08.329   412   412 W init    : type=1400 audit(0.0:6): avc: denied { write } for name="/" dev="mmcblk0p62" ino=2 scontext=u:r:vendor_init:s0 tcontext=u:object_r:system_data_file:s0 tclass=dir permissive=0
01-18 04:36:08.349   412   412 W init    : type=1400 audit(0.0:7): avc: denied { setattr } for name="tombstones" dev="mmcblk0p62" ino=3084289 scontext=u:r:vendor_init:s0 tcontext=u:object_r:tombstone_data_file:s0 tclass=dir permissive=0
01-18 04:36:08.349   412   412 W init    : type=1400 audit(0.0:8): avc: denied { write } for name="misc" dev="mmcblk0p62" ino=1028097 scontext=u:r:vendor_init:s0 tcontext=u:object_r:system_data_file:s0 tclass=dir permissive=0
01-18 04:36:08.546   491   491 I Netd    : Netd 1.0 starting
01-18 04:36:08.547   491   491 D TetherController: Setting IP forward enable = 0
01-18 04:36:08.580   502   502 I BOOT    : MSM target '', SoC 'QRD', HwID '353', SoC ver '65536'
01-18 04:36:08.582   491   491 I Netd    : Creating child chains: 29.4ms
01-18 04:36:08.582   491   491 I Netd    : Setting up OEM hooks: 0.2ms
01-18 04:36:08.582   491   491 I Netd    : Setting up FirewallController hooks: 0.0ms
01-18 04:36:08.584   491   491 I Netd    : Setting up TetherController hooks: 2.0ms
01-18 04:36:08.586   491   491 I Netd    : Setting up BandwidthController hooks: 1.9ms
01-18 04:36:08.586   491   491 I Netd    : Setting up IdletimerController hooks: 0.0ms
01-18 04:36:08.609   503   503 W DRM_BOOT: file: '/sys/module/drm/parameters/vblankoffdelay' or perms doesn't exist
01-18 04:36:08.635   491   491 I Netd    : initializing traffic control: 49.5ms
01-18 04:36:08.643   491   491 I Netd    : Disabling bandwidth control: 8.1ms
01-18 04:36:08.645   491   491 I Netd    : Initializing RouteController: 1.6ms
01-18 04:36:08.645   491   491 D XfrmController: Sending Netlink XFRM Message: XFRM_MSG_FLUSHSA
01-18 04:36:08.645   491   491 D XfrmController: Sending Netlink XFRM Message: XFRM_MSG_FLUSHPOLICY
01-18 04:36:08.645   491   491 I Netd    : Initializing XfrmController: 0.3ms
01-18 04:36:08.647   491   491 W IptablesRestoreController: iptables-restore process 499 terminated status=512
01-18 04:36:08.647   491   491 E IptablesRestoreController: iptables error:
01-18 04:36:08.647   491   491 E IptablesRestoreController: ------- COMMAND -------
01-18 04:36:08.647   491   491 E IptablesRestoreController: *mangle
01-18 04:36:08.647   491   491 E IptablesRestoreController: -D OUTPUT -j qos_rest_OUTPUT
01-18 04:36:08.647   491   491 E IptablesRestoreController: COMMIT
01-18 04:36:08.647   491   491 E IptablesRestoreController: 
01-18 04:36:08.647   491   491 E IptablesRestoreController: -------  ERROR -------
01-18 04:36:08.647   491   491 E IptablesRestoreController: iptables-restore v1.6.1: Couldn't find target `qos_rest_OUTPUT'
01-18 04:36:08.647   491   491 E IptablesRestoreController: 
01-18 04:36:08.647   491   491 E IptablesRestoreController: Error occurred at line: 177
01-18 04:36:08.647   491   491 E IptablesRestoreController: Try `iptables-restore -h' or 'iptables-restore --help' for more information.
01-18 04:36:08.647   491   491 E IptablesRestoreController: ----------------------
01-18 04:36:08.648   491   491 W IptablesRestoreController: iptables-restore process 500 terminated status=512
01-18 04:36:08.648   491   491 E IptablesRestoreController: iptables error:
01-18 04:36:08.648   491   491 E IptablesRestoreController: ------- COMMAND -------
01-18 04:36:08.648   491   491 E IptablesRestoreController: *mangle
01-18 04:36:08.648   491   491 E IptablesRestoreController: -D OUTPUT -j qos_rest_OUTPUT
01-18 04:36:08.648   491   491 E IptablesRestoreController: COMMIT
01-18 04:36:08.648   491   491 E IptablesRestoreController: 
01-18 04:36:08.648   491   491 E IptablesRestoreController: -------  ERROR -------
01-18 04:36:08.648   491   491 E IptablesRestoreController: ip6tables-restore v1.6.1: Couldn't find target `qos_rest_OUTPUT'
01-18 04:36:08.648   491   491 E IptablesRestoreController: 
01-18 04:36:08.648   491   491 E IptablesRestoreController: Error occurred at line: 150
01-18 04:36:08.648   491   491 E IptablesRestoreController: Try `ip6tables-restore -h' or 'ip6tables-restore --help' for more information.
01-18 04:36:08.648   491   491 E IptablesRestoreController: ----------------------
01-18 04:36:08.648   491   491 E qos_controller: iptables exec failed 20
01-18 04:36:08.672   491   491 E Netd    : Unable to create netlink socket: Protocol not supported
01-18 04:36:08.672   491   491 W Netd    : Unable to open qlog quota socket, check if xt_quota2 can send via UeventHandler
01-18 04:36:08.673   491   491 D MDnsDS  : MDnsSdListener::Hander starting up
01-18 04:36:08.673   491   516 D MDnsDS  : MDnsSdListener starting to monitor
01-18 04:36:08.673   491   516 D MDnsDS  : Going to poll with pollCount 1
01-18 04:36:08.676   491   491 I Netd    : Registering NetdNativeService: 3.5ms
01-18 04:36:08.677   491   491 I Netd    : Starting CommandListener: 0.3ms
01-18 04:36:08.679   491   491 I Netd    : Registering NetdHwService: 2.7ms
01-18 04:36:08.679   491   491 I Netd    : Netd started in 133ms
01-18 04:36:08.979   547   547 W init    : type=1400 audit(0.0:9): avc: denied { execute } for name="init.qti.can.sh" dev="dm-1" ino=409 scontext=u:r:init:s0 tcontext=u:object_r:vendor_file:s0 tclass=file permissive=0
01-18 04:36:09.029     1     1 W init    : type=1400 audit(0.0:10): avc: denied { read } for name="device" dev="sysfs" ino=34954 scontext=u:r:init:s0 tcontext=u:object_r:sysfs_graphics:s0 tclass=lnk_file permissive=0
01-18 04:36:09.029     1     1 I chatty  : uid=0(root) /init identical 1 line
01-18 04:36:09.029     1     1 W init    : type=1400 audit(0.0:12): avc: denied { read } for name="device" dev="sysfs" ino=34954 scontext=u:r:init:s0 tcontext=u:object_r:sysfs_graphics:s0 tclass=lnk_file permissive=0
01-18 04:36:09.106   550   550 D vendor.xiaomi.hardware.displayfeature@1.0-service: load hidl service displayfeaturecontrol!
01-18 04:36:09.106   551   551 I health@2.0/: health@2.0/backup: Hal starting main loop...
01-18 04:36:09.106   551   551 I health@2.0/: health@2.0/backup Hal is starting up...
01-18 04:36:09.117   451   451 W hwservicemanager: getTransport: Cannot find entry android.hardware.health@1.0::IHealth/default in either framework or device manifest.
01-18 04:36:09.119   551   551 I health@2.0/: health@2.0/backup: Hal init done
01-18 04:36:09.121   549   549 I ServiceManagement: Removing namespace from process name android.hidl.allocator@1.0-service to allocator@1.0-service.
01-18 04:36:09.130   552   552 I android.hardware.bluetooth@1.0-service: registering BT & FM services
01-18 04:36:09.171   565   565 D android.hardware.sensors@1.0-service: Init hw binder with mem size = 8
01-18 04:36:09.183   562   562 E light   : light_open lights keyboard failed: -22
01-18 04:36:09.184   562   562 E light   : Light passthrough failed to load legacy HAL.
01-18 04:36:09.184   562   562 E light   : light_open lights buttons failed: -22
01-18 04:36:09.184   562   562 E light   : Light passthrough failed to load legacy HAL.
01-18 04:36:09.185   562   562 E light   : light_open lights bluetooth failed: -22
01-18 04:36:09.185   562   562 E light   : Light passthrough failed to load legacy HAL.
01-18 04:36:09.185   562   562 E light   : light_open lights wifi failed: -22
01-18 04:36:09.185   562   562 E light   : Light passthrough failed to load legacy HAL.
01-18 04:36:09.186   562   562 I ServiceManagement: Removing namespace from process name android.hardware.light@2.0-service to light@2.0-service.
01-18 04:36:09.188   562   562 I android.hardware.light@2.0-service: Registration complete for android.hardware.light@2.0::ILight/default.
01-18 04:36:09.190   561   561 I health@2.0/: health@2.0/default: Hal starting main loop...
01-18 04:36:09.190   561   561 I health@2.0/: health@2.0/default Hal is starting up...
01-18 04:36:09.192   561   561 I ServiceManagement: Removing namespace from process name android.hardware.health@2.0-service to health@2.0-service.
01-18 04:36:09.194   550   550 D         : success to get servicemanager!
01-18 04:36:09.195   550   550 I ServiceManager: Waiting for service 'DisplayFeatureControl' on '/dev/binder'...
01-18 04:36:09.208   570   570 D vendor.xiaomi.hardware.displayfeatureqservice@1.0-service: register HIDL service displayfeatureqservice! 1
01-18 04:36:09.209   570   570 D vendor.xiaomi.hardware.displayfeatureqservice@1.0-service: register HIDL service displayfeatureqservice! 2
01-18 04:36:09.209   570   570 D vendor.xiaomi.hardware.displayfeatureqservice@1.0-service: register HIDL service displayfeatureqservice! 3
01-18 04:36:09.209   570   570 D vendor.xiaomi.hardware.displayfeatureqservice@1.0-service: register HIDL service displayfeatureqservice! 4
01-18 04:36:09.210   570   570 D         : DisplayFeatureQservice success to get servicemanager!
01-18 04:36:09.211   570   570 I ServiceManager: Waiting for service 'DisplayFeatureQservice' on '/dev/vndbinder'...
01-18 04:36:09.217   572   572 D vendor.qti.esepowermanager@1.0-service: loading eseservice
01-18 04:36:09.217   572   572 D QSEECOMAPI: QSEECom_get_handle sb_length = 0x400
01-18 04:36:09.217   572   572 D QSEECOMAPI: App is not loaded in QSEE
01-18 04:36:09.217   572   572 E QSEECOMAPI: Error::Cannot open the file /vendor/firmware_mnt/image/eseservice.mdt errno = 2
01-18 04:36:09.217   572   572 E QSEECOMAPI: Error::Loading image failed with ret = -1
01-18 04:36:09.217   572   572 D vendor.qti.esepowermanager@1.0-service: loading eseservice failed
01-18 04:36:09.217   572   572 D vendor.qti.esepowermanager@1.0-service: eSEPowerManager is starting
01-18 04:36:09.221   567   567 I ServiceManagement: Removing namespace from process name android.hardware.usb@1.0-service to usb@1.0-service.
01-18 04:36:09.226   567   567 I android.hardware.usb@1.0-service: USB HAL Ready.
01-18 04:36:09.237   561   561 I health@2.0/: health@2.0/default: Hal init done
01-18 04:36:09.243   572   572 I ServiceManagement: Removing namespace from process name vendor.qti.esepowermanager@1.0-service to esepowermanager@1.0-service.
01-18 04:36:09.248   563   563 I ServiceManagement: Removing namespace from process name android.hardware.memtrack@1.0-service to memtrack@1.0-service.
01-18 04:36:09.251   563   563 I android.hardware.memtrack@1.0-service: Registration complete for android.hardware.memtrack@1.0::IMemtrack/default.
01-18 04:36:09.255   568   568 D         : Vibrator using LED trigger
01-18 04:36:09.255   572   572 I vendor.qti.esepowermanager@1.0-service: Registration complete for vendor.qti.esepowermanager@1.0::IEsePowerManager/default.
01-18 04:36:09.257   574   574 I ServiceManagement: Removing namespace from process name vendor.qti.hardware.alarm@1.0-service to alarm@1.0-service.
01-18 04:36:09.259   574   574 I         : Registration complete for vendor.qti.hardware.alarm@1.0::IAlarm/default.
01-18 04:36:09.260   568   568 I ServiceManagement: Removing namespace from process name android.hardware.vibrator@1.0-service to vibrator@1.0-service.
01-18 04:36:09.260   554   554 D android.hardware.cas@1.0-service: android.hardware.cas@1.0-service starting...
01-18 04:36:09.261   568   568 I android.hardware.vibrator@1.0-service: Registration complete for android.hardware.vibrator@1.0::IVibrator/default.
01-18 04:36:09.261   557   557 D android.hardware.drm@1.1-service.clearkey: android.hardware.drm@1.1-service.clearkey starting...
01-18 04:36:09.262   557   557 I ServiceManagement: Removing namespace from process name android.hardware.drm@1.1-service.clearkey to drm@1.1-service.clearkey.
01-18 04:36:09.263   566   566 I ServiceManagement: Removing namespace from process name android.hardware.thermal@1.0-service to thermal@1.0-service.
01-18 04:36:09.263   556   556 D android.hardware.drm@1.0-service: android.hardware.drm@1.0-service starting...
01-18 04:36:09.265   554   554 I ServiceManagement: Removing namespace from process name android.hardware.cas@1.0-service to cas@1.0-service.
01-18 04:36:09.270   564   564 I QTI PowerHAL: Initing
01-18 04:36:09.290   581   581 I ServiceManagement: Removing namespace from process name vendor.xiaomi.hardware.misys@2.0-service to misys@2.0-service.
01-18 04:36:09.291   580   580 I ServiceManagement: Removing namespace from process name vendor.xiaomi.hardware.misys@1.0-service to misys@1.0-service.
01-18 04:36:09.292   576   576 D         : QdutilsDisp: svc service starting :)
01-18 04:36:09.293   576   576 I ServiceManagement: Removing namespace from process name vendor.qti.hardware.qdutils_disp@1.0-service-qti to qdutils_disp@1.0-service-qti.
01-18 04:36:09.295   553   553 I android.hardware.camera.provider@2.4-service: Camera provider Service is starting.
01-18 04:36:09.297   566   566 I android.hardware.thermal@1.0-service: Registration complete for android.hardware.thermal@1.0::IThermal/default.
01-18 04:36:09.298   550   550 I ServiceManager: Waiting for service 'DisplayFeatureControl' on '/dev/binder'...
01-18 04:36:09.299   552   552 I ServiceManagement: Removing namespace from process name android.hardware.bluetooth@1.0-service-qti to bluetooth@1.0-service-qti.
01-18 04:36:09.300   564   564 I ServiceManagement: Removing namespace from process name android.hardware.power@1.0-service to power@1.0-service.
01-18 04:36:09.304   559   559 I ServiceManagement: Removing namespace from process name android.hardware.graphics.allocator@2.0-service to allocator@2.0-service.
01-18 04:36:09.306   557   557 I ServiceManagement: Removing namespace from process name android.hardware.drm@1.1-service.clearkey to drm@1.1-service.clearkey.
01-18 04:36:09.306   558   558 D android.hardware.drm@1.0-service.widevine: android.hardware.drm@1.1-service.widevine starting...
01-18 04:36:09.307   558   558 I ServiceManagement: Removing namespace from process name android.hardware.drm@1.1-service.widevine to drm@1.1-service.widevine.
01-18 04:36:09.309   565   565 W android.hardwar: type=1400 audit(0.0:13): avc: denied { read write } for name="diag" dev="tmpfs" ino=1174 scontext=u:r:hal_sensors_default:s0 tcontext=u:object_r:diag_device:s0 tclass=chr_file permissive=0
01-18 04:36:09.310   586   586 I irsc_util: Starting irsc tool
01-18 04:36:09.311   570   570 I ServiceManager: Waiting for service 'DisplayFeatureQservice' on '/dev/vndbinder'...
01-18 04:36:09.313   587   587 I vendor.rmt_storage: Modem subsystem found on target!
01-18 04:36:09.313   587   587 I vendor.rmt_storage: Shared memory initialised successfully.
01-18 04:36:09.313   587   587 I vendor.rmt_storage: Registering modemst1: 0x4a /boot/modem_fs1
01-18 04:36:09.313   587   587 I vendor.rmt_storage: Registering modemst2: 0x4b /boot/modem_fs2
01-18 04:36:09.313   587   587 I vendor.rmt_storage: Registering fsc: 0xff /boot/modem_fsc
01-18 04:36:09.313   587   587 I vendor.rmt_storage: Registering fsg: 0x58 /boot/modem_fsg
01-18 04:36:09.313   587   587 I vendor.rmt_storage: 4 GPT partitions found
01-18 04:36:09.313   587   587 I vendor.rmt_storage: Capset success!
01-18 04:36:09.317   559   559 I android.hardware.graphics.allocator@2.0-service: Registration complete for android.hardware.graphics.allocator@2.0::IAllocator/default.
01-18 04:36:09.318   558   558 I ServiceManagement: Removing namespace from process name android.hardware.drm@1.1-service.widevine to drm@1.1-service.widevine.
01-18 04:36:09.319   564   564 I android.hardware.power@1.0-service: Registration complete for android.hardware.power@1.0::IPower/default.
01-18 04:36:09.319   565   565 E libsensor1: check_sensors_enabled: Sensors enabled = true
01-18 04:36:09.320   565   565 E Diag_Lib:  Diag_LSM_Init: Failed to open handle to diag driver, error = 13
01-18 04:36:09.322   599   599 D secureboot: read property from android: orange
01-18 04:36:09.325   586   586 I irsc_util: Num of entries:296
01-18 04:36:09.326   552   552 I         : Registration complete for android.hardware.bluetooth@1.0::IBluetoothHci/default.
01-18 04:36:09.328   571   571 I ServiceManagement: Removing namespace from process name vendor.display.color@1.0-service to color@1.0-service.
01-18 04:36:09.330   586   586 I irsc_util: Ending irsc tool
01-18 04:36:09.335   577   577 I ServiceManagement: Removing namespace from process name vendor.qti.hardware.qteeconnector@1.0-service to qteeconnector@1.0-service.
01-18 04:36:09.337   579   579 D         : tui_comm: svc service starting :)
01-18 04:36:09.337   579   579 I ServiceManagement: Removing namespace from process name vendor.qti.hardware.tui_comm@1.0-service-qti to tui_comm@1.0-service-qti.
01-18 04:36:09.338   578   578 D QSEECOMAPI: QSEECom_get_handle sb_length = 0xa000
01-18 04:36:09.339   578   578 D QSEECOMAPI: App is not loaded in QSEE
01-18 04:36:09.343   576   576 E         : Registered IQdutilsDisp HAL service success!
01-18 04:36:09.344   583   583 D GPTEEC  : [TEE_client_api.cpp:40 initTEEC] initTEEC
01-18 04:36:09.345   579   579 E         : Registered ITuiComm HAL service success!
01-18 04:36:09.346   578   578 D QSEECOMAPI: app_arch = 1, total_files = 8
01-18 04:36:09.346   595   595 D PcbaConfigSet: Before, get, [ro.boot.hwversion=], [ro.boot.hwc=], [ro.boot.hwlevel=], [ro.product.cert=]
01-18 04:36:09.347   595   595 D PcbaConfigSet: Hqtest, argc:1, argv[1]:(null)
01-18 04:36:09.347   595   595 D PcbaConfigSet: pcba_config:PCBA_OLIVELITE_MP_GLOBAL_B28
01-18 04:36:09.352   595   595 E libc    : Access denied finding property "ro.factory_version"
01-18 04:36:09.352   595   595 D PcbaConfigSet: split, arr[0]=PCBA
01-18 04:36:09.352   595   595 D PcbaConfigSet: split, arr[1]=OLIVELITE
01-18 04:36:09.352   595   595 D PcbaConfigSet: split, arr[2]=MP
01-18 04:36:09.352   595   595 D PcbaConfigSet: split, arr[3]=GLOBAL
01-18 04:36:09.352   595   595 D PcbaConfigSet: split, arr[4]=B28
01-18 04:36:09.352   595   595 D PcbaConfigSet: parse, aProduct=2116
01-18 04:36:09.352   595   595 D PcbaConfigSet: parse, country=2, hwc_value=Global, cert_value=M1908C3KH
01-18 04:36:09.352   595   595 D PcbaConfigSet: parse, bCountryBatch=29
01-18 04:36:09.352   595   595 D PcbaConfigSet: parse, cTinyBatch=0
01-18 04:36:09.352   595   595 D PcbaConfigSet: parse, hwversion_value=2116.29.0
01-18 04:36:09.352   595   595 D PcbaConfigSet: parse, hwclevel_value=MP
01-18 04:36:09.352   595   595 D PcbaConfigSet: After, get, [ro.boot.hwversion=2116.29.0], [ro.boot.hwc=Global], [ro.boot.hwlevel=MP], [ro.product.cert=M1908C3KH]
01-18 04:36:09.356   577   577 I ServiceManagement: Removing namespace from process name vendor.qti.hardware.qteeconnector@1.0-service to qteeconnector@1.0-service.
01-18 04:36:09.362   598   598 E SCANCODE_BIN: getinto scancode_bin!
01-18 04:36:09.362   552   552 I         : Registration complete for vendor.qti.hardware.fm@1.0::IFmHci/default.
01-18 04:36:09.362   569   569 I android.hardware.wifi@1.0-service: Wifi Hal is booting up...
01-18 04:36:09.362   573   573 I LocSvc_HIDL_vendor.qti.gnss@1.0-service: main
01-18 04:36:09.363   569   569 I ServiceManagement: Removing namespace from process name android.hardware.wifi@1.0-service to wifi@1.0-service.
01-18 04:36:09.366   451   451 W hwservicemanager: getTransport: Cannot find entry android.hardware.gnss@1.1::IGnss/default in either framework or device manifest.
01-18 04:36:09.367   592   592 I tftp_server: Initializing tftp_server RING buffer
01-18 04:36:09.367   592   592 I tftp_server: Starting...
01-18 04:36:09.368   598   598 D SCANCODE_BIN: ok
01-18 04:36:09.368   573   573 E LocSvc_HIDL_vendor.qti.gnss@1.0-service: Could not get passthrough implementation for android.hardware.gnss@1.1::IGnss/default.
01-18 04:36:09.368   573   573 W LocSvc_HIDL_vendor.qti.gnss@1.0-service: Failed to register IGnss 1.1 service: 1, try IGnss 1.0
01-18 04:36:09.371   596   596 I PerMgrSrv: Adding entry for modem : offTimeout : 500 ackTimeout : 200
01-18 04:36:09.372   555   555 W /vendor/bin/hw/android.hardware.configstore@1.1-service: Could not find seccomp policy file at: /vendor/etc/seccomp_policy/configstore@1.1.policy
01-18 04:36:09.372   555   555 I ServiceManagement: Removing namespace from process name android.hardware.configstore@1.1-service to configstore@1.1-service.
01-18 04:36:09.373   575   575 I ServiceManagement: Removing namespace from process name vendor.qti.hardware.perf@1.0-service to perf@1.0-service.
01-18 04:36:09.375   575   575 E vendor.qti.hardware.perf@1.0-service: Registered IPerf HAL service success!
01-18 04:36:09.380   548   548 D audiohalservice: Init hw binder with mem  size = 1024  
01-18 04:36:09.384   595   595 D PcbaConfigSet: PcbaConfigSet before NV
01-18 04:36:09.390   596   596 I PerMgrSrv: Peripheral Mananager service start
01-18 04:36:09.390   596   596 I PerMgrSrv: power-off timeout 500,ms; event-ack timeout 200,ms; debug-mode false
01-18 04:36:09.390   596   596 I PerMgrSrv: Statistics for : modem
01-18 04:36:09.390   596   596 I PerMgrSrv: modem: Current State : is off-line
01-18 04:36:09.390   596   596 I PerMgrSrv: modem: Voter/Listener count : 0/0
01-18 04:36:09.390   596   596 I PerMgrSrv: modem: Power on count : 0
01-18 04:36:09.390   596   596 I PerMgrSrv: modem: Power off count: 0
01-18 04:36:09.390   596   596 I PerMgrSrv: modem: Client list:
01-18 04:36:09.393   596   617 I PerMgrSrv: QMI service start
01-18 04:36:09.398   550   550 I ServiceManager: Waiting for service 'DisplayFeatureControl' on '/dev/binder'...
01-18 04:36:09.412   570   570 I ServiceManager: Waiting for service 'DisplayFeatureQservice' on '/dev/vndbinder'...
01-18 04:36:09.416   548   548 I ServiceManagement: Removing namespace from process name android.hardware.audio@2.0-service to audio@2.0-service.
01-18 04:36:09.417   548   548 I audiohalservice: Registration complete for android.hardware.audio@4.0::IDevicesFactory/default.
01-18 04:36:09.420   451   451 W hwservicemanager: getTransport: Cannot find entry android.hardware.thermal@1.1::IThermal/default in either framework or device manifest.
01-18 04:36:09.421   603   603 W thermalserviced: Unable to get Thermal HAL V1.1, vendor thermal event notification not available
01-18 04:36:09.422   556   556 I ServiceManagement: Removing namespace from process name android.hardware.drm@1.0-service to drm@1.0-service.
01-18 04:36:09.424   556   556 I android.hardware.drm@1.0-service: Registration complete for android.hardware.drm@1.0::IDrmFactory/default.
01-18 04:36:09.427   556   556 I ServiceManagement: Removing namespace from process name android.hardware.drm@1.0-service to drm@1.0-service.
01-18 04:36:09.427   573   573 I LocSvc_HIDL_vendor.qti.gnss@1.0-service: Registration complete for android.hardware.gnss@1.0::IGnss/default.
01-18 04:36:09.428   556   556 I android.hardware.drm@1.0-service: Registration complete for android.hardware.drm@1.0::ICryptoFactory/default.
01-18 04:36:09.432   601   601 I lowmemorykiller: Using in-kernel low memory killer interface
01-18 04:36:09.435   592   592 I tftp_server: pid=592 tid=592 tftp-server : INF :[tftp_os_la.c, 118] mkdir failed: [2] [/data/vendor/tombstones/rfs/modem] [No such file or directory]
01-18 04:36:09.435   592   592 I tftp_server: pid=592 tid=592 tftp-server : INF :[tftp_os_la.c, 118] mkdir failed: [13] [/data/vendor/tombstones/rfs] [Permission denied]
01-18 04:36:09.435   592   592 E tftp_server: pid=592 tid=592 tftp-server : ERR :[tftp_server_folders_la.c, 174] Failed to auto_dir for(/data/vendor/tombstones/rfs/modem/) errno = -13 (Permission denied
01-18 04:36:09.435   592   592 I tftp_server: pid=592 tid=592 tftp-server : INF :[tftp_os_la.c, 118] mkdir failed: [2] [/data/vendor/tombstones/rfs/modem/] [No such file or directory]
01-18 04:36:09.435   592   592 I tftp_server: pid=592 tid=592 tftp-server : INF :[tftp_os_la.c, 118] mkdir failed: [2] [/data/vendor/tombstones/rfs/lpass] [No such file or directory]
01-18 04:36:09.435   592   592 I tftp_server: pid=592 tid=592 tftp-server : INF :[tftp_os_la.c, 118] mkdir failed: [13] [/data/vendor/tombstones/rfs] [Permission denied]
01-18 04:36:09.435   592   592 E tftp_server: pid=592 tid=592 tftp-server : ERR :[tftp_server_folders_la.c, 174] Failed to auto_dir for(/data/vendor/tombstones/rfs/lpass/) errno = -13 (Permission denied
01-18 04:36:09.435   592   592 I tftp_server: pid=592 tid=592 tftp-server : INF :[tftp_os_la.c, 118] mkdir failed: [2] [/data/vendor/tombstones/rfs/lpass/] [No such file or directory]
01-18 04:36:09.435   592   592 I tftp_server: pid=592 tid=592 tftp-server : INF :[tftp_os_la.c, 118] mkdir failed: [2] [/data/vendor/tombstones/rfs/tn] [No such file or directory]
01-18 04:36:09.436   592   592 I tftp_server: pid=592 tid=592 tftp-server : INF :[tftp_os_la.c, 118] mkdir failed: [13] [/data/vendor/tombstones/rfs] [Permission denied]
01-18 04:36:09.436   592   592 E tftp_server: pid=592 tid=592 tftp-server : ERR :[tftp_server_folders_la.c, 174] Failed to auto_dir for(/data/vendor/tombstones/rfs/tn/) errno = -13 (Permission denied)
01-18 04:36:09.436   592   592 I tftp_server: pid=592 tid=592 tftp-server : INF :[tftp_os_la.c, 118] mkdir failed: [2] [/data/vendor/tombstones/rfs/tn/] [No such file or directory]
01-18 04:36:09.436   592   592 I tftp_server: pid=592 tid=592 tftp-server : INF :[tftp_os_la.c, 118] mkdir failed: [2] [/data/vendor/tombstones/rfs/slpi] [No such file or directory]
01-18 04:36:09.436   592   592 I tftp_server: pid=592 tid=592 tftp-server : INF :[tftp_os_la.c, 118] mkdir failed: [13] [/data/vendor/tombstones/rfs] [Permission denied]
01-18 04:36:09.436   592   592 E tftp_server: pid=592 tid=592 tftp-server : ERR :[tftp_server_folders_la.c, 174] Failed to auto_dir for(/data/vendor/tombstones/rfs/slpi/) errno = -13 (Permission denied)
01-18 04:36:09.436   592   592 I tftp_server: pid=592 tid=592 tftp-server : INF :[tftp_os_la.c, 118] mkdir failed: [2] [/data/vendor/tombstones/rfs/slpi/] [No such file or directory]
01-18 04:36:09.436   592   592 I tftp_server: pid=592 tid=592 tftp-server : INF :[tftp_os_la.c, 118] mkdir failed: [2] [/data/vendor/tombstones/rfs/cdsp] [No such file or directory]
01-18 04:36:09.436   592   592 I tftp_server: pid=592 tid=592 tftp-server : INF :[tftp_os_la.c, 118] mkdir failed: [13] [/data/vendor/tombstones/rfs] [Permission denied]
01-18 04:36:09.436   592   592 E tftp_server: pid=592 tid=592 tftp-server : ERR :[tftp_server_folders_la.c, 174] Failed to auto_dir for(/data/vendor/tombstones/rfs/cdsp/) errno = -13 (Permission denied)
01-18 04:36:09.436   592   592 I tftp_server: pid=592 tid=592 tftp-server : INF :[tftp_os_la.c, 118] mkdir failed: [2] [/data/vendor/tombstones/rfs/cdsp/] [No such file or directory]
01-18 04:36:09.436   592   592 E tftp_server: pid=592 tid=592 tftp-server : ERR :[tftp_server.c, 732] Attempting to continue.... some paths maybe inaccessible.
01-18 04:36:09.448   548   548 I audiohalservice: Registration complete for android.hardware.audio.effect@4.0::IEffectsFactory/default.
01-18 04:36:09.461   582   582 E MTServiceDaemon: ret: -1, isdir: 0, rwx: 0, uid: 1000, gid: 1000
01-18 04:36:09.462   582   582 E MTServiceDaemon: no actually change for debugging
01-18 04:36:09.462   582   582 E MTServiceDaemon: ret: -1, isdir: 0, rwx: 0, uid: 1000, gid: 1000
01-18 04:36:09.462   582   582 E MTServiceDaemon: no actually change for debugging
01-18 04:36:09.462   582   582 E MTServiceDaemon: ret: -1, isdir: 0, rwx: 0, uid: 1000, gid: 1000
01-18 04:36:09.462   582   582 E MTServiceDaemon: no actually change for debugging
01-18 04:36:09.462   582   582 E MTServiceDaemon: ret: -1, isdir: 0, rwx: 0, uid: 1000, gid: 1000
01-18 04:36:09.462   582   582 E MTServiceDaemon: no actually change for debugging
01-18 04:36:09.462   582   582 E MTServiceDaemon: ret: -1, isdir: 0, rwx: 0, uid: 1000, gid: 1000
01-18 04:36:09.462   582   582 E MTServiceDaemon: no actually change for debugging
01-18 04:36:09.462   582   582 E MTServiceDaemon: ret: -1, isdir: 0, rwx: 0, uid: 1000, gid: 1000
01-18 04:36:09.462   582   582 E MTServiceDaemon: no actually change for debugging
01-18 04:36:09.462   582   582 D MTServiceDaemon: has change
01-18 04:36:09.462   582   582 D QSEECOMAPI: QSEECom_get_handle sb_length = 0x2080
01-18 04:36:09.462   582   582 D QSEECOMAPI: App is not loaded in QSEE
01-18 04:36:09.466   582   582 D QSEECOMAPI: app_arch = 1, total_files = 8
01-18 04:36:09.481   492   492 D AndroidRuntime: >>>>>> START com.android.internal.os.ZygoteInit uid 0 <<<<<<
01-18 04:36:09.487   578   578 D QSEECOMAPI: Loaded image: APP id = 131074
01-18 04:36:09.488   548   548 D sound_trigger_hw: stdev_open: Enter
01-18 04:36:09.490   625   625 E libc    : Access denied finding property "persist.serial.enable"
01-18 04:36:09.493   560   560 I SDM     : HWCSession::StartServices: IDisplayConfig service registration completed.
01-18 04:36:09.501   550   550 I ServiceManager: Waiting for service 'DisplayFeatureControl' on '/dev/binder'...
01-18 04:36:09.512   560   631 W SDM     : HWCSession::UEventThread: UEvent dropped. No uevent listener.
01-18 04:36:09.512   560   631 W SDM     : HWCSession::UEventThread: UEvent dropped. No uevent listener.
01-18 04:36:09.513   570   570 I ServiceManager: Waiting for service 'DisplayFeatureQservice' on '/dev/vndbinder'...
01-18 04:36:09.513   560   631 W SDM     : HWCSession::UEventThread: UEvent dropped. No uevent listener.
01-18 04:36:09.514   560   631 I chatty  : uid=1000(system) HWC_UeventThrea identical 2 lines
01-18 04:36:09.515   560   631 W SDM     : HWCSession::UEventThread: UEvent dropped. No uevent listener.
01-18 04:36:09.515   578   578 D vendor.qti.hardware.soter@1.0-service: soter: svc service starting.
01-18 04:36:09.516   560   631 W SDM     : HWCSession::UEventThread: UEvent dropped. No uevent listener.
01-18 04:36:09.516   578   578 I ServiceManagement: Removing namespace from process name vendor.qti.hardware.soter@1.0-service to soter@1.0-service.
01-18 04:36:09.516   560   631 W SDM     : HWCSession::UEventThread: UEvent dropped. No uevent listener.
01-18 04:36:09.516   560   631 W SDM     : HWCSession::UEventThread: UEvent dropped. No uevent listener.
01-18 04:36:09.517   578   578 E vendor.qti.hardware.soter@1.0-service: Registered SOTER HAL service success
01-18 04:36:09.517   560   631 W SDM     : HWCSession::UEventThread: UEvent dropped. No uevent listener.
01-18 04:36:09.526   560   631 I chatty  : uid=1000(system) HWC_UeventThrea identical 17 lines
01-18 04:36:09.527   560   631 W SDM     : HWCSession::UEventThread: UEvent dropped. No uevent listener.
01-18 04:36:09.527   560   560 I SDM     : ExtensionInterface::CreateExtensionInterface: 
01-18 04:36:09.527   560   560 I SDM     : SDM-EXTENSION Version: Date: 01/07/20, Commit: d196d05, Change: Ia1413862c2
01-18 04:36:09.527   560   631 W SDM     : HWCSession::UEventThread: UEvent dropped. No uevent listener.
01-18 04:36:09.528   560   560 I SDM     : HWInfo::GetHWResourceInfo: SDE Version = 5, SDE Revision = 100e0000, RGB = 2, VIG = 1, DMA = 1, Cursor = 1
01-18 04:36:09.528   560   631 W SDM     : HWCSession::UEventThread: UEvent dropped. No uevent listener.
01-18 04:36:09.528   560   560 I SDM     : HWInfo::GetHWResourceInfo: Upscale Ratio = 20, Downscale Ratio = 4, Blending Stages = 4
01-18 04:36:09.528   560   560 I SDM     : HWInfo::GetHWResourceInfo: SourceSplit = 0 QSEED3 = 0
01-18 04:36:09.528   560   560 I SDM     : HWInfo::GetHWResourceInfo: BWC = 0, UBWC = 1, Decimation = 1, Tile Format = 0 Concurrent Writeback = 0
01-18 04:36:09.528   560   560 I SDM     : HWInfo::GetHWResourceInfo: MaxLowBw = 3100000 , MaxHighBw = 3100000
01-18 04:36:09.528   560   560 I SDM     : HWInfo::GetHWResourceInfo: MaxPipeBw = 1374389534722300000 KBps, MaxSDEClock = 4607407598566637568 Hz, ClockFudgeFactor = 0.000000
01-18 04:36:09.528   560   560 I SDM     : HWInfo::GetHWResourceInfo: Prefill factors: Tiled_NV12 = 8, Tiled = 4, Linear = 1, Scale = 1, Fudge_factor = 2
01-18 04:36:09.528   560   560 I SDM     : HWInfo::GetMDSSRotatorInfo: MDSS Rotator: Count = 1, Downscale = 1, Min_downscale = 2.000000
01-18 04:36:09.529   560   560 I SDM     : HWInfo::GetHWResourceInfo: Has Support for multiple bw limits shown below
01-18 04:36:09.529   560   560 I SDM     : HWInfo::GetHWResourceInfo: Mode-index=0  total_bw_limit=3100000 and pipe_bw_limit=2300000
01-18 04:36:09.529   560   560 I SDM     : HWInfo::GetHWResourceInfo: Mode-index=1  total_bw_limit=1700000 and pipe_bw_limit=2300000
01-18 04:36:09.529   560   560 I SDM     : HWInfo::GetHWResourceInfo: Mode-index=2  total_bw_limit=3100000 and pipe_bw_limit=2300000
01-18 04:36:09.529   560   560 I SDM     : HWInfo::GetHWResourceInfo: Mode-index=3  total_bw_limit=3100000 and pipe_bw_limit=2300000
01-18 04:36:09.529   560   631 W SDM     : HWCSession::UEventThread: UEvent dropped. No uevent listener.
01-18 04:36:09.529   560   560 I SDM     : SessionManager::SessionManager: Allocate buffers synchronously = 0
01-18 04:36:09.529   560   631 W SDM     : HWCSession::UEventThread: UEvent dropped. No uevent listener.
01-18 04:36:09.541   560   631 I chatty  : uid=1000(system) HWC_UeventThrea identical 19 lines
01-18 04:36:09.542   560   631 W SDM     : HWCSession::UEventThread: UEvent dropped. No uevent listener.
01-18 04:36:09.544   582   582 D QSEECOMAPI: Loaded image: APP id = 196611
01-18 04:36:09.544   548   548 D sound_trigger_hw: load_audio_hal: ahal is using proprietary API version 0x0101
01-18 04:36:09.545   548   548 I sound_trigger_platform: platform_stdev_init: Enter
